warning: Using load_yaml() directly is deprecated. Use xacro.load_yaml() instead.
[INFO] [launch.user]: Vision run logs: /home/user/ros2_ws/src/computer_vision_model/logs/20260929_195121_658754
[INFO] [robot_state_publisher-1]: process started with pid [55464]
[INFO] [move_group-2]: process started with pid [55466]
[INFO] [solution_joint_state_node-3]: process started with pid [55468]
[INFO] [rviz2-4]: process started with pid [55470]
[INFO] [static_transform_publisher-5]: process started with pid [55472]
[INFO] [static_transform_publisher-6]: process started with pid [55474]
[INFO] [astra_camera_node-7]: process started with pid [55476]
[INFO] [rgbd_capture_node-8]: process started with pid [55478]
[INFO] [fruit_detection_node-9]: process started with pid [55506]
[INFO] [camera_to_base_node-10]: process started with pid [55508]
[static_transform_publisher-5] [0m[INFO] [1790711483.690105175] [vision_camera_mount_tf]: Spinning until stopped - publishing transform
[static_transform_publisher-5] translation: ('-0.246900', '-0.506900', '0.228000')
[static_transform_publisher-5] rotation: ('-0.059865', '0.144527', '0.377972', '0.912505')
[static_transform_publisher-5] from 'base_link' to 'camera_link'[0m
[static_transform_publisher-6] [0m[INFO] [1790711483.910148332] [vision_camera_optical_tf]: Spinning until stopped - publishing transform
[static_transform_publisher-6] translation: ('0.000000', '0.000000', '0.000000')
[static_transform_publisher-6] rotation: ('-0.500000', '0.500000', '-0.500000', '0.500000')
[static_transform_publisher-6] from 'camera_link' to 'camera_color_optical_frame'[0m
[rviz2-4] QStandardPaths: XDG_RUNTIME_DIR not set, defaulting to '/tmp/runtime-user'
[astra_camera_node-7] Warning: class_loader.impl: SEVERE WARNING!!! A namespace collision has occurred with plugin factory for class rclcpp_components::NodeFactoryTemplate<astra_camera::OBCameraNodeFactory>. New factory will OVERWRITE existing one. This situation occurs when libraries containing plugins are directly linked against an executable (the one running right now generating this message). Please separate plugins out into their own library or just don't link against the library and use either class_loader::ClassLoader/MultiLibraryClassLoader to open.
[astra_camera_node-7]          at line 253 in /opt/ros/humble/include/class_loader/class_loader/class_loader_core.hpp
[robot_state_publisher-1] [0m[INFO] [1790711484.978317715] [robot_state_publisher]: got segment base_link[0m
[robot_state_publisher-1] [0m[INFO] [1790711484.978599595] [robot_state_publisher]: got segment link_1[0m
[robot_state_publisher-1] [0m[INFO] [1790711484.978637415] [robot_state_publisher]: got segment link_2[0m
[robot_state_publisher-1] [0m[INFO] [1790711484.978659835] [robot_state_publisher]: got segment link_3[0m
[robot_state_publisher-1] [0m[INFO] [1790711484.978679477] [robot_state_publisher]: got segment link_4[0m
[robot_state_publisher-1] [0m[INFO] [1790711484.978698451] [robot_state_publisher]: got segment link_5[0m
[robot_state_publisher-1] [0m[INFO] [1790711484.978717182] [robot_state_publisher]: got segment link_6[0m
[robot_state_publisher-1] [0m[INFO] [1790711484.978736360] [robot_state_publisher]: got segment world[0m
[move_group-2] [0m[INFO] [1790711485.452110890] [moveit_rdf_loader.rdf_loader]: Loaded robot model in 0.741045 seconds[0m
[move_group-2] [0m[INFO] [1790711485.452337458] [moveit_robot_model.robot_model]: Loading robot model 'robot_arm'...[0m
[move_group-2] [0m[INFO] [1790711485.452368507] [moveit_robot_model.robot_model]: No root/virtual joint specified in SRDF. Assuming fixed joint[0m
[move_group-2] [33m[WARN] [1790711485.725367669] [moveit_robot_model.robot_model]: Could not identify parent group for end-effector 'fork'[0m
[astra_camera_node-7] [0m[INFO] [1790711485.810964179] [camera.camera]: init done.[0m
[astra_camera_node-7] [0m[INFO] [1790711485.811447522] [camera.camera]: Waiting for device connection...[0m
[astra_camera_node-7] [0m[INFO] [1790711485.811625073] [device_listener]: Found 1 devices[0m
[astra_camera_node-7] [0m[INFO] [1790711485.811686911] [camera.camera]: Trying to open device: 2bc5/0403@1/63[0m
[rgbd_capture_node-8] [0m[INFO] [1790711485.975664302] [rgbd_capture_node]: RGB-only capture node ready[0m
[rgbd_capture_node-8] [0m[INFO] [1790711485.976017140] [rgbd_capture_node]:   RGB:        /camera/color/image_raw[0m
[rgbd_capture_node-8] [0m[INFO] [1790711485.976059054] [rgbd_capture_node]:   Depth:      /camera/depth/image_raw[0m
[rgbd_capture_node-8] [0m[INFO] [1790711485.976084754] [rgbd_capture_node]:   CameraInfo: /camera/color/camera_info[0m
[rgbd_capture_node-8] [0m[INFO] [1790711485.976107271] [rgbd_capture_node]:   Output:     /home/user/ros2_ws/src/computer_vision_model/logs/20260929_195121_658754/captures[0m
[astra_camera_node-7] [0m[INFO] [1790711486.147324218] [camera.camera]: Device connected: Astra serial number: 17122220365[0m
[astra_camera_node-7] [0m[INFO] [1790711486.147450193] [camera.camera]: starting device [0m
[astra_camera_node-7] [0m[INFO] [1790711486.169059389] [camera.camera]: depth is not enable[0m
[astra_camera_node-7] [0m[INFO] [1790711486.169233795] [camera.camera]: ir is not enable[0m
[move_group-2] [0m[INFO] [1790711486.471384190] [moveit_ros.planning_scene_monitor.planning_scene_monitor]: Publishing maintained planning scene on 'monitored_planning_scene'[0m
[move_group-2] [0m[INFO] [1790711486.471804643] [moveit.ros_planning_interface.moveit_cpp]: Listening to 'joint_states' for joint states[0m
[move_group-2] [0m[INFO] [1790711486.478111814] [moveit_ros.current_state_monitor]: Listening to joint states on topic 'joint_states'[0m
[move_group-2] [0m[INFO] [1790711486.485637271] [moveit_ros.planning_scene_monitor.planning_scene_monitor]: Listening to '/attached_collision_object' for attached collision objects[0m
[move_group-2] [0m[INFO] [1790711486.485697681] [moveit_ros.planning_scene_monitor.planning_scene_monitor]: Starting planning scene monitor[0m
[move_group-2] [0m[INFO] [1790711486.490403997] [moveit_ros.planning_scene_monitor.planning_scene_monitor]: Listening to '/planning_scene'[0m
[move_group-2] [0m[INFO] [1790711486.490465473] [moveit_ros.planning_scene_monitor.planning_scene_monitor]: Starting world geometry update monitor for collision objects, attached objects, octomap updates.[0m
[move_group-2] [0m[INFO] [1790711486.498471569] [moveit_ros.planning_scene_monitor.planning_scene_monitor]: Listening to 'collision_object'[0m
[move_group-2] [0m[INFO] [1790711486.504812691] [moveit_ros.planning_scene_monitor.planning_scene_monitor]: Listening to 'planning_scene_world' for planning scene world geometry[0m
[move_group-2] [33m[WARN] [1790711486.506856345] [moveit.ros.occupancy_map_monitor.middleware_handle]: Resolution not specified for Octomap. Assuming resolution = 0.1 instead[0m
[move_group-2] [31m[ERROR] [1790711486.506905172] [moveit.ros.occupancy_map_monitor.middleware_handle]: No 3D sensor plugin(s) defined for octomap updates[0m
[move_group-2] [0m[INFO] [1790711486.594751555] [moveit.ros_planning_interface.moveit_cpp]: Loading planning pipeline 'chomp'[0m
[move_group-2] [0m[INFO] [1790711486.680174761] [moveit.ros_planning.planning_pipeline]: Using planning interface 'CHOMP'[0m
[astra_camera_node-7] [0m[INFO] [1790711486.731125547] [camera.camera]: open uvc camera[0m
[move_group-2] [0m[INFO] [1790711486.776057497] [moveit_ros.add_time_optimal_parameterization]: Param 'chomp.path_tolerance' was not set. Using default value: 0.100000[0m
[move_group-2] [0m[INFO] [1790711486.779788011] [moveit_ros.add_time_optimal_parameterization]: Param 'chomp.resample_dt' was not set. Using default value: 0.100000[0m
[move_group-2] [0m[INFO] [1790711486.779830953] [moveit_ros.add_time_optimal_parameterization]: Param 'chomp.min_angle_change' was not set. Using default value: 0.001000[0m
[move_group-2] [0m[INFO] [1790711486.779937943] [moveit_ros.fix_workspace_bounds]: Param 'chomp.default_workspace_bounds' was not set. Using default value: 10.000000[0m
[move_group-2] [0m[INFO] [1790711486.779997061] [moveit_ros.fix_start_state_bounds]: Param 'chomp.start_state_max_bounds_error' was set to 0.100000[0m
[move_group-2] [0m[INFO] [1790711486.781466895] [moveit_ros.fix_start_state_bounds]: Param 'chomp.start_state_max_dt' was not set. Using default value: 0.500000[0m
[move_group-2] [0m[INFO] [1790711486.781573040] [moveit_ros.fix_start_state_collision]: Param 'chomp.start_state_max_dt' was not set. Using default value: 0.500000[0m
[move_group-2] [0m[INFO] [1790711486.781631182] [moveit_ros.fix_start_state_collision]: Param 'chomp.jiggle_fraction' was set to 0.050000[0m
[move_group-2] [0m[INFO] [1790711486.781656736] [moveit_ros.fix_start_state_collision]: Param 'chomp.max_sampling_attempts' was not set. Using default value: 100[0m
[move_group-2] [0m[INFO] [1790711486.781735287] [moveit.ros_planning.planning_pipeline]: Using planning request adapter 'Add Time Optimal Parameterization'[0m
[move_group-2] [0m[INFO] [1790711486.781756179] [moveit.ros_planning.planning_pipeline]: Using planning request adapter 'Resolve constraint frames to robot links'[0m
[move_group-2] [0m[INFO] [1790711486.781803364] [moveit.ros_planning.planning_pipeline]: Using planning request adapter 'Fix Workspace Bounds'[0m
[move_group-2] [0m[INFO] [1790711486.781817821] [moveit.ros_planning.planning_pipeline]: Using planning request adapter 'Fix Start State Bounds'[0m
[move_group-2] [0m[INFO] [1790711486.781830907] [moveit.ros_planning.planning_pipeline]: Using planning request adapter 'Fix Start State In Collision'[0m
[move_group-2] [0m[INFO] [1790711486.783244810] [moveit.ros_planning.planning_pipeline]: Using planning request adapter 'Fix Start State Path Constraints'[0m
[astra_camera_node-7] [0m[INFO] [1790711486.815154847] [camera.camera]: uvc config: vendor_id: 2bc5
[astra_camera_node-7] product_id: 501
[astra_camera_node-7] width: 640
[astra_camera_node-7] height: 480
[astra_camera_node-7] fps: 30
[astra_camera_node-7] serial_number: 17122220365
[astra_camera_node-7] format: mjpeg
[astra_camera_node-7] frame_id: camera_color_frame
[astra_camera_node-7] optical_frame_id : camera_color_optical_frame
[astra_camera_node-7] [0m
[astra_camera_node-7] [0m[INFO] [1790711486.835170633] [camera.camera]: open camera success[0m
[astra_camera_node-7] [31m[ERROR] [1790711486.835342518] [camera.camera]: Enabling image registration mode failed: 
[astra_camera_node-7] 	Device.setProperty(5) failed
[astra_camera_node-7] 
[astra_camera_node-7] 
[astra_camera_node-7] [0m
[astra_camera_node-7] [0m[INFO] [1790711486.835430389] [camera.camera]: Start UVC camera[0m
[move_group-2] [0m[INFO] [1790711486.862825292] [moveit.ros_planning_interface.moveit_cpp]: Loading planning pipeline 'pilz_industrial_motion_planner'[0m
[move_group-2] [0m[INFO] [1790711487.047454927] [moveit.pilz_industrial_motion_planner.joint_limits_aggregator]: Reading limits from namespace robot_description_planning[0m
[move_group-2] [0m[INFO] [1790711487.116054230] [moveit.pilz_industrial_motion_planner]: Available plugins: pilz_industrial_motion_planner/PlanningContextLoaderCIRC pilz_industrial_motion_planner/PlanningContextLoaderLIN pilz_industrial_motion_planner/PlanningContextLoaderPTP [0m
[move_group-2] [0m[INFO] [1790711487.116132468] [moveit.pilz_industrial_motion_planner]: About to load: pilz_industrial_motion_planner/PlanningContextLoaderCIRC[0m
[move_group-2] [0m[INFO] [1790711487.155923661] [moveit.pilz_industrial_motion_planner]: Registered Algorithm [CIRC][0m
[move_group-2] [0m[INFO] [1790711487.156000370] [moveit.pilz_industrial_motion_planner]: About to load: pilz_industrial_motion_planner/PlanningContextLoaderLIN[0m
[move_group-2] [0m[INFO] [1790711487.190933260] [moveit.pilz_industrial_motion_planner]: Registered Algorithm [LIN][0m
[move_group-2] [0m[INFO] [1790711487.192431727] [moveit.pilz_industrial_motion_planner]: About to load: pilz_industrial_motion_planner/PlanningContextLoaderPTP[0m
[move_group-2] [0m[INFO] [1790711487.211816241] [moveit.pilz_industrial_motion_planner]: Registered Algorithm [PTP][0m
[move_group-2] [0m[INFO] [1790711487.211877722] [moveit.ros_planning.planning_pipeline]: Using planning interface 'Pilz Industrial Motion Planner'[0m
[move_group-2] [0m[INFO] [1790711487.237757055] [moveit.ros_planning_interface.moveit_cpp]: Loading planning pipeline 'ompl'[0m
[move_group-2] [0m[INFO] [1790711487.418377114] [moveit.ros_planning.planning_pipeline]: Using planning interface 'OMPL'[0m
[move_group-2] [0m[INFO] [1790711487.459827925] [moveit_ros.add_time_optimal_parameterization]: Param 'ompl.path_tolerance' was not set. Using default value: 0.100000[0m
[move_group-2] [0m[INFO] [1790711487.459895586] [moveit_ros.add_time_optimal_parameterization]: Param 'ompl.resample_dt' was not set. Using default value: 0.100000[0m
[move_group-2] [0m[INFO] [1790711487.459920077] [moveit_ros.add_time_optimal_parameterization]: Param 'ompl.min_angle_change' was not set. Using default value: 0.001000[0m
[move_group-2] [0m[INFO] [1790711487.460022449] [moveit_ros.fix_workspace_bounds]: Param 'ompl.default_workspace_bounds' was not set. Using default value: 10.000000[0m
[move_group-2] [0m[INFO] [1790711487.460088683] [moveit_ros.fix_start_state_bounds]: Param 'ompl.start_state_max_bounds_error' was set to 0.100000[0m
[move_group-2] [0m[INFO] [1790711487.460112097] [moveit_ros.fix_start_state_bounds]: Param 'ompl.start_state_max_dt' was not set. Using default value: 0.500000[0m
[move_group-2] [0m[INFO] [1790711487.460169413] [moveit_ros.fix_start_state_collision]: Param 'ompl.start_state_max_dt' was not set. Using default value: 0.500000[0m
[move_group-2] [0m[INFO] [1790711487.460193289] [moveit_ros.fix_start_state_collision]: Param 'ompl.jiggle_fraction' was set to 0.050000[0m
[move_group-2] [0m[INFO] [1790711487.460230939] [moveit_ros.fix_start_state_collision]: Param 'ompl.max_sampling_attempts' was not set. Using default value: 100[0m
[move_group-2] [0m[INFO] [1790711487.460285690] [moveit.ros_planning.planning_pipeline]: Using planning request adapter 'Add Time Optimal Parameterization'[0m
[move_group-2] [0m[INFO] [1790711487.460304507] [moveit.ros_planning.planning_pipeline]: Using planning request adapter 'Resolve constraint frames to robot links'[0m
[move_group-2] [0m[INFO] [1790711487.460320819] [moveit.ros_planning.planning_pipeline]: Using planning request adapter 'Fix Workspace Bounds'[0m
[move_group-2] [0m[INFO] [1790711487.460336726] [moveit.ros_planning.planning_pipeline]: Using planning request adapter 'Fix Start State Bounds'[0m
[move_group-2] [0m[INFO] [1790711487.460351325] [moveit.ros_planning.planning_pipeline]: Using planning request adapter 'Fix Start State In Collision'[0m
[move_group-2] [0m[INFO] [1790711487.460366704] [moveit.ros_planning.planning_pipeline]: Using planning request adapter 'Fix Start State Path Constraints'[0m
[astra_camera_node-7] [0m[INFO] [1790711487.464527163] [camera.camera]: set uvc mode 640x480@30 format UVC_FRAME_FORMAT_MJPEG[0m
[solution_joint_state_node-3] [0m[INFO] [1790711487.479390541] [solution_joint_states]: Publishing /joint_states at the seed pose; will switch to the IK solution when one is published. Held joints: joint_1, joint_6[0m
[astra_camera_node-7] [0m[INFO] [1790711487.579841850] [camera.camera]: device  started.[0m
[rviz2-4] [0m[INFO] [1790711487.937729995] [rviz2]: Stereo is NOT SUPPORTED[0m
[rviz2-4] [0m[INFO] [1790711487.937961759] [rviz2]: OpenGl version: 4.6 (GLSL 4.6)[0m
[move_group-2] [0m[INFO] [1790711487.951552197] [moveit.plugins.moveit_simple_controller_manager]: Added FollowJointTrajectory controller for arm_controller[0m
[move_group-2] [0m[INFO] [1790711487.952356208] [moveit.plugins.moveit_simple_controller_manager]: Returned 1 controllers in list[0m
[move_group-2] [0m[INFO] [1790711487.952519101] [moveit.plugins.moveit_simple_controller_manager]: Returned 1 controllers in list[0m
[move_group-2] [0m[INFO] [1790711487.957035955] [moveit_ros.trajectory_execution_manager]: Trajectory execution is managing controllers[0m
[move_group-2] [0m[INFO] [1790711487.958279624] [move_group.move_group]: MoveGroup debug mode is ON[0m
[move_group-2] [0m[INFO] [1790711488.075762722] [move_group.move_group]: 
[move_group-2] 
[move_group-2] ********************************************************
[move_group-2] * MoveGroup using: 
[move_group-2] *     - ApplyPlanningSceneService
[move_group-2] *     - ClearOctomapService
[move_group-2] *     - CartesianPathService
[move_group-2] *     - GetPlanningSceneService
[move_group-2] *     - KinematicsService
[move_group-2] *     - MotionPlanService
[move_group-2] *     - QueryPlannersService
[move_group-2] *     - StateValidationService
[move_group-2] ********************************************************
[move_group-2] [0m
[move_group-2] [0m[INFO] [1790711488.075868658] [moveit_move_group_capabilities_base.move_group_context]: MoveGroup context using planning plugin ompl_interface/OMPLPlanner[0m
[move_group-2] [0m[INFO] [1790711488.075902855] [moveit_move_group_capabilities_base.move_group_context]: MoveGroup context initialization complete[0m
[move_group-2] [96mLoading 'move_group/ApplyPlanningSceneService'...
[move_group-2] [0m[96mLoading 'move_group/ClearOctomapService'...
[move_group-2] [0m[96mLoading 'move_group/MoveGroupCartesianPathService'...
[move_group-2] [0m[96mLoading 'move_group/MoveGroupGetPlanningSceneService'...
[move_group-2] [0m[96mLoading 'move_group/MoveGroupKinematicsService'...
[move_group-2] [0m[96mLoading 'move_group/MoveGroupPlanService'...
[move_group-2] [0m[96mLoading 'move_group/MoveGroupQueryPlannersService'...
[move_group-2] [0m[96mLoading 'move_group/MoveGroupStateValidationService'...
[move_group-2] [0m[92m
[move_group-2] You can start planning now!
[move_group-2] 
[rviz2-4] [0m[INFO] [1790711488.831034237] [rviz2]: Stereo is NOT SUPPORTED[0m
[fruit_detection_node-9] [0m[INFO] [1790711489.533350311] [fruit_detection_node]: Fruit detection node ready[0m
[fruit_detection_node-9] [0m[INFO] [1790711489.536348819] [fruit_detection_node]:   Model: sliced-fruits-and-vegetables-rnw8f/1[0m
[fruit_detection_node-9] [0m[INFO] [1790711489.539556544] [fruit_detection_node]:   API: https://serverless.roboflow.com[0m
[fruit_detection_node-9] [0m[INFO] [1790711489.541335716] [fruit_detection_node]:   API key source: ROBOFLOW_API_KEY environment variable[0m
[fruit_detection_node-9] [0m[INFO] [1790711489.544980488] [fruit_detection_node]:   Detection results: /computer_vision/detections[0m
[rviz2-4] Warning: class_loader.impl: SEVERE WARNING!!! A namespace collision has occurred with plugin factory for class rviz_default_plugins::displays::InteractiveMarkerDisplay. New factory will OVERWRITE existing one. This situation occurs when libraries containing plugins are directly linked against an executable (the one running right now generating this message). Please separate plugins out into their own library or just don't link against the library and use either class_loader::ClassLoader/MultiLibraryClassLoader to open.
[rviz2-4]          at line 253 in /opt/ros/humble/include/class_loader/class_loader/class_loader_core.hpp
[camera_to_base_node-10] [0m[INFO] [1790711491.080094146] [camera_to_base_node]: STARTUP: READY: Waiting for one capture and its detections.[0m
[camera_to_base_node-10] [0m[INFO] [1790711492.326785134] [camera_to_base_node]: HOME: SENT: Homing: servo angles published to /esp32/joint_commands, settling for 3 s before the pipeline runs. The ESP32 echoes commands rather than measuring them, so this is what was sent, not confirmation the arm arrived.[0m
[rviz2-4] [31m[ERROR] [1790711493.122176388] [moveit_ros_visualization.motion_planning_frame]: Action server: /recognize_objects not available[0m
[rviz2-4] [0m[INFO] [1790711493.235106308] [moveit_ros_visualization.motion_planning_frame]: MoveGroup namespace changed: / -> . Reloading params.[0m
[rviz2-4] [0m[INFO] [1790711493.518365076] [moveit_rdf_loader.rdf_loader]: Loaded robot model in 0.115946 seconds[0m
[rviz2-4] [0m[INFO] [1790711493.518521523] [moveit_robot_model.robot_model]: Loading robot model 'robot_arm'...[0m
[rviz2-4] [0m[INFO] [1790711493.518569378] [moveit_robot_model.robot_model]: No root/virtual joint specified in SRDF. Assuming fixed joint[0m
[rviz2-4] [33m[WARN] [1790711493.590458462] [moveit_robot_model.robot_model]: Could not identify parent group for end-effector 'fork'[0m
[rviz2-4] [0m[INFO] [1790711493.938732823] [moveit_ros.planning_scene_monitor.planning_scene_monitor]: Starting planning scene monitor[0m
[rviz2-4] [0m[INFO] [1790711493.942168708] [moveit_ros.planning_scene_monitor.planning_scene_monitor]: Listening to '/monitored_planning_scene'[0m
[rviz2-4] [0m[INFO] [1790711494.350810399] [interactive_marker_display_105385591561808]: Connected on namespace: /rviz_moveit_motion_planning_display/robot_interaction_interactive_marker_topic[0m
[rviz2-4] [0m[INFO] [1790711494.394689437] [moveit_ros_visualization.motion_planning_frame]: group arm[0m
[rviz2-4] [0m[INFO] [1790711494.395802974] [moveit_ros_visualization.motion_planning_frame]: Constructing new MoveGroup connection for group 'arm' in namespace ''[0m
[rviz2-4] [0m[INFO] [1790711494.414295403] [interactive_marker_display_105385591561808]: Sending request for interactive markers[0m
[rviz2-4] [0m[INFO] [1790711494.472650838] [interactive_marker_display_105385591561808]: Service response received for initialization[0m
[camera_to_base_node-10] [0m[INFO] [1790711495.427221275] [camera_to_base_node]: HOME: SUCCESS: Arm commanded home; starting the pipeline.[0m
[fruit_detection_node-9] [0m[INFO] [1790711499.312861359] [fruit_detection_node]: Requesting a camera snapshot...[0m
[rgbd_capture_node-8] [0m[INFO] [1790711499.347475446] [rgbd_capture_node]: Saved RGB-only capture: /home/user/ros2_ws/src/computer_vision_model/logs/20260929_195121_658754/captures/latest_rgb.jpg[0m
[fruit_detection_node-9] [0m[INFO] [1790711499.359592499] [fruit_detection_node]: Captured /home/user/ros2_ws/src/computer_vision_model/logs/20260929_195121_658754/captures/latest_rgb.jpg; starting inference...[0m
[fruit_detection_node-9] /home/user/.local/lib/python3.10/site-packages/inference_sdk/http/client.py:120: InferenceSDKGuidanceWarning: This client sends the Roboflow API key through the legacy channel (query parameter / request body). Sending it as the `Authorization: Bearer <api_key>` header is recommended and works with inference servers from release 1.5.0 onward. Opt in with InferenceConfiguration(api_key_transport='header'); use 'both' for a transition period safe with every server version. Set api_key_transport='legacy' explicitly to keep the current behaviour and silence this warning.
[fruit_detection_node-9]   warnings.warn(
[fruit_detection_node-9] [0m[INFO] [1790711502.964096898] [fruit_detection_node]: Roboflow detected 2 object(s)[0m
[fruit_detection_node-9] [0m[INFO] [1790711502.969974620] [fruit_detection_node]:   banana: 2[0m
[fruit_detection_node-9] [0m[INFO] [1790711502.971827674] [fruit_detection_node]:     center=(129.0, 297.0), size=(122.0 x 68.0), confidence=0.812[0m
[fruit_detection_node-9] [0m[INFO] [1790711502.973527765] [fruit_detection_node]:     center=(322.5, 384.0), size=(633.0 x 190.0), confidence=0.516[0m
[fruit_detection_node-9] [0m[INFO] [1790711502.976015031] [fruit_detection_node]: Saved detections to /home/user/ros2_ws/src/computer_vision_model/logs/20260929_195121_658754/captures/latest_detections.json[0m
[fruit_detection_node-9] [0m[INFO] [1790711502.977736346] [fruit_detection_node]: Saved annotated image to /home/user/ros2_ws/src/computer_vision_model/logs/20260929_195121_658754/captures/latest_detections_annotated.jpg[0m
[fruit_detection_node-9] [0m[INFO] [1790711502.979381165] [fruit_detection_node]: Results published for downstream processing[0m
[camera_to_base_node-10] [0m[INFO] [1790711502.987647074] [camera_to_base_node]: SELECTION: SUCCESS: Highest-confidence detection; passing box centre to projection.[0m
[camera_to_base_node-10] [0m[INFO] [1790711503.038807741] [camera_to_base_node]: TRANSFORM: SUCCESS: Camera optical point projected onto the known plane, then transformed into the arm base (metres).[0m
[camera_to_base_node-10] [0m[INFO] [1790711503.041374760] [camera_to_base_node]: TRANSFORM: OVERRIDE: Target point replaced by override_point_base; the projected point below was NOT used. Detection and everything downstream ran normally.[0m
[camera_to_base_node-10] [0m[INFO] [1790711503.044281848] [camera_to_base_node]: POSE: SUCCESS: Published /computer_vision/fruit_pose; passing pose to MoveIt IK.[0m
[camera_to_base_node-10] [0m[INFO] [1790711503.128706771] [camera_to_base_node]: IK_REQUEST: STARTED: Requesting joint angles only; no trajectory execution.[0m
[camera_to_base_node-10] [0m[INFO] [1790711503.227084846] [camera_to_base_node]: IK_RESULT: SUCCESS: MoveIt joint solution (ROS joint angles, not servo calibration values).[0m
[camera_to_base_node-10] [0m[INFO] [1790711503.230222310] [camera_to_base_node]: EXECUTE: SENT: Servo angles published to /esp32/joint_commands. The ESP32 echoes commands rather than measuring them, so this is what was sent, not confirmation the arm arrived. Sent NaN (hold, no servo) for: joint_1, joint_6.[0m
[solution_joint_state_node-3] [0m[INFO] [1790711503.233734568] [solution_joint_states]: RViz moved to the IK solution for: joint_2, joint_3, joint_4, joint_5 (held at seed: joint_1, joint_6)[0m
[camera_to_base_node-10] [0m[INFO] [1790711504.234635116] [camera_to_base_node]: STAB_POSE: SUCCESS: Descending 5.0 cm from the hover pose; solving IK for the stab target.[0m
[camera_to_base_node-10] [0m[INFO] [1790711504.241064805] [camera_to_base_node]: IK_REQUEST: STARTED: Requesting joint angles only; no trajectory execution.[0m
[camera_to_base_node-10] [0m[INFO] [1790711504.327110632] [camera_to_base_node]: IK_RESULT: SUCCESS: MoveIt joint solution (ROS joint angles, not servo calibration values).[0m
[camera_to_base_node-10] [0m[INFO] [1790711504.428179616] [camera_to_base_node]: STAB_PLAN: STARTED: Planning the descent with pilz_industrial_motion_planner/LIN via /plan_kinematic_path (attempt 1 of 10). LIN is a straight line in Cartesian space, so the fork tip descends vertically rather than following a joint-space curve. Planning only; MoveIt does not execute.[0m
[move_group-2] [0m[INFO] [1790711504.430811546] [moveit_move_group_default_capabilities.plan_service_capability]: Received new planning service request...[0m
[move_group-2] [0m[INFO] [1790711504.430979934] [moveit_move_group_capabilities_base.move_group_capability]: Using planning pipeline 'pilz_industrial_motion_planner'[0m
[move_group-2] [0m[INFO] [1790711504.431165184] [moveit.pilz_industrial_motion_planner.trajectory_generator]: Generating LIN trajectory...[0m
[camera_to_base_node-10] [0m[INFO] [1790711504.528455921] [camera_to_base_node]: STAB_PLAN: SUCCESS: 11 waypoints; streaming them over 2.0 s.[0m
[solution_joint_state_node-3] [0m[INFO] [1790711504.630135064] [solution_joint_states]: RViz moved to the IK solution for: joint_2, joint_3, joint_4, joint_5 (held at seed: joint_1, joint_6)[0m
[solution_joint_state_node-3] [0m[INFO] [1790711504.932612445] [solution_joint_states]: RViz moved to the IK solution for: joint_2, joint_3, joint_4, joint_5 (held at seed: joint_1, joint_6)[0m
[solution_joint_state_node-3] [0m[INFO] [1790711505.228645368] [solution_joint_states]: RViz moved to the IK solution for: joint_2, joint_3, joint_4, joint_5 (held at seed: joint_1, joint_6)[0m
[solution_joint_state_node-3] [0m[INFO] [1790711505.530810524] [solution_joint_states]: RViz moved to the IK solution for: joint_2, joint_3, joint_4, joint_5 (held at seed: joint_1, joint_6)[0m
[solution_joint_state_node-3] [0m[INFO] [1790711505.830666896] [solution_joint_states]: RViz moved to the IK solution for: joint_2, joint_3, joint_4, joint_5 (held at seed: joint_1, joint_6)[0m
[solution_joint_state_node-3] [0m[INFO] [1790711506.129051399] [solution_joint_states]: RViz moved to the IK solution for: joint_2, joint_3, joint_4, joint_5 (held at seed: joint_1, joint_6)[0m
[solution_joint_state_node-3] [0m[INFO] [1790711506.431148249] [solution_joint_states]: RViz moved to the IK solution for: joint_2, joint_3, joint_4, joint_5 (held at seed: joint_1, joint_6)[0m
[solution_joint_state_node-3] [0m[INFO] [1790711506.728427032] [solution_joint_states]: RViz moved to the IK solution for: joint_2, joint_3, joint_4, joint_5 (held at seed: joint_1, joint_6)[0m
[solution_joint_state_node-3] [0m[INFO] [1790711507.032896777] [solution_joint_states]: RViz moved to the IK solution for: joint_2, joint_3, joint_4, joint_5 (held at seed: joint_1, joint_6)[0m
[solution_joint_state_node-3] [0m[INFO] [1790711507.330138425] [solution_joint_states]: RViz moved to the IK solution for: joint_2, joint_3, joint_4, joint_5 (held at seed: joint_1, joint_6)[0m
[solution_joint_state_node-3] [0m[INFO] [1790711507.546135265] [solution_joint_states]: RViz moved to the IK solution for: joint_2, joint_3, joint_4, joint_5 (held at seed: joint_1, joint_6)[0m
[camera_to_base_node-10] [0m[INFO] [1790711507.554665767] [camera_to_base_node]: STAB_EXECUTE: SENT: Descent complete: 11 waypoints sent to /esp32/joint_commands. The ESP32 echoes commands rather than measuring them, so this is what was sent, not confirmation the fork arrived.[0m
[solution_joint_state_node-3] [0m[INFO] [1790711507.562863796] [solution_joint_states]: RViz moved to the IK solution for: joint_2, joint_3, joint_4, joint_5 (held at seed: joint_1, joint_6)[0m
[camera_to_base_node-10] [0m[INFO] [1790711507.580957474] [camera_to_base_node]: PIPELINE: COMPLETE: Hover reached and stab descent streamed to the arm.[0m
[WARNING] [launch]: user interrupted with ctrl-c (SIGINT)
[robot_state_publisher-1] [0m[INFO] [1790711533.841938297] [rclcpp]: signal_handler(SIGINT/SIGTERM)[0m
[static_transform_publisher-5] [0m[INFO] [1790711533.842092868] [rclcpp]: signal_handler(SIGINT/SIGTERM)[0m
[rgbd_capture_node-8] [0m[INFO] [1790711533.842967508] [rclcpp]: signal_handler(SIGINT/SIGTERM)[0m
[static_transform_publisher-6] [0m[INFO] [1790711533.843153245] [rclcpp]: signal_handler(SIGINT/SIGTERM)[0m
[astra_camera_node-7] [0m[INFO] [1790711533.845418618] [rclcpp]: signal_handler(SIGINT/SIGTERM)[0m
[move_group-2] [0m[INFO] [1790711533.845555848] [rclcpp]: signal_handler(SIGINT/SIGTERM)[0m
[rviz2-4] [0m[INFO] [1790711533.845723284] [rclcpp]: signal_handler(SIGINT/SIGTERM)[0m
[rviz2-4] [33m[WARN] [1790711533.856697506] [interactive_marker_display_105385591561808]: Server not available while running, resetting[0m
[move_group-2] [0m[INFO] [1790711534.213836210] [moveit.ros_planning_interface.moveit_cpp]: Deleting MoveItCpp[0m
[INFO] [static_transform_publisher-6]: process has finished cleanly [pid 55474]
[move_group-2] [0m[INFO] [1790711534.225965555] [moveit_ros.planning_scene_monitor.planning_scene_monitor]: Stopped publishing maintained planning scene.[0m
[move_group-2] [0m[INFO] [1790711534.243893783] [moveit_ros.planning_scene_monitor.planning_scene_monitor]: Stopping world geometry monitor[0m
[move_group-2] [0m[INFO] [1790711534.248330098] [moveit_ros.planning_scene_monitor.planning_scene_monitor]: Stopping planning scene monitor[0m
[rviz2-4] terminate called without an active exception
[move_group-2] Warning: class_loader.ClassLoader: SEVERE WARNING!!! Attempting to unload library while objects created by this loader exist in the heap! You should delete your objects before attempting to unload the library or destroying the ClassLoader. The library will NOT be unloaded.
[move_group-2]          at line 127 in ./src/class_loader.cpp
[INFO] [static_transform_publisher-5]: process has finished cleanly [pid 55472]
[INFO] [robot_state_publisher-1]: process has finished cleanly [pid 55464]
[INFO] [solution_joint_state_node-3]: process has finished cleanly [pid 55468]
[INFO] [rgbd_capture_node-8]: process has finished cleanly [pid 55478]
[move_group-2] Stack trace (most recent call last):
[move_group-2] #16   Object "/usr/lib/x86_64-linux-gnu/ld-linux-x86-64.so.2", at 0xffffffffffffffff, in 
[move_group-2] #15   Object "/opt/ros/humble/lib/moveit_ros_move_group/move_group", at 0x5b9a39caa724, in 
[move_group-2] #14   Object "/usr/lib/x86_64-linux-gnu/libc.so.6", at 0x7007b8c51e3f, in __libc_start_main
[move_group-2] #13   Object "/usr/lib/x86_64-linux-gnu/libc.so.6", at 0x7007b8c51d8f, in 
[move_group-2] #12   Object "/opt/ros/humble/lib/moveit_ros_move_group/move_group", at 0x5b9a39ca965b, in 
[move_group-2] #11   Object "/opt/ros/humble/lib/moveit_ros_move_group/move_group", at 0x5b9a39cab709, in 
[move_group-2] #10   Object "/opt/ros/humble/lib/libmoveit_cpp.so.2.5.9", at 0x7007b95bb876, in moveit_cpp::MoveItCpp::~MoveItCpp()
[move_group-2] #9    Object "/opt/ros/humble/lib/libmoveit_cpp.so.2.5.9", at 0x7007b95b9ba9, in 
[move_group-2] #8    Object "/opt/ros/humble/lib/libmoveit_trajectory_execution_manager.so.2.5.9", at 0x7007b8947495, in trajectory_execution_manager::TrajectoryExecutionManager::~TrajectoryExecutionManager()
[move_group-2] #7    Object "/opt/ros/humble/lib/libmoveit_trajectory_execution_manager.so.2.5.9", at 0x7007b895a3a9, in 
[move_group-2] #6    Object "/opt/ros/humble/lib/librclcpp.so", at 0x7007b9219ebc, in rclcpp::Node::~Node()
[move_group-2] #5    Object "/opt/ros/humble/lib/librclcpp.so", at 0x7007b9219e5e, in rclcpp::Node::~Node()
[move_group-2] #4    Object "/opt/ros/humble/lib/librclcpp.so", at 0x7007b91f4f59, in 
[move_group-2] #3    Object "/opt/ros/humble/lib/librclcpp.so", at 0x7007b9223509, in 
[move_group-2] #2    Object "/opt/ros/humble/lib/librclcpp.so", at 0x7007b9223450, in rclcpp::node_interfaces::NodeBase::~NodeBase()
[move_group-2] #1    Object "/opt/ros/humble/lib/librclcpp.so", at 0x7007b91f4f59, in 
[move_group-2] #0    Object "/opt/ros/humble/lib/librclcpp.so", at 0x7007b91f9dd1, in rclcpp::CallbackGroup::~CallbackGroup()
[move_group-2] Segmentation fault (Address not mapped to object [0x70079187e798])
[INFO] [camera_to_base_node-10]: process has finished cleanly [pid 55508]
[INFO] [fruit_detection_node-9]: process has finished cleanly [pid 55506]
[ERROR] [rviz2-4]: process has died [pid 55470, exit code -6, cmd '/opt/ros/humble/lib/rviz2/rviz2 -d /home/user/ros2_ws/install/robot_arm_movit_config/share/robot_arm_movit_config/config/moveit.rviz --ros-args -r __node:=vision_rviz --params-file /tmp/launch_params_66ba745o --params-file /tmp/launch_params_r1v51zsr --params-file /tmp/launch_params_uqytzlgl --params-file /tmp/launch_params_9jbjmmwo'].
[ERROR] [move_group-2]: process has died [pid 55466, exit code -11, cmd '/opt/ros/humble/lib/moveit_ros_move_group/move_group --ros-args --params-file /tmp/launch_params_mwe_w8fi --params-file /tmp/launch_params_8ayt6yvb'].
[move_group-2] [0m
[astra_camera_node-7] [0m[INFO] [1790711535.589593045] [camera.camera]: stop uvc streaming[0m
[astra_camera_node-7] [31m[ERROR] [1790711535.887497191] [camera.camera]: parameter 'camera_link_frame_id' has invalid type: cannot undeclare an statically typed parameter[0m
[astra_camera_node-7] [31m[ERROR] [1790711535.887589130] [camera.camera]: parameter 'camera_name' has invalid type: cannot undeclare an statically typed parameter[0m
[astra_camera_node-7] [31m[ERROR] [1790711535.887622424] [camera.camera]: parameter 'color_camera_info_qos' has invalid type: cannot undeclare an statically typed parameter[0m
[astra_camera_node-7] [31m[ERROR] [1790711535.887649277] [camera.camera]: parameter 'color_depth_synchronization' has invalid type: cannot undeclare an statically typed parameter[0m
[astra_camera_node-7] [31m[ERROR] [1790711535.887675298] [camera.camera]: parameter 'color_fps' has invalid type: cannot undeclare an statically typed parameter[0m
[astra_camera_node-7] [31m[ERROR] [1790711535.887700617] [camera.camera]: parameter 'color_frame_id' has invalid type: cannot undeclare an statically typed parameter[0m
[astra_camera_node-7] [31m[ERROR] [1790711535.887725653] [camera.camera]: parameter 'color_height' has invalid type: cannot undeclare an statically typed parameter[0m
[astra_camera_node-7] [31m[ERROR] [1790711535.887750437] [camera.camera]: parameter 'color_info_url' has invalid type: cannot undeclare an statically typed parameter[0m
[astra_camera_node-7] [31m[ERROR] [1790711535.887775362] [camera.camera]: parameter 'color_optical_frame_id' has invalid type: cannot undeclare an statically typed parameter[0m
[astra_camera_node-7] [31m[ERROR] [1790711535.887800350] [camera.camera]: parameter 'color_qos' has invalid type: cannot undeclare an statically typed parameter[0m
[astra_camera_node-7] [31m[ERROR] [1790711535.887825535] [camera.camera]: parameter 'color_roi_height' has invalid type: cannot undeclare an statically typed parameter[0m
[astra_camera_node-7] [31m[ERROR] [1790711535.887849918] [camera.camera]: parameter 'color_roi_width' has invalid type: cannot undeclare an statically typed parameter[0m
[astra_camera_node-7] [31m[ERROR] [1790711535.887874589] [camera.camera]: parameter 'color_roi_x' has invalid type: cannot undeclare an statically typed parameter[0m
[astra_camera_node-7] [31m[ERROR] [1790711535.887899695] [camera.camera]: parameter 'color_roi_y' has invalid type: cannot undeclare an statically typed parameter[0m
[astra_camera_node-7] [31m[ERROR] [1790711535.887924185] [camera.camera]: parameter 'color_width' has invalid type: cannot undeclare an statically typed parameter[0m
[astra_camera_node-7] [31m[ERROR] [1790711535.888501878] [camera.camera]: parameter 'depth_camera_info_qos' has invalid type: cannot undeclare an statically typed parameter[0m
[astra_camera_node-7] [31m[ERROR] [1790711535.888538316] [camera.camera]: parameter 'depth_fps' has invalid type: cannot undeclare an statically typed parameter[0m
[astra_camera_node-7] [31m[ERROR] [1790711535.888563433] [camera.camera]: parameter 'depth_frame_id' has invalid type: cannot undeclare an statically typed parameter[0m
[astra_camera_node-7] [31m[ERROR] [1790711535.888588024] [camera.camera]: parameter 'depth_height' has invalid type: cannot undeclare an statically typed parameter[0m
[astra_camera_node-7] [31m[ERROR] [1790711535.888612390] [camera.camera]: parameter 'depth_optical_frame_id' has invalid type: cannot undeclare an statically typed parameter[0m
[astra_camera_node-7] [31m[ERROR] [1790711535.888637148] [camera.camera]: parameter 'depth_qos' has invalid type: cannot undeclare an statically typed parameter[0m
[astra_camera_node-7] [31m[ERROR] [1790711535.888661785] [camera.camera]: parameter 'depth_registration' has invalid type: cannot undeclare an statically typed parameter[0m
[astra_camera_node-7] [31m[ERROR] [1790711535.888686119] [camera.camera]: parameter 'depth_roi_height' has invalid type: cannot undeclare an statically typed parameter[0m
[astra_camera_node-7] [31m[ERROR] [1790711535.888710557] [camera.camera]: parameter 'depth_roi_width' has invalid type: cannot undeclare an statically typed parameter[0m
[astra_camera_node-7] [31m[ERROR] [1790711535.888734698] [camera.camera]: parameter 'depth_roi_x' has invalid type: cannot undeclare an statically typed parameter[0m
[astra_camera_node-7] [31m[ERROR] [1790711535.888758918] [camera.camera]: parameter 'depth_roi_y' has invalid type: cannot undeclare an statically typed parameter[0m
[astra_camera_node-7] [31m[ERROR] [1790711535.888783046] [camera.camera]: parameter 'depth_scale' has invalid type: cannot undeclare an statically typed parameter[0m
[astra_camera_node-7] [31m[ERROR] [1790711535.888806916] [camera.camera]: parameter 'depth_width' has invalid type: cannot undeclare an statically typed parameter[0m
[astra_camera_node-7] [31m[ERROR] [1790711535.888832002] [camera.camera]: parameter 'device_num' has invalid type: cannot undeclare an statically typed parameter[0m
[astra_camera_node-7] [31m[ERROR] [1790711535.888856097] [camera.camera]: parameter 'enable_color' has invalid type: cannot undeclare an statically typed parameter[0m
[astra_camera_node-7] [31m[ERROR] [1790711535.888880685] [camera.camera]: parameter 'enable_colored_point_cloud' has invalid type: cannot undeclare an statically typed parameter[0m
[astra_camera_node-7] [31m[ERROR] [1790711535.888905878] [camera.camera]: parameter 'enable_depth' has invalid type: cannot undeclare an statically typed parameter[0m
[astra_camera_node-7] [31m[ERROR] [1790711535.888930429] [camera.camera]: parameter 'enable_ir' has invalid type: cannot undeclare an statically typed parameter[0m
[astra_camera_node-7] [31m[ERROR] [1790711535.888955269] [camera.camera]: parameter 'enable_point_cloud' has invalid type: cannot undeclare an statically typed parameter[0m
[astra_camera_node-7] [31m[ERROR] [1790711535.888980577] [camera.camera]: parameter 'enable_publish_extrinsic' has invalid type: cannot undeclare an statically typed parameter[0m
[astra_camera_node-7] [31m[ERROR] [1790711535.889005189] [camera.camera]: parameter 'ir_camera_info_qos' has invalid type: cannot undeclare an statically typed parameter[0m
[astra_camera_node-7] [31m[ERROR] [1790711535.889029857] [camera.camera]: parameter 'ir_fps' has invalid type: cannot undeclare an statically typed parameter[0m
[astra_camera_node-7] [31m[ERROR] [1790711535.889054376] [camera.camera]: parameter 'ir_frame_id' has invalid type: cannot undeclare an statically typed parameter[0m
[astra_camera_node-7] [31m[ERROR] [1790711535.889078613] [camera.camera]: parameter 'ir_height' has invalid type: cannot undeclare an statically typed parameter[0m
[astra_camera_node-7] [31m[ERROR] [1790711535.889103685] [camera.camera]: parameter 'ir_info_url' has invalid type: cannot undeclare an statically typed parameter[0m
[astra_camera_node-7] [31m[ERROR] [1790711535.889135867] [camera.camera]: parameter 'ir_optical_frame_id' has invalid type: cannot undeclare an statically typed parameter[0m
[astra_camera_node-7] [31m[ERROR] [1790711535.889161523] [camera.camera]: parameter 'ir_qos' has invalid type: cannot undeclare an statically typed parameter[0m
[astra_camera_node-7] [31m[ERROR] [1790711535.889185972] [camera.camera]: parameter 'ir_width' has invalid type: cannot undeclare an statically typed parameter[0m
[astra_camera_node-7] [31m[ERROR] [1790711535.889342096] [camera.camera]: parameter 'point_cloud_qos' has invalid type: cannot undeclare an statically typed parameter[0m
[astra_camera_node-7] [31m[ERROR] [1790711535.889372677] [camera.camera]: parameter 'publish_tf' has invalid type: cannot undeclare an statically typed parameter[0m
[astra_camera_node-7] [31m[ERROR] [1790711535.889399186] [camera.camera]: parameter 'rgb_info_qos_profile' has invalid type: cannot undeclare an statically typed parameter[0m
[astra_camera_node-7] [31m[ERROR] [1790711535.889424057] [camera.camera]: parameter 'rgb_qos_profile' has invalid type: cannot undeclare an statically typed parameter[0m
[astra_camera_node-7] [31m[ERROR] [1790711535.889448513] [camera.camera]: parameter 'tf_publish_rate' has invalid type: cannot undeclare an statically typed parameter[0m
[astra_camera_node-7] [31m[ERROR] [1790711535.889473573] [camera.camera]: parameter 'uvc_camera_format' has invalid type: cannot undeclare an statically typed parameter[0m
[astra_camera_node-7] [31m[ERROR] [1790711535.889498022] [camera.camera]: parameter 'uvc_product_id' has invalid type: cannot undeclare an statically typed parameter[0m
[astra_camera_node-7] [31m[ERROR] [1790711535.889522840] [camera.camera]: parameter 'uvc_retry_count' has invalid type: cannot undeclare an statically typed parameter[0m
[astra_camera_node-7] [31m[ERROR] [1790711535.889547018] [camera.camera]: parameter 'uvc_vendor_id' has invalid type: cannot undeclare an statically typed parameter[0m
[astra_camera_node-7] Warning: USB events thread - failed to set priority. This might cause loss of data...
[INFO] [astra_camera_node-7]: process has finished cleanly [pid 55476]
