[INFO] [1790711376.392632337] [camera.camera]: init done.
[INFO] [1790711376.395423129] [camera.camera]: Waiting for device connection...
[INFO] [1790711376.395588805] [device_listener]: Found 1 devices
[INFO] [1790711376.395648151] [camera.camera]: Trying to open device: 2bc5/0403@1/63
[INFO] [1790711376.693920671] [camera.camera]: Device connected: Astra serial number: 17122220365
[INFO] [1790711376.695653920] [camera.camera]: starting device 
[INFO] [1790711376.784107307] [camera.camera]: depth is not enable
[INFO] [1790711376.789387924] [camera.camera]: ir is not enable
[INFO] [1790711377.479503570] [camera.camera]: open uvc camera
[INFO] [1790711377.557321707] [camera.camera]: uvc config: vendor_id: 2bc5
product_id: 501
width: 640
height: 480
fps: 30
serial_number: 17122220365
format: mjpeg
frame_id: camera_color_frame
optical_frame_id : camera_color_optical_frame

[INFO] [1790711377.588006858] [camera.camera]: open camera success
[ERROR] [1790711377.588163371] [camera.camera]: Enabling image registration mode failed: 
	Device.setProperty(5) failed



[INFO] [1790711377.593364503] [camera.camera]: Start UVC camera
[INFO] [1790711377.629073574] [camera.camera]: set uvc mode 640x480@30 format UVC_FRAME_FORMAT_MJPEG
[INFO] [1790711378.309571111] [camera.camera]: device  started.
[INFO] [1790711462.468767850] [rclcpp]: signal_handler(SIGINT/SIGTERM)
