[INFO] [1790711379.786612249] [rviz2]: Stereo is NOT SUPPORTED
[INFO] [1790711379.786855985] [rviz2]: OpenGl version: 4.6 (GLSL 4.6)
[INFO] [1790711380.364408701] [rviz2]: Stereo is NOT SUPPORTED
[ERROR] [1790711385.154429395] [moveit_ros_visualization.motion_planning_frame]: Action server: /recognize_objects not available
[INFO] [1790711385.332238001] [moveit_ros_visualization.motion_planning_frame]: MoveGroup namespace changed: / -> . Reloading params.
[INFO] [1790711385.708964106] [moveit_rdf_loader.rdf_loader]: Loaded robot model in 0.288937 seconds
[INFO] [1790711385.709096372] [moveit_robot_model.robot_model]: Loading robot model 'robot_arm'...
[INFO] [1790711385.709143782] [moveit_robot_model.robot_model]: No root/virtual joint specified in SRDF. Assuming fixed joint
[WARN] [1790711385.817854898] [moveit_robot_model.robot_model]: Could not identify parent group for end-effector 'fork'
[INFO] [1790711386.232510973] [moveit_ros.planning_scene_monitor.planning_scene_monitor]: Starting planning scene monitor
[INFO] [1790711386.235249443] [moveit_ros.planning_scene_monitor.planning_scene_monitor]: Listening to '/monitored_planning_scene'
[INFO] [1790711386.408730022] [interactive_marker_display_100450871713968]: Connected on namespace: /rviz_moveit_motion_planning_display/robot_interaction_interactive_marker_topic
[INFO] [1790711386.494478611] [moveit_ros_visualization.motion_planning_frame]: group arm
[INFO] [1790711386.494548309] [moveit_ros_visualization.motion_planning_frame]: Constructing new MoveGroup connection for group 'arm' in namespace ''
[INFO] [1790711386.561035012] [interactive_marker_display_100450871713968]: Sending request for interactive markers
[INFO] [1790711386.767411139] [interactive_marker_display_100450871713968]: Service response received for initialization
[INFO] [1790711446.576411818] [move_group_interface]: Ready to take commands for planning group arm.
[INFO] [1790711446.583526408] [moveit_ros_visualization.motion_planning_frame]: group arm
[INFO] [1790711462.468565984] [rclcpp]: signal_handler(SIGINT/SIGTERM)
[WARN] [1790711462.480930052] [interactive_marker_display_100450871713968]: Server not available while running, resetting
