[INFO] [1790708688.810605402] [camera.camera]: init done.
[INFO] [1790708688.811513255] [camera.camera]: Waiting for device connection...
[INFO] [1790708688.813282726] [device_listener]: Found 1 devices
[INFO] [1790708688.813347753] [camera.camera]: Trying to open device: 2bc5/0403@1/63
[INFO] [1790708689.089394784] [camera.camera]: Device connected: Astra serial number: 17122220365
[INFO] [1790708689.089467247] [camera.camera]: starting device 
[INFO] [1790708689.109825690] [camera.camera]: depth is not enable
[INFO] [1790708689.109885187] [camera.camera]: ir is not enable
[INFO] [1790708689.198150771] [camera.camera]: open uvc camera
[INFO] [1790708689.275325355] [camera.camera]: uvc config: vendor_id: 2bc5
product_id: 501
width: 640
height: 480
fps: 30
serial_number: 17122220365
format: mjpeg
frame_id: camera_color_frame
optical_frame_id : camera_color_optical_frame

[INFO] [1790708689.291684302] [camera.camera]: open camera success
[ERROR] [1790708689.291956233] [camera.camera]: Enabling image registration mode failed: 
	Device.setProperty(5) failed



[INFO] [1790708689.292008757] [camera.camera]: Start UVC camera
[INFO] [1790708689.321671160] [camera.camera]: set uvc mode 640x480@30 format UVC_FRAME_FORMAT_MJPEG
[INFO] [1790708689.970746822] [camera.camera]: device  started.
[INFO] [1790708729.615809976] [rclcpp]: signal_handler(SIGINT/SIGTERM)
