[INFO] [1790708690.657177483] [camera_to_base_node]: STARTUP: READY: Waiting for one capture and its detections.
[ERROR] [1790708700.703187120] [camera_to_base_node]: HOME: ERROR: No subscriber on /esp32/joint_commands after 10 s; the arm was NOT homed. Continuing, but it starts from wherever it was left.
[INFO] [1790708702.094718510] [camera_to_base_node]: SELECTION: SUCCESS: Highest-confidence detection; passing box centre to projection.
[INFO] [1790708702.109435313] [camera_to_base_node]: TRANSFORM: SUCCESS: Camera optical point projected onto the known plane, then transformed into the arm base (metres).
[INFO] [1790708702.111934939] [camera_to_base_node]: POSE: SUCCESS: Published /computer_vision/fruit_pose; passing pose to MoveIt IK.
[INFO] [1790708702.203270493] [camera_to_base_node]: IK_REQUEST: STARTED: Requesting joint angles only; no trajectory execution.
[INFO] [1790708704.300689543] [camera_to_base_node]: IK_RESULT: RETRY: NO_IK_SOLUTION (-31) with this wrist orientation; relaxing it and retrying (2 of 40).
[INFO] [1790708704.403249893] [camera_to_base_node]: IK_REQUEST: STARTED: Requesting joint angles only; no trajectory execution.
[INFO] [1790708706.502724444] [camera_to_base_node]: IK_RESULT: RETRY: NO_IK_SOLUTION (-31) with this wrist orientation; relaxing it and retrying (3 of 40).
[INFO] [1790708706.605069889] [camera_to_base_node]: IK_REQUEST: STARTED: Requesting joint angles only; no trajectory execution.
[INFO] [1790708708.701379058] [camera_to_base_node]: IK_RESULT: RETRY: NO_IK_SOLUTION (-31) with this wrist orientation; relaxing it and retrying (4 of 40).
[INFO] [1790708708.805140243] [camera_to_base_node]: IK_REQUEST: STARTED: Requesting joint angles only; no trajectory execution.
[INFO] [1790708710.900990975] [camera_to_base_node]: IK_RESULT: RETRY: NO_IK_SOLUTION (-31) with this wrist orientation; relaxing it and retrying (5 of 40).
[INFO] [1790708711.005813439] [camera_to_base_node]: IK_REQUEST: STARTED: Requesting joint angles only; no trajectory execution.
[INFO] [1790708713.101269137] [camera_to_base_node]: IK_RESULT: RETRY: NO_IK_SOLUTION (-31) with this wrist orientation; relaxing it and retrying (6 of 40).
[INFO] [1790708713.203379810] [camera_to_base_node]: IK_REQUEST: STARTED: Requesting joint angles only; no trajectory execution.
[INFO] [1790708715.301372945] [camera_to_base_node]: IK_RESULT: RETRY: NO_IK_SOLUTION (-31) with this wrist orientation; relaxing it and retrying (7 of 40).
[INFO] [1790708715.403005182] [camera_to_base_node]: IK_REQUEST: STARTED: Requesting joint angles only; no trajectory execution.
[INFO] [1790708717.501406479] [camera_to_base_node]: IK_RESULT: RETRY: NO_IK_SOLUTION (-31) with this wrist orientation; relaxing it and retrying (8 of 40).
[INFO] [1790708717.603018517] [camera_to_base_node]: IK_REQUEST: STARTED: Requesting joint angles only; no trajectory execution.
[INFO] [1790708719.701014185] [camera_to_base_node]: IK_RESULT: RETRY: NO_IK_SOLUTION (-31) with this wrist orientation; relaxing it and retrying (9 of 40).
[INFO] [1790708719.803041139] [camera_to_base_node]: IK_REQUEST: STARTED: Requesting joint angles only; no trajectory execution.
[INFO] [1790708721.901325209] [camera_to_base_node]: IK_RESULT: RETRY: NO_IK_SOLUTION (-31) with this wrist orientation; relaxing it and retrying (10 of 40).
[INFO] [1790708722.002927282] [camera_to_base_node]: IK_REQUEST: STARTED: Requesting joint angles only; no trajectory execution.
[INFO] [1790708724.100269033] [camera_to_base_node]: IK_RESULT: RETRY: NO_IK_SOLUTION (-31) with this wrist orientation; relaxing it and retrying (11 of 40).
[INFO] [1790708724.203057439] [camera_to_base_node]: IK_REQUEST: STARTED: Requesting joint angles only; no trajectory execution.
[INFO] [1790708726.301812776] [camera_to_base_node]: IK_RESULT: RETRY: NO_IK_SOLUTION (-31) with this wrist orientation; relaxing it and retrying (12 of 40).
[INFO] [1790708726.405116849] [camera_to_base_node]: IK_REQUEST: STARTED: Requesting joint angles only; no trajectory execution.
[INFO] [1790708728.501902980] [camera_to_base_node]: IK_RESULT: RETRY: NO_IK_SOLUTION (-31) with this wrist orientation; relaxing it and retrying (13 of 40).
[INFO] [1790708728.603872728] [camera_to_base_node]: IK_REQUEST: STARTED: Requesting joint angles only; no trajectory execution.
