warning: Using load_yaml() directly is deprecated. Use xacro.load_yaml() instead.
[INFO] [launch.user]: Vision run logs: /home/user/ros2_ws/src/computer_vision_model/logs/20260929_173511_129226
[INFO] [robot_state_publisher-1]: process started with pid [37178]
[INFO] [move_group-2]: process started with pid [37180]
[INFO] [solution_joint_state_node-3]: process started with pid [37182]
[INFO] [rviz2-4]: process started with pid [37184]
[INFO] [static_transform_publisher-5]: process started with pid [37186]
[INFO] [static_transform_publisher-6]: process started with pid [37188]
[INFO] [saved_image_capture_node-7]: process started with pid [37190]
[INFO] [fruit_detection_node-8]: process started with pid [37192]
[INFO] [camera_to_base_node-9]: process started with pid [37195]
[static_transform_publisher-5] [0m[INFO] [1790703311.493497208] [vision_camera_mount_tf]: Spinning until stopped - publishing transform
[static_transform_publisher-5] translation: ('-0.246900', '-0.506900', '0.228000')
[static_transform_publisher-5] rotation: ('-0.059865', '0.144527', '0.377972', '0.912505')
[static_transform_publisher-5] from 'base_link' to 'camera_link'[0m
[static_transform_publisher-6] [0m[INFO] [1790703311.495947514] [vision_camera_optical_tf]: Spinning until stopped - publishing transform
[static_transform_publisher-6] translation: ('0.000000', '0.000000', '0.000000')
[static_transform_publisher-6] rotation: ('-0.500000', '0.500000', '-0.500000', '0.500000')
[static_transform_publisher-6] from 'camera_link' to 'camera_color_optical_frame'[0m
[rviz2-4] QStandardPaths: XDG_RUNTIME_DIR not set, defaulting to '/tmp/runtime-user'
[robot_state_publisher-1] [0m[INFO] [1790703311.606322836] [robot_state_publisher]: got segment base_link[0m
[robot_state_publisher-1] [0m[INFO] [1790703311.606424564] [robot_state_publisher]: got segment link_1[0m
[robot_state_publisher-1] [0m[INFO] [1790703311.606435209] [robot_state_publisher]: got segment link_2[0m
[robot_state_publisher-1] [0m[INFO] [1790703311.606441726] [robot_state_publisher]: got segment link_3[0m
[robot_state_publisher-1] [0m[INFO] [1790703311.606447684] [robot_state_publisher]: got segment link_4[0m
[robot_state_publisher-1] [0m[INFO] [1790703311.606453399] [robot_state_publisher]: got segment link_5[0m
[robot_state_publisher-1] [0m[INFO] [1790703311.606458998] [robot_state_publisher]: got segment link_6[0m
[robot_state_publisher-1] [0m[INFO] [1790703311.606464605] [robot_state_publisher]: got segment world[0m
[move_group-2] [0m[INFO] [1790703311.681491316] [moveit_rdf_loader.rdf_loader]: Loaded robot model in 0.12792 seconds[0m
[move_group-2] [0m[INFO] [1790703311.681557053] [moveit_robot_model.robot_model]: Loading robot model 'robot_arm'...[0m
[move_group-2] [0m[INFO] [1790703311.681567056] [moveit_robot_model.robot_model]: No root/virtual joint specified in SRDF. Assuming fixed joint[0m
[move_group-2] [33m[WARN] [1790703311.711854633] [moveit_robot_model.robot_model]: Could not identify parent group for end-effector 'fork'[0m
[move_group-2] [0m[INFO] [1790703311.853288539] [moveit_ros.planning_scene_monitor.planning_scene_monitor]: Publishing maintained planning scene on 'monitored_planning_scene'[0m
[move_group-2] [0m[INFO] [1790703311.853520801] [moveit.ros_planning_interface.moveit_cpp]: Listening to 'joint_states' for joint states[0m
[move_group-2] [0m[INFO] [1790703311.864299673] [moveit_ros.current_state_monitor]: Listening to joint states on topic 'joint_states'[0m
[move_group-2] [0m[INFO] [1790703311.866994410] [moveit_ros.planning_scene_monitor.planning_scene_monitor]: Listening to '/attached_collision_object' for attached collision objects[0m
[move_group-2] [0m[INFO] [1790703311.867020199] [moveit_ros.planning_scene_monitor.planning_scene_monitor]: Starting planning scene monitor[0m
[move_group-2] [0m[INFO] [1790703311.868857423] [moveit_ros.planning_scene_monitor.planning_scene_monitor]: Listening to '/planning_scene'[0m
[move_group-2] [0m[INFO] [1790703311.868885014] [moveit_ros.planning_scene_monitor.planning_scene_monitor]: Starting world geometry update monitor for collision objects, attached objects, octomap updates.[0m
[move_group-2] [0m[INFO] [1790703311.877420358] [moveit_ros.planning_scene_monitor.planning_scene_monitor]: Listening to 'collision_object'[0m
[move_group-2] [0m[INFO] [1790703311.887429304] [moveit_ros.planning_scene_monitor.planning_scene_monitor]: Listening to 'planning_scene_world' for planning scene world geometry[0m
[move_group-2] [33m[WARN] [1790703311.887873755] [moveit.ros.occupancy_map_monitor.middleware_handle]: Resolution not specified for Octomap. Assuming resolution = 0.1 instead[0m
[move_group-2] [31m[ERROR] [1790703311.887889035] [moveit.ros.occupancy_map_monitor.middleware_handle]: No 3D sensor plugin(s) defined for octomap updates[0m
[move_group-2] [0m[INFO] [1790703311.929693308] [moveit.ros_planning_interface.moveit_cpp]: Loading planning pipeline 'chomp'[0m
[move_group-2] [0m[INFO] [1790703311.942757119] [moveit.ros_planning.planning_pipeline]: Using planning interface 'CHOMP'[0m
[move_group-2] [0m[INFO] [1790703311.947534075] [moveit_ros.add_time_optimal_parameterization]: Param 'chomp.path_tolerance' was not set. Using default value: 0.100000[0m
[move_group-2] [0m[INFO] [1790703311.947559276] [moveit_ros.add_time_optimal_parameterization]: Param 'chomp.resample_dt' was not set. Using default value: 0.100000[0m
[move_group-2] [0m[INFO] [1790703311.947565760] [moveit_ros.add_time_optimal_parameterization]: Param 'chomp.min_angle_change' was not set. Using default value: 0.001000[0m
[move_group-2] [0m[INFO] [1790703311.947589863] [moveit_ros.fix_workspace_bounds]: Param 'chomp.default_workspace_bounds' was not set. Using default value: 10.000000[0m
[move_group-2] [0m[INFO] [1790703311.947607348] [moveit_ros.fix_start_state_bounds]: Param 'chomp.start_state_max_bounds_error' was set to 0.100000[0m
[move_group-2] [0m[INFO] [1790703311.947613738] [moveit_ros.fix_start_state_bounds]: Param 'chomp.start_state_max_dt' was not set. Using default value: 0.500000[0m
[move_group-2] [0m[INFO] [1790703311.947626625] [moveit_ros.fix_start_state_collision]: Param 'chomp.start_state_max_dt' was not set. Using default value: 0.500000[0m
[move_group-2] [0m[INFO] [1790703311.947632861] [moveit_ros.fix_start_state_collision]: Param 'chomp.jiggle_fraction' was set to 0.050000[0m
[move_group-2] [0m[INFO] [1790703311.947639030] [moveit_ros.fix_start_state_collision]: Param 'chomp.max_sampling_attempts' was not set. Using default value: 100[0m
[move_group-2] [0m[INFO] [1790703311.947651570] [moveit.ros_planning.planning_pipeline]: Using planning request adapter 'Add Time Optimal Parameterization'[0m
[move_group-2] [0m[INFO] [1790703311.947656252] [moveit.ros_planning.planning_pipeline]: Using planning request adapter 'Resolve constraint frames to robot links'[0m
[move_group-2] [0m[INFO] [1790703311.947660206] [moveit.ros_planning.planning_pipeline]: Using planning request adapter 'Fix Workspace Bounds'[0m
[move_group-2] [0m[INFO] [1790703311.947664215] [moveit.ros_planning.planning_pipeline]: Using planning request adapter 'Fix Start State Bounds'[0m
[move_group-2] [0m[INFO] [1790703311.947668178] [moveit.ros_planning.planning_pipeline]: Using planning request adapter 'Fix Start State In Collision'[0m
[move_group-2] [0m[INFO] [1790703311.947912973] [moveit.ros_planning.planning_pipeline]: Using planning request adapter 'Fix Start State Path Constraints'[0m
[move_group-2] [0m[INFO] [1790703311.951670783] [moveit.ros_planning_interface.moveit_cpp]: Loading planning pipeline 'pilz_industrial_motion_planner'[0m
[move_group-2] [0m[INFO] [1790703311.955809538] [moveit.pilz_industrial_motion_planner.joint_limits_aggregator]: Reading limits from namespace robot_description_planning[0m
[move_group-2] [0m[INFO] [1790703311.964563794] [moveit.pilz_industrial_motion_planner]: Available plugins: pilz_industrial_motion_planner/PlanningContextLoaderCIRC pilz_industrial_motion_planner/PlanningContextLoaderLIN pilz_industrial_motion_planner/PlanningContextLoaderPTP [0m
[move_group-2] [0m[INFO] [1790703311.964590046] [moveit.pilz_industrial_motion_planner]: About to load: pilz_industrial_motion_planner/PlanningContextLoaderCIRC[0m
[move_group-2] [0m[INFO] [1790703311.966522703] [moveit.pilz_industrial_motion_planner]: Registered Algorithm [CIRC][0m
[move_group-2] [0m[INFO] [1790703311.966700271] [moveit.pilz_industrial_motion_planner]: About to load: pilz_industrial_motion_planner/PlanningContextLoaderLIN[0m
[move_group-2] [0m[INFO] [1790703311.968102718] [moveit.pilz_industrial_motion_planner]: Registered Algorithm [LIN][0m
[move_group-2] [0m[INFO] [1790703311.968125698] [moveit.pilz_industrial_motion_planner]: About to load: pilz_industrial_motion_planner/PlanningContextLoaderPTP[0m
[move_group-2] [0m[INFO] [1790703311.969371595] [moveit.pilz_industrial_motion_planner]: Registered Algorithm [PTP][0m
[move_group-2] [0m[INFO] [1790703311.969393543] [moveit.ros_planning.planning_pipeline]: Using planning interface 'Pilz Industrial Motion Planner'[0m
[move_group-2] [0m[INFO] [1790703311.971796012] [moveit.ros_planning_interface.moveit_cpp]: Loading planning pipeline 'ompl'[0m
[move_group-2] [0m[INFO] [1790703311.988683280] [moveit.ros_planning.planning_pipeline]: Using planning interface 'OMPL'[0m
[move_group-2] [0m[INFO] [1790703311.991393791] [moveit_ros.add_time_optimal_parameterization]: Param 'ompl.path_tolerance' was not set. Using default value: 0.100000[0m
[move_group-2] [0m[INFO] [1790703311.991414986] [moveit_ros.add_time_optimal_parameterization]: Param 'ompl.resample_dt' was not set. Using default value: 0.100000[0m
[move_group-2] [0m[INFO] [1790703311.991421041] [moveit_ros.add_time_optimal_parameterization]: Param 'ompl.min_angle_change' was not set. Using default value: 0.001000[0m
[move_group-2] [0m[INFO] [1790703311.991446399] [moveit_ros.fix_workspace_bounds]: Param 'ompl.default_workspace_bounds' was not set. Using default value: 10.000000[0m
[move_group-2] [0m[INFO] [1790703311.991464062] [moveit_ros.fix_start_state_bounds]: Param 'ompl.start_state_max_bounds_error' was set to 0.100000[0m
[move_group-2] [0m[INFO] [1790703311.991470604] [moveit_ros.fix_start_state_bounds]: Param 'ompl.start_state_max_dt' was not set. Using default value: 0.500000[0m
[move_group-2] [0m[INFO] [1790703311.991484371] [moveit_ros.fix_start_state_collision]: Param 'ompl.start_state_max_dt' was not set. Using default value: 0.500000[0m
[move_group-2] [0m[INFO] [1790703311.991490665] [moveit_ros.fix_start_state_collision]: Param 'ompl.jiggle_fraction' was set to 0.050000[0m
[move_group-2] [0m[INFO] [1790703311.991495712] [moveit_ros.fix_start_state_collision]: Param 'ompl.max_sampling_attempts' was not set. Using default value: 100[0m
[move_group-2] [0m[INFO] [1790703311.991508869] [moveit.ros_planning.planning_pipeline]: Using planning request adapter 'Add Time Optimal Parameterization'[0m
[move_group-2] [0m[INFO] [1790703311.991513578] [moveit.ros_planning.planning_pipeline]: Using planning request adapter 'Resolve constraint frames to robot links'[0m
[move_group-2] [0m[INFO] [1790703311.991517499] [moveit.ros_planning.planning_pipeline]: Using planning request adapter 'Fix Workspace Bounds'[0m
[move_group-2] [0m[INFO] [1790703311.991521526] [moveit.ros_planning.planning_pipeline]: Using planning request adapter 'Fix Start State Bounds'[0m
[move_group-2] [0m[INFO] [1790703311.991525227] [moveit.ros_planning.planning_pipeline]: Using planning request adapter 'Fix Start State In Collision'[0m
[move_group-2] [0m[INFO] [1790703311.991528978] [moveit.ros_planning.planning_pipeline]: Using planning request adapter 'Fix Start State Path Constraints'[0m
[move_group-2] [0m[INFO] [1790703312.081863397] [moveit.plugins.moveit_simple_controller_manager]: Added FollowJointTrajectory controller for arm_controller[0m
[move_group-2] [0m[INFO] [1790703312.083795146] [moveit.plugins.moveit_simple_controller_manager]: Returned 1 controllers in list[0m
[move_group-2] [0m[INFO] [1790703312.083894919] [moveit.plugins.moveit_simple_controller_manager]: Returned 1 controllers in list[0m
[move_group-2] [0m[INFO] [1790703312.084959522] [moveit_ros.trajectory_execution_manager]: Trajectory execution is managing controllers[0m
[move_group-2] [0m[INFO] [1790703312.084980649] [move_group.move_group]: MoveGroup debug mode is ON[0m
[move_group-2] [0m[INFO] [1790703312.109822888] [move_group.move_group]: 
[move_group-2] 
[move_group-2] ********************************************************
[move_group-2] * MoveGroup using: 
[move_group-2] *     - ApplyPlanningSceneService
[move_group-2] *     - ClearOctomapService
[move_group-2] *     - CartesianPathService
[move_group-2] *     - GetPlanningSceneService
[move_group-2] *     - KinematicsService
[move_group-2] *     - MotionPlanService
[move_group-2] *     - QueryPlannersService
[move_group-2] *     - StateValidationService
[move_group-2] ********************************************************
[move_group-2] [0m
[move_group-2] [0m[INFO] [1790703312.109863358] [moveit_move_group_capabilities_base.move_group_context]: MoveGroup context using planning plugin ompl_interface/OMPLPlanner[0m
[move_group-2] [0m[INFO] [1790703312.109873561] [moveit_move_group_capabilities_base.move_group_context]: MoveGroup context initialization complete[0m
[move_group-2] [96mLoading 'move_group/ApplyPlanningSceneService'...
[move_group-2] [0m[96mLoading 'move_group/ClearOctomapService'...
[move_group-2] [0m[96mLoading 'move_group/MoveGroupCartesianPathService'...
[move_group-2] [0m[96mLoading 'move_group/MoveGroupGetPlanningSceneService'...
[move_group-2] [0m[96mLoading 'move_group/MoveGroupKinematicsService'...
[move_group-2] [0m[96mLoading 'move_group/MoveGroupPlanService'...
[move_group-2] [0m[96mLoading 'move_group/MoveGroupQueryPlannersService'...
[move_group-2] [0m[96mLoading 'move_group/MoveGroupStateValidationService'...
[move_group-2] [0m[92m
[move_group-2] You can start planning now!
[move_group-2] 
[fruit_detection_node-8] [0m[INFO] [1790703312.272000483] [fruit_detection_node]: Fruit detection node ready[0m
[fruit_detection_node-8] [0m[INFO] [1790703312.272558347] [fruit_detection_node]:   Model: sliced-fruits-and-vegetables-rnw8f/1[0m
[fruit_detection_node-8] [0m[INFO] [1790703312.273039435] [fruit_detection_node]:   API: https://serverless.roboflow.com[0m
[fruit_detection_node-8] [0m[INFO] [1790703312.273573399] [fruit_detection_node]:   API key source: ROBOFLOW_API_KEY environment variable[0m
[fruit_detection_node-8] [0m[INFO] [1790703312.274389970] [fruit_detection_node]:   Detection results: /computer_vision/detections[0m
[rviz2-4] [0m[INFO] [1790703312.325315073] [rviz2]: Stereo is NOT SUPPORTED[0m
[rviz2-4] [0m[INFO] [1790703312.326419986] [rviz2]: OpenGl version: 4.6 (GLSL 4.6)[0m
[saved_image_capture_node-7] [0m[INFO] [1790703312.363265795] [saved_image_capture_node]: Saved-image input ready: /home/user/ros2_ws/src/computer_vision_model/input_images/banana_scene.jpg[0m
[rviz2-4] [0m[INFO] [1790703312.393795986] [rviz2]: Stereo is NOT SUPPORTED[0m
[rviz2-4] Warning: class_loader.impl: SEVERE WARNING!!! A namespace collision has occurred with plugin factory for class rviz_default_plugins::displays::InteractiveMarkerDisplay. New factory will OVERWRITE existing one. This situation occurs when libraries containing plugins are directly linked against an executable (the one running right now generating this message). Please separate plugins out into their own library or just don't link against the library and use either class_loader::ClassLoader/MultiLibraryClassLoader to open.
[rviz2-4]          at line 253 in /opt/ros/humble/include/class_loader/class_loader/class_loader_core.hpp
[solution_joint_state_node-3] Traceback (most recent call last):
[solution_joint_state_node-3]   File "/home/user/ros2_ws/install/computer_vision_model/lib/computer_vision_model/solution_joint_state_node", line 122, in <module>
[solution_joint_state_node-3]     main()
[solution_joint_state_node-3]   File "/home/user/ros2_ws/install/computer_vision_model/lib/computer_vision_model/solution_joint_state_node", line 110, in main
[solution_joint_state_node-3]     node = SolutionJointStateNode()
[solution_joint_state_node-3]   File "/home/user/ros2_ws/install/computer_vision_model/lib/computer_vision_model/solution_joint_state_node", line 48, in __init__
[solution_joint_state_node-3]     self.held = [str(n) for n in param('held_joints', [])]
[solution_joint_state_node-3]   File "/home/user/ros2_ws/install/computer_vision_model/lib/computer_vision_model/solution_joint_state_node", line 38, in param
[solution_joint_state_node-3]     return self.declare_parameter(name, default).value
[solution_joint_state_node-3]   File "/opt/ros/humble/local/lib/python3.10/dist-packages/rclpy/node.py", line 367, in declare_parameter
[solution_joint_state_node-3]     return self.declare_parameters('', [args], ignore_override)[0]
[solution_joint_state_node-3]   File "/opt/ros/humble/local/lib/python3.10/dist-packages/rclpy/node.py", line 493, in declare_parameters
[solution_joint_state_node-3]     self._set_parameters(
[solution_joint_state_node-3]   File "/opt/ros/humble/local/lib/python3.10/dist-packages/rclpy/node.py", line 738, in _set_parameters
[solution_joint_state_node-3]     raise InvalidParameterTypeException(
[solution_joint_state_node-3] rclpy.exceptions.InvalidParameterTypeException: Trying to set parameter 'held_joints' to '['joint_1', 'joint_6']' of type 'STRING_ARRAY', expecting type 'BYTE_ARRAY'
[camera_to_base_node-9] [0m[INFO] [1790703313.093605570] [camera_to_base_node]: STARTUP: READY: Waiting for one capture and its detections.[0m
[ERROR] [solution_joint_state_node-3]: process has died [pid 37182, exit code 1, cmd '/home/user/ros2_ws/install/computer_vision_model/lib/computer_vision_model/solution_joint_state_node --ros-args -r __node:=solution_joint_states --params-file /tmp/launch_params_wa15b4v5'].
[rviz2-4] [31m[ERROR] [1790703315.571838192] [moveit_ros_visualization.motion_planning_frame]: Action server: /recognize_objects not available[0m
[rviz2-4] [0m[INFO] [1790703315.600119853] [moveit_ros_visualization.motion_planning_frame]: MoveGroup namespace changed: / -> . Reloading params.[0m
[rviz2-4] [0m[INFO] [1790703315.693431231] [moveit_rdf_loader.rdf_loader]: Loaded robot model in 0.0343654 seconds[0m
[rviz2-4] [0m[INFO] [1790703315.693472226] [moveit_robot_model.robot_model]: Loading robot model 'robot_arm'...[0m
[rviz2-4] [0m[INFO] [1790703315.693486719] [moveit_robot_model.robot_model]: No root/virtual joint specified in SRDF. Assuming fixed joint[0m
[rviz2-4] [33m[WARN] [1790703315.714850897] [moveit_robot_model.robot_model]: Could not identify parent group for end-effector 'fork'[0m
[rviz2-4] [0m[INFO] [1790703315.803277261] [moveit_ros.planning_scene_monitor.planning_scene_monitor]: Starting planning scene monitor[0m
[rviz2-4] [0m[INFO] [1790703315.804120786] [moveit_ros.planning_scene_monitor.planning_scene_monitor]: Listening to '/monitored_planning_scene'[0m
[rviz2-4] [0m[INFO] [1790703315.847269966] [interactive_marker_display_109248766665664]: Connected on namespace: /rviz_moveit_motion_planning_display/robot_interaction_interactive_marker_topic[0m
[rviz2-4] [0m[INFO] [1790703315.867847758] [moveit_ros_visualization.motion_planning_frame]: group arm[0m
[rviz2-4] [0m[INFO] [1790703315.867872928] [moveit_ros_visualization.motion_planning_frame]: Constructing new MoveGroup connection for group 'arm' in namespace ''[0m
[rviz2-4] [0m[INFO] [1790703315.878326149] [interactive_marker_display_109248766665664]: Sending request for interactive markers[0m
[rviz2-4] [0m[INFO] [1790703315.911174217] [interactive_marker_display_109248766665664]: Service response received for initialization[0m
[fruit_detection_node-8] [0m[INFO] [1790703322.219226266] [fruit_detection_node]: Requesting a camera snapshot...[0m
[saved_image_capture_node-7] [0m[INFO] [1790703322.273792777] [saved_image_capture_node]: Prepared saved image: /home/user/ros2_ws/src/computer_vision_model/logs/20260929_173511_129226/captures/latest_rgb.jpg[0m
[fruit_detection_node-8] [0m[INFO] [1790703322.275116704] [fruit_detection_node]: Captured /home/user/ros2_ws/src/computer_vision_model/logs/20260929_173511_129226/captures/latest_rgb.jpg; starting inference...[0m
[fruit_detection_node-8] /home/user/.local/lib/python3.10/site-packages/inference_sdk/http/client.py:120: InferenceSDKGuidanceWarning: This client sends the Roboflow API key through the legacy channel (query parameter / request body). Sending it as the `Authorization: Bearer <api_key>` header is recommended and works with inference servers from release 1.5.0 onward. Opt in with InferenceConfiguration(api_key_transport='header'); use 'both' for a transition period safe with every server version. Set api_key_transport='legacy' explicitly to keep the current behaviour and silence this warning.
[fruit_detection_node-8]   warnings.warn(
[fruit_detection_node-8] [0m[INFO] [1790703324.904164983] [fruit_detection_node]: Roboflow detected 1 object(s)[0m
[fruit_detection_node-8] [0m[INFO] [1790703324.904677686] [fruit_detection_node]:   Apple: 1[0m
[fruit_detection_node-8] [0m[INFO] [1790703324.905244909] [fruit_detection_node]:     center=(494.5, 570.5), size=(305.0 x 85.0), confidence=0.536[0m
[fruit_detection_node-8] [0m[INFO] [1790703324.905736135] [fruit_detection_node]: Saved detections to /home/user/ros2_ws/src/computer_vision_model/logs/20260929_173511_129226/captures/latest_detections.json[0m
[fruit_detection_node-8] [0m[INFO] [1790703324.906211524] [fruit_detection_node]: Saved annotated image to /home/user/ros2_ws/src/computer_vision_model/logs/20260929_173511_129226/captures/latest_detections_annotated.jpg[0m
[fruit_detection_node-8] [0m[INFO] [1790703324.906817085] [fruit_detection_node]: Results published for downstream processing[0m
[camera_to_base_node-9] [0m[INFO] [1790703324.912550985] [camera_to_base_node]: SELECTION: SUCCESS: Highest-confidence detection; passing box centre to projection.[0m
[camera_to_base_node-9] [0m[INFO] [1790703324.953533089] [camera_to_base_node]: TRANSFORM: SUCCESS: Camera optical point projected onto the known plane, then transformed into the arm base (metres).[0m
[camera_to_base_node-9] [0m[INFO] [1790703324.954385047] [camera_to_base_node]: POSE: SUCCESS: Published /computer_vision/fruit_pose; passing pose to MoveIt IK.[0m
[camera_to_base_node-9] [0m[INFO] [1790703325.052690391] [camera_to_base_node]: IK_REQUEST: STARTED: Requesting joint angles only; no trajectory execution.[0m
[camera_to_base_node-9] [0m[INFO] [1790703325.151520426] [camera_to_base_node]: IK_RESULT: SUCCESS: MoveIt joint solution (ROS joint angles, not servo calibration values).[0m
[camera_to_base_node-9] [0m[INFO] [1790703325.154641996] [camera_to_base_node]: EXECUTE: SENT: Servo angles published to /esp32/joint_commands. The ESP32 echoes commands rather than measuring them, so this is what was sent, not confirmation the arm arrived. Sent NaN (hold, no servo) for: joint_1, joint_6.[0m
[camera_to_base_node-9] [0m[INFO] [1790703325.158987518] [camera_to_base_node]: PIPELINE: COMPLETE: Servo angles sent to the arm.[0m
[WARNING] [launch]: user interrupted with ctrl-c (SIGINT)
[static_transform_publisher-6] [0m[INFO] [1790703359.664821038] [rclcpp]: signal_handler(SIGINT/SIGTERM)[0m
[rviz2-4] [0m[INFO] [1790703359.665024358] [rclcpp]: signal_handler(SIGINT/SIGTERM)[0m
[static_transform_publisher-5] [0m[INFO] [1790703359.665102920] [rclcpp]: signal_handler(SIGINT/SIGTERM)[0m
[move_group-2] [0m[INFO] [1790703359.665484805] [rclcpp]: signal_handler(SIGINT/SIGTERM)[0m
[robot_state_publisher-1] [0m[INFO] [1790703359.672065014] [rclcpp]: signal_handler(SIGINT/SIGTERM)[0m
[rviz2-4] [33m[WARN] [1790703359.691816125] [interactive_marker_display_109248766665664]: Server not available while running, resetting[0m
[rviz2-4] terminate called without an active exception
[move_group-2] [0m[INFO] [1790703359.757812910] [moveit.ros_planning_interface.moveit_cpp]: Deleting MoveItCpp[0m
[move_group-2] [0m[INFO] [1790703359.762295661] [moveit_ros.planning_scene_monitor.planning_scene_monitor]: Stopped publishing maintained planning scene.[0m
[move_group-2] [0m[INFO] [1790703359.762874283] [moveit_ros.planning_scene_monitor.planning_scene_monitor]: Stopping world geometry monitor[0m
[move_group-2] [0m[INFO] [1790703359.763123788] [moveit_ros.planning_scene_monitor.planning_scene_monitor]: Stopping planning scene monitor[0m
[move_group-2] Warning: class_loader.ClassLoader: SEVERE WARNING!!! Attempting to unload library while objects created by this loader exist in the heap! You should delete your objects before attempting to unload the library or destroying the ClassLoader. The library will NOT be unloaded.
[move_group-2]          at line 127 in ./src/class_loader.cpp
[move_group-2] Stack trace (most recent call last):
[move_group-2] #16   Object "/usr/lib/x86_64-linux-gnu/ld-linux-x86-64.so.2", at 0xffffffffffffffff, in 
[move_group-2] #15   Object "/opt/ros/humble/lib/moveit_ros_move_group/move_group", at 0x5847ce319724, in 
[move_group-2] #14   Object "/usr/lib/x86_64-linux-gnu/libc.so.6", at 0x7333f5232e3f, in __libc_start_main
[move_group-2] #13   Object "/usr/lib/x86_64-linux-gnu/libc.so.6", at 0x7333f5232d8f, in 
[move_group-2] #12   Object "/opt/ros/humble/lib/moveit_ros_move_group/move_group", at 0x5847ce31865b, in 
[move_group-2] #11   Object "/opt/ros/humble/lib/moveit_ros_move_group/move_group", at 0x5847ce31a709, in 
[move_group-2] #10   Object "/opt/ros/humble/lib/libmoveit_cpp.so.2.5.9", at 0x7333f5b9c876, in moveit_cpp::MoveItCpp::~MoveItCpp()
[move_group-2] #9    Object "/opt/ros/humble/lib/libmoveit_cpp.so.2.5.9", at 0x7333f5b9aba9, in 
[move_group-2] #8    Object "/opt/ros/humble/lib/libmoveit_trajectory_execution_manager.so.2.5.9", at 0x7333f4f28495, in trajectory_execution_manager::TrajectoryExecutionManager::~TrajectoryExecutionManager()
[move_group-2] #7    Object "/opt/ros/humble/lib/libmoveit_trajectory_execution_manager.so.2.5.9", at 0x7333f4f3b3a9, in 
[move_group-2] #6    Object "/opt/ros/humble/lib/librclcpp.so", at 0x7333f57faebc, in rclcpp::Node::~Node()
[move_group-2] #5    Object "/opt/ros/humble/lib/librclcpp.so", at 0x7333f57fae5e, in rclcpp::Node::~Node()
[move_group-2] #4    Object "/opt/ros/humble/lib/librclcpp.so", at 0x7333f57d5f59, in 
[move_group-2] #3    Object "/opt/ros/humble/lib/librclcpp.so", at 0x7333f5804509, in 
[move_group-2] #2    Object "/opt/ros/humble/lib/librclcpp.so", at 0x7333f5804450, in rclcpp::node_interfaces::NodeBase::~NodeBase()
[move_group-2] #1    Object "/opt/ros/humble/lib/librclcpp.so", at 0x7333f57d5f59, in 
[move_group-2] #0    Object "/opt/ros/humble/lib/librclcpp.so", at 0x7333f57dadd1, in rclcpp::CallbackGroup::~CallbackGroup()
[move_group-2] Segmentation fault (Address not mapped to object [0x7333d6009798])
[WARNING] [launch]: user interrupted with ctrl-c (SIGINT) again, ignoring...
[INFO] [robot_state_publisher-1]: process has finished cleanly [pid 37178]
[INFO] [static_transform_publisher-6]: process has finished cleanly [pid 37188]
[INFO] [static_transform_publisher-5]: process has finished cleanly [pid 37186]
[ERROR] [camera_to_base_node-9]: process has died [pid 37195, exit code -2, cmd '/home/user/ros2_ws/install/computer_vision_model/lib/computer_vision_model/camera_to_base_node --ros-args --params-file /tmp/launch_params_dy9f6xz1'].
[ERROR] [saved_image_capture_node-7]: process has died [pid 37190, exit code -2, cmd '/home/user/ros2_ws/install/computer_vision_model/lib/computer_vision_model/saved_image_capture_node --ros-args --params-file /tmp/launch_params_re12ww4p'].
[ERROR] [fruit_detection_node-8]: process has died [pid 37192, exit code -2, cmd '/home/user/ros2_ws/install/computer_vision_model/lib/computer_vision_model/fruit_detection_node --ros-args --params-file /tmp/launch_params_yre59ola'].
[ERROR] [rviz2-4]: process has died [pid 37184, exit code -6, cmd '/opt/ros/humble/lib/rviz2/rviz2 -d /home/user/ros2_ws/install/robot_arm_movit_config/share/robot_arm_movit_config/config/moveit.rviz --ros-args -r __node:=vision_rviz --params-file /tmp/launch_params_52d_tx24 --params-file /tmp/launch_params_hn2hd_nn --params-file /tmp/launch_params_gece7g11 --params-file /tmp/launch_params_ftqi6hn6'].
[WARNING] [launch]: user interrupted with ctrl-c (SIGINT) again, ignoring...
[ERROR] [move_group-2]: process has died [pid 37180, exit code -11, cmd '/opt/ros/humble/lib/moveit_ros_move_group/move_group --ros-args --params-file /tmp/launch_params_hlwdemkh --params-file /tmp/launch_params_7p4ce7fa'].
[move_group-2] [0m
