warning: Using load_yaml() directly is deprecated. Use xacro.load_yaml() instead.
[INFO] [launch.user]: Vision run logs: /home/user/ros2_ws/src/computer_vision_model/logs/20260929_182446_052229
[INFO] [robot_state_publisher-1]: process started with pid [43965]
[INFO] [move_group-2]: process started with pid [43967]
[INFO] [solution_joint_state_node-3]: process started with pid [43969]
[INFO] [rviz2-4]: process started with pid [43971]
[INFO] [static_transform_publisher-5]: process started with pid [43973]
[INFO] [static_transform_publisher-6]: process started with pid [43975]
[INFO] [saved_image_capture_node-7]: process started with pid [43977]
[INFO] [fruit_detection_node-8]: process started with pid [43979]
[INFO] [camera_to_base_node-9]: process started with pid [43981]
[static_transform_publisher-5] [0m[INFO] [1790706286.341705435] [vision_camera_mount_tf]: Spinning until stopped - publishing transform
[static_transform_publisher-5] translation: ('-0.246900', '-0.506900', '0.228000')
[static_transform_publisher-5] rotation: ('-0.059865', '0.144527', '0.377972', '0.912505')
[static_transform_publisher-5] from 'base_link' to 'camera_link'[0m
[static_transform_publisher-6] [0m[INFO] [1790706286.422102793] [vision_camera_optical_tf]: Spinning until stopped - publishing transform
[static_transform_publisher-6] translation: ('0.000000', '0.000000', '0.000000')
[static_transform_publisher-6] rotation: ('-0.500000', '0.500000', '-0.500000', '0.500000')
[static_transform_publisher-6] from 'camera_link' to 'camera_color_optical_frame'[0m
[rviz2-4] QStandardPaths: XDG_RUNTIME_DIR not set, defaulting to '/tmp/runtime-user'
[robot_state_publisher-1] [0m[INFO] [1790706286.536051605] [robot_state_publisher]: got segment base_link[0m
[robot_state_publisher-1] [0m[INFO] [1790706286.539384909] [robot_state_publisher]: got segment link_1[0m
[robot_state_publisher-1] [0m[INFO] [1790706286.539403241] [robot_state_publisher]: got segment link_2[0m
[robot_state_publisher-1] [0m[INFO] [1790706286.539410433] [robot_state_publisher]: got segment link_3[0m
[robot_state_publisher-1] [0m[INFO] [1790706286.539416301] [robot_state_publisher]: got segment link_4[0m
[robot_state_publisher-1] [0m[INFO] [1790706286.539422043] [robot_state_publisher]: got segment link_5[0m
[robot_state_publisher-1] [0m[INFO] [1790706286.539427773] [robot_state_publisher]: got segment link_6[0m
[robot_state_publisher-1] [0m[INFO] [1790706286.539433525] [robot_state_publisher]: got segment world[0m
[move_group-2] [0m[INFO] [1790706286.714602668] [moveit_rdf_loader.rdf_loader]: Loaded robot model in 0.246097 seconds[0m
[move_group-2] [0m[INFO] [1790706286.714669768] [moveit_robot_model.robot_model]: Loading robot model 'robot_arm'...[0m
[move_group-2] [0m[INFO] [1790706286.714680210] [moveit_robot_model.robot_model]: No root/virtual joint specified in SRDF. Assuming fixed joint[0m
[move_group-2] [33m[WARN] [1790706286.796832221] [moveit_robot_model.robot_model]: Could not identify parent group for end-effector 'fork'[0m
[fruit_detection_node-8] [0m[INFO] [1790706286.967218653] [fruit_detection_node]: Fruit detection node ready[0m
[fruit_detection_node-8] [0m[INFO] [1790706286.967763420] [fruit_detection_node]:   Model: sliced-fruits-and-vegetables-rnw8f/1[0m
[fruit_detection_node-8] [0m[INFO] [1790706286.968223553] [fruit_detection_node]:   API: https://serverless.roboflow.com[0m
[fruit_detection_node-8] [0m[INFO] [1790706286.968668850] [fruit_detection_node]:   API key source: ROBOFLOW_API_KEY environment variable[0m
[fruit_detection_node-8] [0m[INFO] [1790706286.969109831] [fruit_detection_node]:   Detection results: /computer_vision/detections[0m
[move_group-2] [0m[INFO] [1790706287.067323074] [moveit_ros.planning_scene_monitor.planning_scene_monitor]: Publishing maintained planning scene on 'monitored_planning_scene'[0m
[move_group-2] [0m[INFO] [1790706287.067494670] [moveit.ros_planning_interface.moveit_cpp]: Listening to 'joint_states' for joint states[0m
[move_group-2] [0m[INFO] [1790706287.070502396] [moveit_ros.current_state_monitor]: Listening to joint states on topic 'joint_states'[0m
[move_group-2] [0m[INFO] [1790706287.082325841] [moveit_ros.planning_scene_monitor.planning_scene_monitor]: Listening to '/attached_collision_object' for attached collision objects[0m
[move_group-2] [0m[INFO] [1790706287.082352851] [moveit_ros.planning_scene_monitor.planning_scene_monitor]: Starting planning scene monitor[0m
[move_group-2] [0m[INFO] [1790706287.093470505] [moveit_ros.planning_scene_monitor.planning_scene_monitor]: Listening to '/planning_scene'[0m
[move_group-2] [0m[INFO] [1790706287.093500465] [moveit_ros.planning_scene_monitor.planning_scene_monitor]: Starting world geometry update monitor for collision objects, attached objects, octomap updates.[0m
[move_group-2] [0m[INFO] [1790706287.101298040] [moveit_ros.planning_scene_monitor.planning_scene_monitor]: Listening to 'collision_object'[0m
[move_group-2] [0m[INFO] [1790706287.114454425] [moveit_ros.planning_scene_monitor.planning_scene_monitor]: Listening to 'planning_scene_world' for planning scene world geometry[0m
[move_group-2] [33m[WARN] [1790706287.114888210] [moveit.ros.occupancy_map_monitor.middleware_handle]: Resolution not specified for Octomap. Assuming resolution = 0.1 instead[0m
[move_group-2] [31m[ERROR] [1790706287.114903263] [moveit.ros.occupancy_map_monitor.middleware_handle]: No 3D sensor plugin(s) defined for octomap updates[0m
[move_group-2] [0m[INFO] [1790706287.152185574] [moveit.ros_planning_interface.moveit_cpp]: Loading planning pipeline 'chomp'[0m
[move_group-2] [0m[INFO] [1790706287.163247525] [moveit.ros_planning.planning_pipeline]: Using planning interface 'CHOMP'[0m
[move_group-2] [0m[INFO] [1790706287.191880045] [moveit_ros.add_time_optimal_parameterization]: Param 'chomp.path_tolerance' was not set. Using default value: 0.100000[0m
[move_group-2] [0m[INFO] [1790706287.199957934] [moveit_ros.add_time_optimal_parameterization]: Param 'chomp.resample_dt' was not set. Using default value: 0.100000[0m
[move_group-2] [0m[INFO] [1790706287.199972752] [moveit_ros.add_time_optimal_parameterization]: Param 'chomp.min_angle_change' was not set. Using default value: 0.001000[0m
[move_group-2] [0m[INFO] [1790706287.200010318] [moveit_ros.fix_workspace_bounds]: Param 'chomp.default_workspace_bounds' was not set. Using default value: 10.000000[0m
[move_group-2] [0m[INFO] [1790706287.200030638] [moveit_ros.fix_start_state_bounds]: Param 'chomp.start_state_max_bounds_error' was set to 0.100000[0m
[move_group-2] [0m[INFO] [1790706287.200037079] [moveit_ros.fix_start_state_bounds]: Param 'chomp.start_state_max_dt' was not set. Using default value: 0.500000[0m
[move_group-2] [0m[INFO] [1790706287.200050201] [moveit_ros.fix_start_state_collision]: Param 'chomp.start_state_max_dt' was not set. Using default value: 0.500000[0m
[move_group-2] [0m[INFO] [1790706287.200056330] [moveit_ros.fix_start_state_collision]: Param 'chomp.jiggle_fraction' was set to 0.050000[0m
[move_group-2] [0m[INFO] [1790706287.200063217] [moveit_ros.fix_start_state_collision]: Param 'chomp.max_sampling_attempts' was not set. Using default value: 100[0m
[move_group-2] [0m[INFO] [1790706287.200076076] [moveit.ros_planning.planning_pipeline]: Using planning request adapter 'Add Time Optimal Parameterization'[0m
[move_group-2] [0m[INFO] [1790706287.200081033] [moveit.ros_planning.planning_pipeline]: Using planning request adapter 'Resolve constraint frames to robot links'[0m
[move_group-2] [0m[INFO] [1790706287.200085235] [moveit.ros_planning.planning_pipeline]: Using planning request adapter 'Fix Workspace Bounds'[0m
[move_group-2] [0m[INFO] [1790706287.200089410] [moveit.ros_planning.planning_pipeline]: Using planning request adapter 'Fix Start State Bounds'[0m
[move_group-2] [0m[INFO] [1790706287.200093448] [moveit.ros_planning.planning_pipeline]: Using planning request adapter 'Fix Start State In Collision'[0m
[move_group-2] [0m[INFO] [1790706287.200340846] [moveit.ros_planning.planning_pipeline]: Using planning request adapter 'Fix Start State Path Constraints'[0m
[rviz2-4] [0m[INFO] [1790706287.206594723] [rviz2]: Stereo is NOT SUPPORTED[0m
[rviz2-4] [0m[INFO] [1790706287.206689360] [rviz2]: OpenGl version: 4.6 (GLSL 4.6)[0m
[move_group-2] [0m[INFO] [1790706287.263622507] [moveit.ros_planning_interface.moveit_cpp]: Loading planning pipeline 'pilz_industrial_motion_planner'[0m
[move_group-2] [0m[INFO] [1790706287.279744663] [moveit.pilz_industrial_motion_planner.joint_limits_aggregator]: Reading limits from namespace robot_description_planning[0m
[move_group-2] [0m[INFO] [1790706287.300058832] [moveit.pilz_industrial_motion_planner]: Available plugins: pilz_industrial_motion_planner/PlanningContextLoaderCIRC pilz_industrial_motion_planner/PlanningContextLoaderLIN pilz_industrial_motion_planner/PlanningContextLoaderPTP [0m
[move_group-2] [0m[INFO] [1790706287.300086223] [moveit.pilz_industrial_motion_planner]: About to load: pilz_industrial_motion_planner/PlanningContextLoaderCIRC[0m
[solution_joint_state_node-3] Traceback (most recent call last):
[solution_joint_state_node-3]   File "/home/user/ros2_ws/install/computer_vision_model/lib/computer_vision_model/solution_joint_state_node", line 129, in <module>
[solution_joint_state_node-3]     main()
[solution_joint_state_node-3]   File "/home/user/ros2_ws/install/computer_vision_model/lib/computer_vision_model/solution_joint_state_node", line 117, in main
[solution_joint_state_node-3]     node = SolutionJointStateNode()
[solution_joint_state_node-3]   File "/home/user/ros2_ws/install/computer_vision_model/lib/computer_vision_model/solution_joint_state_node", line 53, in __init__
[solution_joint_state_node-3]     self.held = [str(n) for n in self.declare_parameter(
[solution_joint_state_node-3]   File "/opt/ros/humble/local/lib/python3.10/dist-packages/rclpy/node.py", line 367, in declare_parameter
[solution_joint_state_node-3]     return self.declare_parameters('', [args], ignore_override)[0]
[solution_joint_state_node-3]   File "/opt/ros/humble/local/lib/python3.10/dist-packages/rclpy/node.py", line 493, in declare_parameters
[solution_joint_state_node-3]     self._set_parameters(
[solution_joint_state_node-3]   File "/opt/ros/humble/local/lib/python3.10/dist-packages/rclpy/node.py", line 738, in _set_parameters
[solution_joint_state_node-3]     raise InvalidParameterTypeException(
[solution_joint_state_node-3] rclpy.exceptions.InvalidParameterTypeException: Trying to set parameter 'held_joints' to '['joint_1', 'joint_6']' of type 'STRING_ARRAY', expecting type 'BYTE_ARRAY'
[move_group-2] [0m[INFO] [1790706287.332712038] [moveit.pilz_industrial_motion_planner]: Registered Algorithm [CIRC][0m
[move_group-2] [0m[INFO] [1790706287.332736213] [moveit.pilz_industrial_motion_planner]: About to load: pilz_industrial_motion_planner/PlanningContextLoaderLIN[0m
[move_group-2] [0m[INFO] [1790706287.346615835] [moveit.pilz_industrial_motion_planner]: Registered Algorithm [LIN][0m
[move_group-2] [0m[INFO] [1790706287.347605369] [moveit.pilz_industrial_motion_planner]: About to load: pilz_industrial_motion_planner/PlanningContextLoaderPTP[0m
[move_group-2] [0m[INFO] [1790706287.360906287] [moveit.pilz_industrial_motion_planner]: Registered Algorithm [PTP][0m
[move_group-2] [0m[INFO] [1790706287.360940939] [moveit.ros_planning.planning_pipeline]: Using planning interface 'Pilz Industrial Motion Planner'[0m
[move_group-2] [0m[INFO] [1790706287.365865934] [moveit.ros_planning_interface.moveit_cpp]: Loading planning pipeline 'ompl'[0m
[rviz2-4] [0m[INFO] [1790706287.366295923] [rviz2]: Stereo is NOT SUPPORTED[0m
[move_group-2] [0m[INFO] [1790706287.445497557] [moveit.ros_planning.planning_pipeline]: Using planning interface 'OMPL'[0m
[move_group-2] [0m[INFO] [1790706287.489542236] [moveit_ros.add_time_optimal_parameterization]: Param 'ompl.path_tolerance' was not set. Using default value: 0.100000[0m
[move_group-2] [0m[INFO] [1790706287.489569315] [moveit_ros.add_time_optimal_parameterization]: Param 'ompl.resample_dt' was not set. Using default value: 0.100000[0m
[move_group-2] [0m[INFO] [1790706287.489575711] [moveit_ros.add_time_optimal_parameterization]: Param 'ompl.min_angle_change' was not set. Using default value: 0.001000[0m
[move_group-2] [0m[INFO] [1790706287.489602008] [moveit_ros.fix_workspace_bounds]: Param 'ompl.default_workspace_bounds' was not set. Using default value: 10.000000[0m
[move_group-2] [0m[INFO] [1790706287.489621027] [moveit_ros.fix_start_state_bounds]: Param 'ompl.start_state_max_bounds_error' was set to 0.100000[0m
[move_group-2] [0m[INFO] [1790706287.489627656] [moveit_ros.fix_start_state_bounds]: Param 'ompl.start_state_max_dt' was not set. Using default value: 0.500000[0m
[move_group-2] [0m[INFO] [1790706287.489642049] [moveit_ros.fix_start_state_collision]: Param 'ompl.start_state_max_dt' was not set. Using default value: 0.500000[0m
[move_group-2] [0m[INFO] [1790706287.489648424] [moveit_ros.fix_start_state_collision]: Param 'ompl.jiggle_fraction' was set to 0.050000[0m
[move_group-2] [0m[INFO] [1790706287.489653782] [moveit_ros.fix_start_state_collision]: Param 'ompl.max_sampling_attempts' was not set. Using default value: 100[0m
[move_group-2] [0m[INFO] [1790706287.489668219] [moveit.ros_planning.planning_pipeline]: Using planning request adapter 'Add Time Optimal Parameterization'[0m
[move_group-2] [0m[INFO] [1790706287.489674074] [moveit.ros_planning.planning_pipeline]: Using planning request adapter 'Resolve constraint frames to robot links'[0m
[move_group-2] [0m[INFO] [1790706287.489678304] [moveit.ros_planning.planning_pipeline]: Using planning request adapter 'Fix Workspace Bounds'[0m
[move_group-2] [0m[INFO] [1790706287.489682594] [moveit.ros_planning.planning_pipeline]: Using planning request adapter 'Fix Start State Bounds'[0m
[move_group-2] [0m[INFO] [1790706287.489686825] [moveit.ros_planning.planning_pipeline]: Using planning request adapter 'Fix Start State In Collision'[0m
[move_group-2] [0m[INFO] [1790706287.489690793] [moveit.ros_planning.planning_pipeline]: Using planning request adapter 'Fix Start State Path Constraints'[0m
[move_group-2] [0m[INFO] [1790706287.598398474] [moveit.plugins.moveit_simple_controller_manager]: Added FollowJointTrajectory controller for arm_controller[0m
[move_group-2] [0m[INFO] [1790706287.598565684] [moveit.plugins.moveit_simple_controller_manager]: Returned 1 controllers in list[0m
[move_group-2] [0m[INFO] [1790706287.598623031] [moveit.plugins.moveit_simple_controller_manager]: Returned 1 controllers in list[0m
[move_group-2] [0m[INFO] [1790706287.604530822] [moveit_ros.trajectory_execution_manager]: Trajectory execution is managing controllers[0m
[move_group-2] [0m[INFO] [1790706287.604557499] [move_group.move_group]: MoveGroup debug mode is ON[0m
[ERROR] [solution_joint_state_node-3]: process has died [pid 43969, exit code 1, cmd '/home/user/ros2_ws/install/computer_vision_model/lib/computer_vision_model/solution_joint_state_node --ros-args -r __node:=solution_joint_states --params-file /tmp/launch_params_vifb42xd'].
[saved_image_capture_node-7] [0m[INFO] [1790706287.692420615] [saved_image_capture_node]: Saved-image input ready: /home/user/ros2_ws/src/computer_vision_model/input_images/banana_scene.jpg[0m
[move_group-2] [0m[INFO] [1790706287.727670692] [move_group.move_group]: 
[move_group-2] 
[move_group-2] ********************************************************
[move_group-2] * MoveGroup using: 
[move_group-2] *     - ApplyPlanningSceneService
[move_group-2] *     - ClearOctomapService
[move_group-2] *     - CartesianPathService
[move_group-2] *     - GetPlanningSceneService
[move_group-2] *     - KinematicsService
[move_group-2] *     - MotionPlanService
[move_group-2] *     - QueryPlannersService
[move_group-2] *     - StateValidationService
[move_group-2] ********************************************************
[move_group-2] [0m
[move_group-2] [0m[INFO] [1790706287.727718710] [moveit_move_group_capabilities_base.move_group_context]: MoveGroup context using planning plugin ompl_interface/OMPLPlanner[0m
[move_group-2] [0m[INFO] [1790706287.727730356] [moveit_move_group_capabilities_base.move_group_context]: MoveGroup context initialization complete[0m
[move_group-2] [96mLoading 'move_group/ApplyPlanningSceneService'...
[move_group-2] [0m[96mLoading 'move_group/ClearOctomapService'...
[move_group-2] [0m[96mLoading 'move_group/MoveGroupCartesianPathService'...
[move_group-2] [0m[96mLoading 'move_group/MoveGroupGetPlanningSceneService'...
[move_group-2] [0m[96mLoading 'move_group/MoveGroupKinematicsService'...
[move_group-2] [0m[96mLoading 'move_group/MoveGroupPlanService'...
[move_group-2] [0m[96mLoading 'move_group/MoveGroupQueryPlannersService'...
[move_group-2] [0m[96mLoading 'move_group/MoveGroupStateValidationService'...
[move_group-2] [0m[92m
[move_group-2] You can start planning now!
[move_group-2] 
[camera_to_base_node-9] [0m[INFO] [1790706287.840553938] [camera_to_base_node]: STARTUP: READY: Waiting for one capture and its detections.[0m
[rviz2-4] Warning: class_loader.impl: SEVERE WARNING!!! A namespace collision has occurred with plugin factory for class rviz_default_plugins::displays::InteractiveMarkerDisplay. New factory will OVERWRITE existing one. This situation occurs when libraries containing plugins are directly linked against an executable (the one running right now generating this message). Please separate plugins out into their own library or just don't link against the library and use either class_loader::ClassLoader/MultiLibraryClassLoader to open.
[rviz2-4]          at line 253 in /opt/ros/humble/include/class_loader/class_loader/class_loader_core.hpp
[rviz2-4] [31m[ERROR] [1790706290.982704775] [moveit_ros_visualization.motion_planning_frame]: Action server: /recognize_objects not available[0m
[rviz2-4] [0m[INFO] [1790706291.006357884] [moveit_ros_visualization.motion_planning_frame]: MoveGroup namespace changed: / -> . Reloading params.[0m
[rviz2-4] [0m[INFO] [1790706291.105936145] [moveit_rdf_loader.rdf_loader]: Loaded robot model in 0.0417293 seconds[0m
[rviz2-4] [0m[INFO] [1790706291.105979937] [moveit_robot_model.robot_model]: Loading robot model 'robot_arm'...[0m
[rviz2-4] [0m[INFO] [1790706291.105995699] [moveit_robot_model.robot_model]: No root/virtual joint specified in SRDF. Assuming fixed joint[0m
[rviz2-4] [33m[WARN] [1790706291.127906663] [moveit_robot_model.robot_model]: Could not identify parent group for end-effector 'fork'[0m
[rviz2-4] [0m[INFO] [1790706291.207224794] [moveit_ros.planning_scene_monitor.planning_scene_monitor]: Starting planning scene monitor[0m
[rviz2-4] [0m[INFO] [1790706291.207828508] [moveit_ros.planning_scene_monitor.planning_scene_monitor]: Listening to '/monitored_planning_scene'[0m
[rviz2-4] [0m[INFO] [1790706291.240241103] [interactive_marker_display_108620828933760]: Connected on namespace: /rviz_moveit_motion_planning_display/robot_interaction_interactive_marker_topic[0m
[rviz2-4] [0m[INFO] [1790706291.254040303] [moveit_ros_visualization.motion_planning_frame]: group arm[0m
[rviz2-4] [0m[INFO] [1790706291.254066845] [moveit_ros_visualization.motion_planning_frame]: Constructing new MoveGroup connection for group 'arm' in namespace ''[0m
[rviz2-4] [0m[INFO] [1790706291.260637115] [interactive_marker_display_108620828933760]: Sending request for interactive markers[0m
[rviz2-4] [0m[INFO] [1790706291.270962559] [interactive_marker_display_108620828933760]: Service response received for initialization[0m
[fruit_detection_node-8] [0m[INFO] [1790706296.945596032] [fruit_detection_node]: Requesting a camera snapshot...[0m
[saved_image_capture_node-7] [0m[INFO] [1790706297.001961440] [saved_image_capture_node]: Prepared saved image: /home/user/ros2_ws/src/computer_vision_model/logs/20260929_182446_052229/captures/latest_rgb.jpg[0m
[fruit_detection_node-8] [0m[INFO] [1790706297.003351198] [fruit_detection_node]: Captured /home/user/ros2_ws/src/computer_vision_model/logs/20260929_182446_052229/captures/latest_rgb.jpg; starting inference...[0m
[fruit_detection_node-8] /home/user/.local/lib/python3.10/site-packages/inference_sdk/http/client.py:120: InferenceSDKGuidanceWarning: This client sends the Roboflow API key through the legacy channel (query parameter / request body). Sending it as the `Authorization: Bearer <api_key>` header is recommended and works with inference servers from release 1.5.0 onward. Opt in with InferenceConfiguration(api_key_transport='header'); use 'both' for a transition period safe with every server version. Set api_key_transport='legacy' explicitly to keep the current behaviour and silence this warning.
[fruit_detection_node-8]   warnings.warn(
[fruit_detection_node-8] [0m[INFO] [1790706299.214741226] [fruit_detection_node]: Roboflow detected 1 object(s)[0m
[fruit_detection_node-8] [0m[INFO] [1790706299.215287503] [fruit_detection_node]:   Apple: 1[0m
[fruit_detection_node-8] [0m[INFO] [1790706299.215800993] [fruit_detection_node]:     center=(494.5, 570.5), size=(305.0 x 85.0), confidence=0.536[0m
[fruit_detection_node-8] [0m[INFO] [1790706299.216320663] [fruit_detection_node]: Saved detections to /home/user/ros2_ws/src/computer_vision_model/logs/20260929_182446_052229/captures/latest_detections.json[0m
[fruit_detection_node-8] [0m[INFO] [1790706299.216822556] [fruit_detection_node]: Saved annotated image to /home/user/ros2_ws/src/computer_vision_model/logs/20260929_182446_052229/captures/latest_detections_annotated.jpg[0m
[fruit_detection_node-8] [0m[INFO] [1790706299.217351494] [fruit_detection_node]: Results published for downstream processing[0m
[camera_to_base_node-9] [0m[INFO] [1790706299.222246848] [camera_to_base_node]: SELECTION: SUCCESS: Highest-confidence detection; passing box centre to projection.[0m
[camera_to_base_node-9] [0m[INFO] [1790706299.305139634] [camera_to_base_node]: TRANSFORM: SUCCESS: Camera optical point projected onto the known plane, then transformed into the arm base (metres).[0m
[camera_to_base_node-9] [0m[INFO] [1790706299.307178670] [camera_to_base_node]: POSE: SUCCESS: Published /computer_vision/fruit_pose; passing pose to MoveIt IK.[0m
[camera_to_base_node-9] [0m[INFO] [1790706299.399851015] [camera_to_base_node]: IK_REQUEST: STARTED: Requesting joint angles only; no trajectory execution.[0m
[camera_to_base_node-9] [0m[INFO] [1790706299.498572446] [camera_to_base_node]: IK_RESULT: SUCCESS: MoveIt joint solution (ROS joint angles, not servo calibration values).[0m
[camera_to_base_node-9] [0m[INFO] [1790706299.504138978] [camera_to_base_node]: EXECUTE: SENT: Servo angles published to /esp32/joint_commands. The ESP32 echoes commands rather than measuring them, so this is what was sent, not confirmation the arm arrived. Sent NaN (hold, no servo) for: joint_1, joint_6.[0m
[camera_to_base_node-9] [0m[INFO] [1790706300.506163542] [camera_to_base_node]: STAB_POSE: SUCCESS: Descending 5.0 cm from the hover pose; solving IK for the stab target.[0m
[camera_to_base_node-9] [0m[INFO] [1790706300.507949172] [camera_to_base_node]: IK_REQUEST: STARTED: Requesting joint angles only; no trajectory execution.[0m
[camera_to_base_node-9] [0m[INFO] [1790706300.596241506] [camera_to_base_node]: IK_RESULT: SUCCESS: MoveIt joint solution (ROS joint angles, not servo calibration values).[0m
[camera_to_base_node-9] [0m[INFO] [1790706300.699174248] [camera_to_base_node]: STAB_PLAN: STARTED: Planning the descent with RRTConnectkConfigDefault via /plan_kinematic_path (planning only; MoveIt does not execute).[0m
[move_group-2] [0m[INFO] [1790706300.702790950] [moveit_move_group_default_capabilities.plan_service_capability]: Received new planning service request...[0m
[move_group-2] [33m[WARN] [1790706300.704667715] [moveit.ompl_planning.planning_context_manager]: Cannot find planning configuration for group 'arm' using planner 'RRTConnectkConfigDefault'. Will use defaults instead.[0m
[move_group-2] [0m[INFO] [1790706300.706853317] [moveit.ompl_planning.model_based_planning_context]: Planner configuration 'arm' will use planner 'geometric::RRTConnect'. Additional configuration parameters will be set when the planner is constructed.[0m
[camera_to_base_node-9] [0m[INFO] [1790706300.798106766] [camera_to_base_node]: STAB_PLAN: SUCCESS: 27 waypoints; streaming them over 2.0 s.[0m
[camera_to_base_node-9] [0m[INFO] [1790706303.499554073] [camera_to_base_node]: STAB_EXECUTE: SENT: Descent complete: 27 waypoints sent to /esp32/joint_commands. The ESP32 echoes commands rather than measuring them, so this is what was sent, not confirmation the fork arrived.[0m
[camera_to_base_node-9] [0m[INFO] [1790706303.510051161] [camera_to_base_node]: PIPELINE: COMPLETE: Hover reached and stab descent streamed to the arm.[0m
[rviz2-4] [0m[INFO] [1790706351.299153268] [move_group_interface]: Ready to take commands for planning group arm.[0m
[rviz2-4] [0m[INFO] [1790706351.301886021] [moveit_ros_visualization.motion_planning_frame]: group arm[0m
[WARNING] [launch]: user interrupted with ctrl-c (SIGINT)
[robot_state_publisher-1] [0m[INFO] [1790706480.606239635] [rclcpp]: signal_handler(SIGINT/SIGTERM)[0m
[rviz2-4] [0m[INFO] [1790706480.606518542] [rclcpp]: signal_handler(SIGINT/SIGTERM)[0m
[static_transform_publisher-6] [0m[INFO] [1790706480.606699070] [rclcpp]: signal_handler(SIGINT/SIGTERM)[0m
[static_transform_publisher-5] [0m[INFO] [1790706480.606732225] [rclcpp]: signal_handler(SIGINT/SIGTERM)[0m
[move_group-2] [0m[INFO] [1790706480.607977984] [rclcpp]: signal_handler(SIGINT/SIGTERM)[0m
[rviz2-4] [33m[WARN] [1790706480.624240353] [interactive_marker_display_108620828933760]: Server not available while running, resetting[0m
[move_group-2] [0m[INFO] [1790706480.711923684] [moveit.ros_planning_interface.moveit_cpp]: Deleting MoveItCpp[0m
[move_group-2] [0m[INFO] [1790706480.712736450] [moveit_ros.planning_scene_monitor.planning_scene_monitor]: Stopped publishing maintained planning scene.[0m
[move_group-2] [0m[INFO] [1790706480.713356367] [moveit_ros.planning_scene_monitor.planning_scene_monitor]: Stopping world geometry monitor[0m
[move_group-2] [0m[INFO] [1790706480.713603982] [moveit_ros.planning_scene_monitor.planning_scene_monitor]: Stopping planning scene monitor[0m
[move_group-2] Warning: class_loader.ClassLoader: SEVERE WARNING!!! Attempting to unload library while objects created by this loader exist in the heap! You should delete your objects before attempting to unload the library or destroying the ClassLoader. The library will NOT be unloaded.
[move_group-2]          at line 127 in ./src/class_loader.cpp
[rviz2-4] 
[rviz2-4] >>> [rcutils|error_handling.c:108] rcutils_set_error_state()
[rviz2-4] This error state is being overwritten:
[rviz2-4] 
[rviz2-4]   'rcl node's context is invalid, at ./src/rcl/node.c:428'
[rviz2-4] 
[rviz2-4] with this new error message:
[rviz2-4] 
[rviz2-4]   'publisher's context is invalid, at ./src/rcl/publisher.c:389'
[rviz2-4] 
[rviz2-4] rcutils_reset_error() should be called after error handling to avoid this.
[rviz2-4] <<<
[rviz2-4] [0m[INFO] [1790706480.719571329] [moveit_ros.planning_scene_monitor.planning_scene_monitor]: Stopping planning scene monitor[0m
[move_group-2] Stack trace (most recent call last):
[move_group-2] #16   Object "/usr/lib/x86_64-linux-gnu/ld-linux-x86-64.so.2", at 0xffffffffffffffff, in 
[move_group-2] #15   Object "/opt/ros/humble/lib/moveit_ros_move_group/move_group", at 0x56c08a054724, in 
[move_group-2] #14   Object "/usr/lib/x86_64-linux-gnu/libc.so.6", at 0x741f2f5bde3f, in __libc_start_main
[move_group-2] #13   Object "/usr/lib/x86_64-linux-gnu/libc.so.6", at 0x741f2f5bdd8f, in 
[move_group-2] #12   Object "/opt/ros/humble/lib/moveit_ros_move_group/move_group", at 0x56c08a05365b, in 
[move_group-2] #11   Object "/opt/ros/humble/lib/moveit_ros_move_group/move_group", at 0x56c08a055709, in 
[move_group-2] #10   Object "/opt/ros/humble/lib/libmoveit_cpp.so.2.5.9", at 0x741f2ff27876, in moveit_cpp::MoveItCpp::~MoveItCpp()
[move_group-2] #9    Object "/opt/ros/humble/lib/libmoveit_cpp.so.2.5.9", at 0x741f2ff25ba9, in 
[move_group-2] #8    Object "/opt/ros/humble/lib/libmoveit_trajectory_execution_manager.so.2.5.9", at 0x741f2f2b3495, in trajectory_execution_manager::TrajectoryExecutionManager::~TrajectoryExecutionManager()
[move_group-2] #7    Object "/opt/ros/humble/lib/libmoveit_trajectory_execution_manager.so.2.5.9", at 0x741f2f2c63a9, in 
[move_group-2] #6    Object "/opt/ros/humble/lib/librclcpp.so", at 0x741f2fb85ebc, in rclcpp::Node::~Node()
[move_group-2] #5    Object "/opt/ros/humble/lib/librclcpp.so", at 0x741f2fb85e5e, in rclcpp::Node::~Node()
[move_group-2] #4    Object "/opt/ros/humble/lib/librclcpp.so", at 0x741f2fb60f59, in 
[move_group-2] #3    Object "/opt/ros/humble/lib/librclcpp.so", at 0x741f2fb8f509, in 
[move_group-2] #2    Object "/opt/ros/humble/lib/librclcpp.so", at 0x741f2fb8f450, in rclcpp::node_interfaces::NodeBase::~NodeBase()
[move_group-2] #1    Object "/opt/ros/humble/lib/librclcpp.so", at 0x741f2fb60f59, in 
[move_group-2] #0    Object "/opt/ros/humble/lib/librclcpp.so", at 0x741f2fb65dd1, in rclcpp::CallbackGroup::~CallbackGroup()
[move_group-2] Segmentation fault (Address not mapped to object [0x741f24280798])
[INFO] [static_transform_publisher-5]: process has finished cleanly [pid 43973]
[INFO] [robot_state_publisher-1]: process has finished cleanly [pid 43965]
[INFO] [static_transform_publisher-6]: process has finished cleanly [pid 43975]
[INFO] [saved_image_capture_node-7]: process has finished cleanly [pid 43977]
[ERROR] [move_group-2]: process has died [pid 43967, exit code -11, cmd '/opt/ros/humble/lib/moveit_ros_move_group/move_group --ros-args --params-file /tmp/launch_params_p7rl30e4 --params-file /tmp/launch_params_pfw_36h3'].
[move_group-2] [0m
[INFO] [camera_to_base_node-9]: process has finished cleanly [pid 43981]
[INFO] [fruit_detection_node-8]: process has finished cleanly [pid 43979]
[ERROR] [rviz2-4]: process has died [pid 43971, exit code -11, cmd '/opt/ros/humble/lib/rviz2/rviz2 -d /home/user/ros2_ws/install/robot_arm_movit_config/share/robot_arm_movit_config/config/moveit.rviz --ros-args -r __node:=vision_rviz --params-file /tmp/launch_params_yw9rb9qr --params-file /tmp/launch_params_5m98blm5 --params-file /tmp/launch_params_h0ruqkwh --params-file /tmp/launch_params_pblz_79i'].
