warning: Using load_yaml() directly is deprecated. Use xacro.load_yaml() instead.
[INFO] [launch.user]: Vision run logs: /home/user/ros2_ws/src/computer_vision_model/logs/20260928_180858_168282
[INFO] [robot_state_publisher-1]: process started with pid [31895]
[INFO] [move_group-2]: process started with pid [31897]
[INFO] [static_transform_publisher-3]: process started with pid [31899]
[INFO] [static_transform_publisher-4]: process started with pid [31901]
[INFO] [saved_image_capture_node-5]: process started with pid [31903]
[INFO] [fruit_detection_node-6]: process started with pid [31905]
[INFO] [camera_to_base_node-7]: process started with pid [31907]
[static_transform_publisher-3] [0m[INFO] [1790618938.416207038] [vision_camera_mount_tf]: Spinning until stopped - publishing transform
[static_transform_publisher-3] translation: ('-0.246900', '-0.506900', '0.228000')
[static_transform_publisher-3] rotation: ('-0.059865', '0.144527', '0.377972', '0.912505')
[static_transform_publisher-3] from 'base_link' to 'camera_link'[0m
[robot_state_publisher-1] [0m[INFO] [1790618938.508619959] [robot_state_publisher]: got segment base_link[0m
[robot_state_publisher-1] [0m[INFO] [1790618938.512271906] [robot_state_publisher]: got segment link_1[0m
[robot_state_publisher-1] [0m[INFO] [1790618938.512290798] [robot_state_publisher]: got segment link_2[0m
[robot_state_publisher-1] [0m[INFO] [1790618938.512297938] [robot_state_publisher]: got segment link_3[0m
[robot_state_publisher-1] [0m[INFO] [1790618938.512303941] [robot_state_publisher]: got segment link_4[0m
[robot_state_publisher-1] [0m[INFO] [1790618938.512309743] [robot_state_publisher]: got segment link_5[0m
[robot_state_publisher-1] [0m[INFO] [1790618938.512315603] [robot_state_publisher]: got segment link_6[0m
[robot_state_publisher-1] [0m[INFO] [1790618938.512321316] [robot_state_publisher]: got segment world[0m
[static_transform_publisher-4] [0m[INFO] [1790618938.813997872] [vision_camera_optical_tf]: Spinning until stopped - publishing transform
[static_transform_publisher-4] translation: ('0.000000', '0.000000', '0.000000')
[static_transform_publisher-4] rotation: ('-0.500000', '0.500000', '-0.500000', '0.500000')
[static_transform_publisher-4] from 'camera_link' to 'camera_color_optical_frame'[0m
[saved_image_capture_node-5] [0m[INFO] [1790618938.929499774] [saved_image_capture_node]: Saved-image input ready: /home/user/ros2_ws/src/computer_vision_model/input_images/banana_scene.jpg[0m
[move_group-2] [0m[INFO] [1790618939.027775738] [moveit_rdf_loader.rdf_loader]: Loaded robot model in 0.1318 seconds[0m
[move_group-2] [0m[INFO] [1790618939.027861909] [moveit_robot_model.robot_model]: Loading robot model 'robot_arm'...[0m
[move_group-2] [0m[INFO] [1790618939.027875341] [moveit_robot_model.robot_model]: No root/virtual joint specified in SRDF. Assuming fixed joint[0m
[move_group-2] [33m[WARN] [1790618939.072328664] [moveit_robot_model.robot_model]: Could not identify parent group for end-effector 'fork'[0m
[move_group-2] [0m[INFO] [1790618939.214059503] [moveit_ros.planning_scene_monitor.planning_scene_monitor]: Publishing maintained planning scene on 'monitored_planning_scene'[0m
[move_group-2] [0m[INFO] [1790618939.214234673] [moveit.ros_planning_interface.moveit_cpp]: Listening to 'joint_states' for joint states[0m
[move_group-2] [0m[INFO] [1790618939.216512376] [moveit_ros.current_state_monitor]: Listening to joint states on topic 'joint_states'[0m
[move_group-2] [0m[INFO] [1790618939.221148311] [moveit_ros.planning_scene_monitor.planning_scene_monitor]: Listening to '/attached_collision_object' for attached collision objects[0m
[move_group-2] [0m[INFO] [1790618939.221200801] [moveit_ros.planning_scene_monitor.planning_scene_monitor]: Starting planning scene monitor[0m
[move_group-2] [0m[INFO] [1790618939.222904462] [moveit_ros.planning_scene_monitor.planning_scene_monitor]: Listening to '/planning_scene'[0m
[move_group-2] [0m[INFO] [1790618939.222935102] [moveit_ros.planning_scene_monitor.planning_scene_monitor]: Starting world geometry update monitor for collision objects, attached objects, octomap updates.[0m
[move_group-2] [0m[INFO] [1790618939.224257148] [moveit_ros.planning_scene_monitor.planning_scene_monitor]: Listening to 'collision_object'[0m
[move_group-2] [0m[INFO] [1790618939.226337533] [moveit_ros.planning_scene_monitor.planning_scene_monitor]: Listening to 'planning_scene_world' for planning scene world geometry[0m
[move_group-2] [33m[WARN] [1790618939.227363081] [moveit.ros.occupancy_map_monitor.middleware_handle]: Resolution not specified for Octomap. Assuming resolution = 0.1 instead[0m
[move_group-2] [31m[ERROR] [1790618939.227390484] [moveit.ros.occupancy_map_monitor.middleware_handle]: No 3D sensor plugin(s) defined for octomap updates[0m
[move_group-2] [0m[INFO] [1790618939.272359689] [moveit.ros_planning_interface.moveit_cpp]: Loading planning pipeline 'chomp'[0m
[move_group-2] [0m[INFO] [1790618939.294288147] [moveit.ros_planning.planning_pipeline]: Using planning interface 'CHOMP'[0m
[move_group-2] [0m[INFO] [1790618939.308186271] [moveit_ros.add_time_optimal_parameterization]: Param 'chomp.path_tolerance' was not set. Using default value: 0.100000[0m
[move_group-2] [0m[INFO] [1790618939.308214281] [moveit_ros.add_time_optimal_parameterization]: Param 'chomp.resample_dt' was not set. Using default value: 0.100000[0m
[move_group-2] [0m[INFO] [1790618939.308220761] [moveit_ros.add_time_optimal_parameterization]: Param 'chomp.min_angle_change' was not set. Using default value: 0.001000[0m
[move_group-2] [0m[INFO] [1790618939.308246243] [moveit_ros.fix_workspace_bounds]: Param 'chomp.default_workspace_bounds' was not set. Using default value: 10.000000[0m
[move_group-2] [0m[INFO] [1790618939.308263497] [moveit_ros.fix_start_state_bounds]: Param 'chomp.start_state_max_bounds_error' was set to 0.100000[0m
[move_group-2] [0m[INFO] [1790618939.308269602] [moveit_ros.fix_start_state_bounds]: Param 'chomp.start_state_max_dt' was not set. Using default value: 0.500000[0m
[move_group-2] [0m[INFO] [1790618939.308282464] [moveit_ros.fix_start_state_collision]: Param 'chomp.start_state_max_dt' was not set. Using default value: 0.500000[0m
[move_group-2] [0m[INFO] [1790618939.308288961] [moveit_ros.fix_start_state_collision]: Param 'chomp.jiggle_fraction' was set to 0.050000[0m
[move_group-2] [0m[INFO] [1790618939.308295046] [moveit_ros.fix_start_state_collision]: Param 'chomp.max_sampling_attempts' was not set. Using default value: 100[0m
[move_group-2] [0m[INFO] [1790618939.308307352] [moveit.ros_planning.planning_pipeline]: Using planning request adapter 'Add Time Optimal Parameterization'[0m
[move_group-2] [0m[INFO] [1790618939.308312941] [moveit.ros_planning.planning_pipeline]: Using planning request adapter 'Resolve constraint frames to robot links'[0m
[move_group-2] [0m[INFO] [1790618939.308316981] [moveit.ros_planning.planning_pipeline]: Using planning request adapter 'Fix Workspace Bounds'[0m
[move_group-2] [0m[INFO] [1790618939.308320930] [moveit.ros_planning.planning_pipeline]: Using planning request adapter 'Fix Start State Bounds'[0m
[move_group-2] [0m[INFO] [1790618939.308324795] [moveit.ros_planning.planning_pipeline]: Using planning request adapter 'Fix Start State In Collision'[0m
[move_group-2] [0m[INFO] [1790618939.310363891] [moveit.ros_planning.planning_pipeline]: Using planning request adapter 'Fix Start State Path Constraints'[0m
[move_group-2] [0m[INFO] [1790618939.316986651] [moveit.ros_planning_interface.moveit_cpp]: Loading planning pipeline 'pilz_industrial_motion_planner'[0m
[fruit_detection_node-6] [0m[INFO] [1790618939.329150118] [fruit_detection_node]: Fruit detection node ready[0m
[fruit_detection_node-6] [0m[INFO] [1790618939.329748910] [fruit_detection_node]:   Model: sliced-fruits-and-vegetables-rnw8f/1[0m
[move_group-2] [0m[INFO] [1790618939.330128962] [moveit.pilz_industrial_motion_planner.joint_limits_aggregator]: Reading limits from namespace robot_description_planning[0m
[fruit_detection_node-6] [0m[INFO] [1790618939.330221595] [fruit_detection_node]:   API: https://serverless.roboflow.com[0m
[fruit_detection_node-6] [0m[INFO] [1790618939.330743170] [fruit_detection_node]:   API key source: ROBOFLOW_API_KEY environment variable[0m
[move_group-2] [0m[INFO] [1790618939.334909927] [moveit.pilz_industrial_motion_planner]: Available plugins: pilz_industrial_motion_planner/PlanningContextLoaderCIRC pilz_industrial_motion_planner/PlanningContextLoaderLIN pilz_industrial_motion_planner/PlanningContextLoaderPTP [0m
[move_group-2] [0m[INFO] [1790618939.334939950] [moveit.pilz_industrial_motion_planner]: About to load: pilz_industrial_motion_planner/PlanningContextLoaderCIRC[0m
[move_group-2] [0m[INFO] [1790618939.336558854] [moveit.pilz_industrial_motion_planner]: Registered Algorithm [CIRC][0m
[move_group-2] [0m[INFO] [1790618939.336584482] [moveit.pilz_industrial_motion_planner]: About to load: pilz_industrial_motion_planner/PlanningContextLoaderLIN[0m
[move_group-2] [0m[INFO] [1790618939.337855939] [moveit.pilz_industrial_motion_planner]: Registered Algorithm [LIN][0m
[move_group-2] [0m[INFO] [1790618939.337875327] [moveit.pilz_industrial_motion_planner]: About to load: pilz_industrial_motion_planner/PlanningContextLoaderPTP[0m
[move_group-2] [0m[INFO] [1790618939.338953979] [moveit.pilz_industrial_motion_planner]: Registered Algorithm [PTP][0m
[move_group-2] [0m[INFO] [1790618939.338973048] [moveit.ros_planning.planning_pipeline]: Using planning interface 'Pilz Industrial Motion Planner'[0m
[fruit_detection_node-6] [0m[INFO] [1790618939.346851697] [fruit_detection_node]:   Detection results: /computer_vision/detections[0m
[move_group-2] [0m[INFO] [1790618939.352067921] [moveit.ros_planning_interface.moveit_cpp]: Loading planning pipeline 'ompl'[0m
[move_group-2] [0m[INFO] [1790618939.379382525] [moveit.ros_planning.planning_pipeline]: Using planning interface 'OMPL'[0m
[move_group-2] [0m[INFO] [1790618939.383089362] [moveit_ros.add_time_optimal_parameterization]: Param 'ompl.path_tolerance' was not set. Using default value: 0.100000[0m
[move_group-2] [0m[INFO] [1790618939.383644776] [moveit_ros.add_time_optimal_parameterization]: Param 'ompl.resample_dt' was not set. Using default value: 0.100000[0m
[move_group-2] [0m[INFO] [1790618939.383656278] [moveit_ros.add_time_optimal_parameterization]: Param 'ompl.min_angle_change' was not set. Using default value: 0.001000[0m
[move_group-2] [0m[INFO] [1790618939.383693814] [moveit_ros.fix_workspace_bounds]: Param 'ompl.default_workspace_bounds' was not set. Using default value: 10.000000[0m
[move_group-2] [0m[INFO] [1790618939.383712098] [moveit_ros.fix_start_state_bounds]: Param 'ompl.start_state_max_bounds_error' was set to 0.100000[0m
[move_group-2] [0m[INFO] [1790618939.383719067] [moveit_ros.fix_start_state_bounds]: Param 'ompl.start_state_max_dt' was not set. Using default value: 0.500000[0m
[move_group-2] [0m[INFO] [1790618939.383732988] [moveit_ros.fix_start_state_collision]: Param 'ompl.start_state_max_dt' was not set. Using default value: 0.500000[0m
[move_group-2] [0m[INFO] [1790618939.383740017] [moveit_ros.fix_start_state_collision]: Param 'ompl.jiggle_fraction' was set to 0.050000[0m
[move_group-2] [0m[INFO] [1790618939.383745165] [moveit_ros.fix_start_state_collision]: Param 'ompl.max_sampling_attempts' was not set. Using default value: 100[0m
[move_group-2] [0m[INFO] [1790618939.383758519] [moveit.ros_planning.planning_pipeline]: Using planning request adapter 'Add Time Optimal Parameterization'[0m
[move_group-2] [0m[INFO] [1790618939.383763526] [moveit.ros_planning.planning_pipeline]: Using planning request adapter 'Resolve constraint frames to robot links'[0m
[move_group-2] [0m[INFO] [1790618939.383767883] [moveit.ros_planning.planning_pipeline]: Using planning request adapter 'Fix Workspace Bounds'[0m
[move_group-2] [0m[INFO] [1790618939.383771990] [moveit.ros_planning.planning_pipeline]: Using planning request adapter 'Fix Start State Bounds'[0m
[move_group-2] [0m[INFO] [1790618939.383775841] [moveit.ros_planning.planning_pipeline]: Using planning request adapter 'Fix Start State In Collision'[0m
[move_group-2] [0m[INFO] [1790618939.383779627] [moveit.ros_planning.planning_pipeline]: Using planning request adapter 'Fix Start State Path Constraints'[0m
[move_group-2] [0m[INFO] [1790618939.496291616] [moveit.plugins.moveit_simple_controller_manager]: Added FollowJointTrajectory controller for arm_controller[0m
[move_group-2] [0m[INFO] [1790618939.496474562] [moveit.plugins.moveit_simple_controller_manager]: Returned 1 controllers in list[0m
[move_group-2] [0m[INFO] [1790618939.497437007] [moveit.plugins.moveit_simple_controller_manager]: Returned 1 controllers in list[0m
[move_group-2] [0m[INFO] [1790618939.501608619] [moveit_ros.trajectory_execution_manager]: Trajectory execution is managing controllers[0m
[move_group-2] [0m[INFO] [1790618939.501635431] [move_group.move_group]: MoveGroup debug mode is ON[0m
[move_group-2] [0m[INFO] [1790618939.572467715] [move_group.move_group]: 
[move_group-2] 
[move_group-2] ********************************************************
[move_group-2] * MoveGroup using: 
[move_group-2] *     - ApplyPlanningSceneService
[move_group-2] *     - ClearOctomapService
[move_group-2] *     - CartesianPathService
[move_group-2] *     - GetPlanningSceneService
[move_group-2] *     - KinematicsService
[move_group-2] *     - MotionPlanService
[move_group-2] *     - QueryPlannersService
[move_group-2] *     - StateValidationService
[move_group-2] ********************************************************
[move_group-2] [0m
[move_group-2] [0m[INFO] [1790618939.572534075] [moveit_move_group_capabilities_base.move_group_context]: MoveGroup context using planning plugin ompl_interface/OMPLPlanner[0m
[move_group-2] [0m[INFO] [1790618939.572547330] [moveit_move_group_capabilities_base.move_group_context]: MoveGroup context initialization complete[0m
[move_group-2] [96mLoading 'move_group/ApplyPlanningSceneService'...
[move_group-2] [0m[96mLoading 'move_group/ClearOctomapService'...
[move_group-2] [0m[96mLoading 'move_group/MoveGroupCartesianPathService'...
[move_group-2] [0m[96mLoading 'move_group/MoveGroupGetPlanningSceneService'...
[move_group-2] [0m[96mLoading 'move_group/MoveGroupKinematicsService'...
[move_group-2] [0m[96mLoading 'move_group/MoveGroupPlanService'...
[move_group-2] [0m[96mLoading 'move_group/MoveGroupQueryPlannersService'...
[move_group-2] [0m[96mLoading 'move_group/MoveGroupStateValidationService'...
[move_group-2] [0m[92m
[move_group-2] You can start planning now!
[move_group-2] 
[camera_to_base_node-7] [0m[INFO] [1790618939.777644654] [camera_to_base_node]: STARTUP: READY: Waiting for one capture and its detections.[0m
[fruit_detection_node-6] [0m[INFO] [1790618949.301960946] [fruit_detection_node]: Requesting a camera snapshot...[0m
[saved_image_capture_node-5] [0m[INFO] [1790618949.331876267] [saved_image_capture_node]: Prepared saved image: /home/user/ros2_ws/src/computer_vision_model/logs/20260928_180858_168282/captures/latest_rgb.jpg[0m
[fruit_detection_node-6] [0m[INFO] [1790618949.333341084] [fruit_detection_node]: Captured /home/user/ros2_ws/src/computer_vision_model/logs/20260928_180858_168282/captures/latest_rgb.jpg; starting inference...[0m
[fruit_detection_node-6] /home/user/.local/lib/python3.10/site-packages/inference_sdk/http/client.py:120: InferenceSDKGuidanceWarning: This client sends the Roboflow API key through the legacy channel (query parameter / request body). Sending it as the `Authorization: Bearer <api_key>` header is recommended and works with inference servers from release 1.5.0 onward. Opt in with InferenceConfiguration(api_key_transport='header'); use 'both' for a transition period safe with every server version. Set api_key_transport='legacy' explicitly to keep the current behaviour and silence this warning.
[fruit_detection_node-6]   warnings.warn(
[fruit_detection_node-6] [0m[INFO] [1790618951.444126564] [fruit_detection_node]: Roboflow detected 1 object(s)[0m
[fruit_detection_node-6] [0m[INFO] [1790618951.444704538] [fruit_detection_node]:   Apple: 1[0m
[fruit_detection_node-6] [0m[INFO] [1790618951.445195264] [fruit_detection_node]:     center=(494.5, 570.5), size=(305.0 x 85.0), confidence=0.536[0m
[fruit_detection_node-6] [0m[INFO] [1790618951.445684588] [fruit_detection_node]: Saved detections to /home/user/ros2_ws/src/computer_vision_model/logs/20260928_180858_168282/captures/latest_detections.json[0m
[fruit_detection_node-6] [0m[INFO] [1790618951.446160392] [fruit_detection_node]: Saved annotated image to /home/user/ros2_ws/src/computer_vision_model/logs/20260928_180858_168282/captures/latest_detections_annotated.jpg[0m
[fruit_detection_node-6] [0m[INFO] [1790618951.446837183] [fruit_detection_node]: Results published for downstream processing[0m
[camera_to_base_node-7] [0m[INFO] [1790618951.452150371] [camera_to_base_node]: SELECTION: SUCCESS: Highest-confidence detection; passing box centre to projection.[0m
[camera_to_base_node-7] [0m[INFO] [1790618951.523595759] [camera_to_base_node]: TRANSFORM: SUCCESS: Camera optical point projected onto the known plane, then transformed into the arm base (metres).[0m
[camera_to_base_node-7] [0m[INFO] [1790618951.524511690] [camera_to_base_node]: POSE: SUCCESS: Published /computer_vision/fruit_pose; passing pose to MoveIt IK.[0m
[camera_to_base_node-7] [0m[INFO] [1790618951.620602048] [camera_to_base_node]: IK_REQUEST: STARTED: Requesting joint angles only; no trajectory execution.[0m
[camera_to_base_node-7] [0m[INFO] [1790618953.720010070] [camera_to_base_node]: IK_RESULT: RETRY: NO_IK_SOLUTION (-31) with this wrist orientation; relaxing it and retrying (2 of 40).[0m
[camera_to_base_node-7] [0m[INFO] [1790618953.820585326] [camera_to_base_node]: IK_REQUEST: STARTED: Requesting joint angles only; no trajectory execution.[0m
[camera_to_base_node-7] [0m[INFO] [1790618955.920038770] [camera_to_base_node]: IK_RESULT: RETRY: NO_IK_SOLUTION (-31) with this wrist orientation; relaxing it and retrying (3 of 40).[0m
[camera_to_base_node-7] [0m[INFO] [1790618956.020561295] [camera_to_base_node]: IK_REQUEST: STARTED: Requesting joint angles only; no trajectory execution.[0m
[camera_to_base_node-7] [0m[INFO] [1790618958.119954368] [camera_to_base_node]: IK_RESULT: RETRY: NO_IK_SOLUTION (-31) with this wrist orientation; relaxing it and retrying (4 of 40).[0m
[camera_to_base_node-7] [0m[INFO] [1790618958.220552459] [camera_to_base_node]: IK_REQUEST: STARTED: Requesting joint angles only; no trajectory execution.[0m
[camera_to_base_node-7] [0m[INFO] [1790618960.319954652] [camera_to_base_node]: IK_RESULT: RETRY: NO_IK_SOLUTION (-31) with this wrist orientation; relaxing it and retrying (5 of 40).[0m
[camera_to_base_node-7] [0m[INFO] [1790618960.420532068] [camera_to_base_node]: IK_REQUEST: STARTED: Requesting joint angles only; no trajectory execution.[0m
[camera_to_base_node-7] [0m[INFO] [1790618962.519953193] [camera_to_base_node]: IK_RESULT: RETRY: NO_IK_SOLUTION (-31) with this wrist orientation; relaxing it and retrying (6 of 40).[0m
[camera_to_base_node-7] [0m[INFO] [1790618962.620531842] [camera_to_base_node]: IK_REQUEST: STARTED: Requesting joint angles only; no trajectory execution.[0m
[camera_to_base_node-7] [0m[INFO] [1790618964.719945173] [camera_to_base_node]: IK_RESULT: RETRY: NO_IK_SOLUTION (-31) with this wrist orientation; relaxing it and retrying (7 of 40).[0m
[camera_to_base_node-7] [0m[INFO] [1790618964.820629452] [camera_to_base_node]: IK_REQUEST: STARTED: Requesting joint angles only; no trajectory execution.[0m
[camera_to_base_node-7] [0m[INFO] [1790618966.919963461] [camera_to_base_node]: IK_RESULT: RETRY: NO_IK_SOLUTION (-31) with this wrist orientation; relaxing it and retrying (8 of 40).[0m
[camera_to_base_node-7] [0m[INFO] [1790618967.020544938] [camera_to_base_node]: IK_REQUEST: STARTED: Requesting joint angles only; no trajectory execution.[0m
[camera_to_base_node-7] [0m[INFO] [1790618969.120063569] [camera_to_base_node]: IK_RESULT: RETRY: NO_IK_SOLUTION (-31) with this wrist orientation; relaxing it and retrying (9 of 40).[0m
[camera_to_base_node-7] [0m[INFO] [1790618969.220602446] [camera_to_base_node]: IK_REQUEST: STARTED: Requesting joint angles only; no trajectory execution.[0m
[camera_to_base_node-7] [0m[INFO] [1790618971.319970230] [camera_to_base_node]: IK_RESULT: RETRY: NO_IK_SOLUTION (-31) with this wrist orientation; relaxing it and retrying (10 of 40).[0m
[camera_to_base_node-7] [0m[INFO] [1790618971.420541215] [camera_to_base_node]: IK_REQUEST: STARTED: Requesting joint angles only; no trajectory execution.[0m
[camera_to_base_node-7] [0m[INFO] [1790618973.519964307] [camera_to_base_node]: IK_RESULT: RETRY: NO_IK_SOLUTION (-31) with this wrist orientation; relaxing it and retrying (11 of 40).[0m
[camera_to_base_node-7] [0m[INFO] [1790618973.620550836] [camera_to_base_node]: IK_REQUEST: STARTED: Requesting joint angles only; no trajectory execution.[0m
[camera_to_base_node-7] [0m[INFO] [1790618975.720004531] [camera_to_base_node]: IK_RESULT: RETRY: NO_IK_SOLUTION (-31) with this wrist orientation; relaxing it and retrying (12 of 40).[0m
[camera_to_base_node-7] [0m[INFO] [1790618975.820542606] [camera_to_base_node]: IK_REQUEST: STARTED: Requesting joint angles only; no trajectory execution.[0m
[camera_to_base_node-7] [0m[INFO] [1790618977.919959368] [camera_to_base_node]: IK_RESULT: RETRY: NO_IK_SOLUTION (-31) with this wrist orientation; relaxing it and retrying (13 of 40).[0m
[camera_to_base_node-7] [0m[INFO] [1790618978.020608192] [camera_to_base_node]: IK_REQUEST: STARTED: Requesting joint angles only; no trajectory execution.[0m
[camera_to_base_node-7] [0m[INFO] [1790618980.119962522] [camera_to_base_node]: IK_RESULT: RETRY: NO_IK_SOLUTION (-31) with this wrist orientation; relaxing it and retrying (14 of 40).[0m
[camera_to_base_node-7] [0m[INFO] [1790618980.220535868] [camera_to_base_node]: IK_REQUEST: STARTED: Requesting joint angles only; no trajectory execution.[0m
[camera_to_base_node-7] [0m[INFO] [1790618982.319982672] [camera_to_base_node]: IK_RESULT: RETRY: NO_IK_SOLUTION (-31) with this wrist orientation; relaxing it and retrying (15 of 40).[0m
[camera_to_base_node-7] [0m[INFO] [1790618982.420527598] [camera_to_base_node]: IK_REQUEST: STARTED: Requesting joint angles only; no trajectory execution.[0m
[camera_to_base_node-7] [0m[INFO] [1790618984.519957028] [camera_to_base_node]: IK_RESULT: RETRY: NO_IK_SOLUTION (-31) with this wrist orientation; relaxing it and retrying (16 of 40).[0m
[camera_to_base_node-7] [0m[INFO] [1790618984.620526520] [camera_to_base_node]: IK_REQUEST: STARTED: Requesting joint angles only; no trajectory execution.[0m
[camera_to_base_node-7] [0m[INFO] [1790618986.719971169] [camera_to_base_node]: IK_RESULT: RETRY: NO_IK_SOLUTION (-31) with this wrist orientation; relaxing it and retrying (17 of 40).[0m
[camera_to_base_node-7] [0m[INFO] [1790618986.820542508] [camera_to_base_node]: IK_REQUEST: STARTED: Requesting joint angles only; no trajectory execution.[0m
[camera_to_base_node-7] [0m[INFO] [1790618988.919971456] [camera_to_base_node]: IK_RESULT: RETRY: NO_IK_SOLUTION (-31) with this wrist orientation; relaxing it and retrying (18 of 40).[0m
[camera_to_base_node-7] [0m[INFO] [1790618989.020553829] [camera_to_base_node]: IK_REQUEST: STARTED: Requesting joint angles only; no trajectory execution.[0m
[camera_to_base_node-7] [0m[INFO] [1790618991.119972255] [camera_to_base_node]: IK_RESULT: RETRY: NO_IK_SOLUTION (-31) with this wrist orientation; relaxing it and retrying (19 of 40).[0m
[camera_to_base_node-7] [0m[INFO] [1790618991.220560859] [camera_to_base_node]: IK_REQUEST: STARTED: Requesting joint angles only; no trajectory execution.[0m
[camera_to_base_node-7] [0m[INFO] [1790618993.319968177] [camera_to_base_node]: IK_RESULT: RETRY: NO_IK_SOLUTION (-31) with this wrist orientation; relaxing it and retrying (20 of 40).[0m
[camera_to_base_node-7] [0m[INFO] [1790618993.420534162] [camera_to_base_node]: IK_REQUEST: STARTED: Requesting joint angles only; no trajectory execution.[0m
[camera_to_base_node-7] [0m[INFO] [1790618995.520002676] [camera_to_base_node]: IK_RESULT: RETRY: NO_IK_SOLUTION (-31) with this wrist orientation; relaxing it and retrying (21 of 40).[0m
[camera_to_base_node-7] [0m[INFO] [1790618995.620593453] [camera_to_base_node]: IK_REQUEST: STARTED: Requesting joint angles only; no trajectory execution.[0m
[camera_to_base_node-7] [0m[INFO] [1790618997.719962033] [camera_to_base_node]: IK_RESULT: RETRY: NO_IK_SOLUTION (-31) with this wrist orientation; relaxing it and retrying (22 of 40).[0m
[camera_to_base_node-7] [0m[INFO] [1790618997.820575398] [camera_to_base_node]: IK_REQUEST: STARTED: Requesting joint angles only; no trajectory execution.[0m
[camera_to_base_node-7] [0m[INFO] [1790618999.919977723] [camera_to_base_node]: IK_RESULT: RETRY: NO_IK_SOLUTION (-31) with this wrist orientation; relaxing it and retrying (23 of 40).[0m
[camera_to_base_node-7] [0m[INFO] [1790619000.020576371] [camera_to_base_node]: IK_REQUEST: STARTED: Requesting joint angles only; no trajectory execution.[0m
[camera_to_base_node-7] [0m[INFO] [1790619002.119952985] [camera_to_base_node]: IK_RESULT: RETRY: NO_IK_SOLUTION (-31) with this wrist orientation; relaxing it and retrying (24 of 40).[0m
[camera_to_base_node-7] [0m[INFO] [1790619002.221655559] [camera_to_base_node]: IK_REQUEST: STARTED: Requesting joint angles only; no trajectory execution.[0m
[camera_to_base_node-7] [0m[INFO] [1790619004.320002931] [camera_to_base_node]: IK_RESULT: RETRY: NO_IK_SOLUTION (-31) with this wrist orientation; relaxing it and retrying (25 of 40).[0m
[camera_to_base_node-7] [0m[INFO] [1790619004.421344468] [camera_to_base_node]: IK_REQUEST: STARTED: Requesting joint angles only; no trajectory execution.[0m
[camera_to_base_node-7] [0m[INFO] [1790619006.519964655] [camera_to_base_node]: IK_RESULT: RETRY: NO_IK_SOLUTION (-31) with this wrist orientation; relaxing it and retrying (26 of 40).[0m
[camera_to_base_node-7] [0m[INFO] [1790619006.620554402] [camera_to_base_node]: IK_REQUEST: STARTED: Requesting joint angles only; no trajectory execution.[0m
[camera_to_base_node-7] [0m[INFO] [1790619008.719968387] [camera_to_base_node]: IK_RESULT: RETRY: NO_IK_SOLUTION (-31) with this wrist orientation; relaxing it and retrying (27 of 40).[0m
[camera_to_base_node-7] [0m[INFO] [1790619008.820570764] [camera_to_base_node]: IK_REQUEST: STARTED: Requesting joint angles only; no trajectory execution.[0m
[camera_to_base_node-7] [0m[INFO] [1790619010.919912584] [camera_to_base_node]: IK_RESULT: RETRY: NO_IK_SOLUTION (-31) with this wrist orientation; relaxing it and retrying (28 of 40).[0m
[camera_to_base_node-7] [0m[INFO] [1790619011.020532906] [camera_to_base_node]: IK_REQUEST: STARTED: Requesting joint angles only; no trajectory execution.[0m
[camera_to_base_node-7] [0m[INFO] [1790619013.119964434] [camera_to_base_node]: IK_RESULT: RETRY: NO_IK_SOLUTION (-31) with this wrist orientation; relaxing it and retrying (29 of 40).[0m
[camera_to_base_node-7] [0m[INFO] [1790619013.220525743] [camera_to_base_node]: IK_REQUEST: STARTED: Requesting joint angles only; no trajectory execution.[0m
[camera_to_base_node-7] [0m[INFO] [1790619015.319957698] [camera_to_base_node]: IK_RESULT: RETRY: NO_IK_SOLUTION (-31) with this wrist orientation; relaxing it and retrying (30 of 40).[0m
[camera_to_base_node-7] [0m[INFO] [1790619015.420535934] [camera_to_base_node]: IK_REQUEST: STARTED: Requesting joint angles only; no trajectory execution.[0m
[camera_to_base_node-7] [0m[INFO] [1790619017.519956822] [camera_to_base_node]: IK_RESULT: RETRY: NO_IK_SOLUTION (-31) with this wrist orientation; relaxing it and retrying (31 of 40).[0m
[camera_to_base_node-7] [0m[INFO] [1790619017.620510870] [camera_to_base_node]: IK_REQUEST: STARTED: Requesting joint angles only; no trajectory execution.[0m
[camera_to_base_node-7] [0m[INFO] [1790619019.719965238] [camera_to_base_node]: IK_RESULT: RETRY: NO_IK_SOLUTION (-31) with this wrist orientation; relaxing it and retrying (32 of 40).[0m
[camera_to_base_node-7] [0m[INFO] [1790619019.820527750] [camera_to_base_node]: IK_REQUEST: STARTED: Requesting joint angles only; no trajectory execution.[0m
[camera_to_base_node-7] [0m[INFO] [1790619021.919991941] [camera_to_base_node]: IK_RESULT: RETRY: NO_IK_SOLUTION (-31) with this wrist orientation; relaxing it and retrying (33 of 40).[0m
[camera_to_base_node-7] [0m[INFO] [1790619022.020613600] [camera_to_base_node]: IK_REQUEST: STARTED: Requesting joint angles only; no trajectory execution.[0m
[camera_to_base_node-7] [0m[INFO] [1790619024.119949217] [camera_to_base_node]: IK_RESULT: RETRY: NO_IK_SOLUTION (-31) with this wrist orientation; relaxing it and retrying (34 of 40).[0m
[camera_to_base_node-7] [0m[INFO] [1790619024.220559480] [camera_to_base_node]: IK_REQUEST: STARTED: Requesting joint angles only; no trajectory execution.[0m
[camera_to_base_node-7] [0m[INFO] [1790619026.319962655] [camera_to_base_node]: IK_RESULT: RETRY: NO_IK_SOLUTION (-31) with this wrist orientation; relaxing it and retrying (35 of 40).[0m
[camera_to_base_node-7] [0m[INFO] [1790619026.420542832] [camera_to_base_node]: IK_REQUEST: STARTED: Requesting joint angles only; no trajectory execution.[0m
[camera_to_base_node-7] [0m[INFO] [1790619028.519956175] [camera_to_base_node]: IK_RESULT: RETRY: NO_IK_SOLUTION (-31) with this wrist orientation; relaxing it and retrying (36 of 40).[0m
[camera_to_base_node-7] [0m[INFO] [1790619028.620524552] [camera_to_base_node]: IK_REQUEST: STARTED: Requesting joint angles only; no trajectory execution.[0m
[camera_to_base_node-7] [0m[INFO] [1790619030.719995595] [camera_to_base_node]: IK_RESULT: RETRY: NO_IK_SOLUTION (-31) with this wrist orientation; relaxing it and retrying (37 of 40).[0m
[camera_to_base_node-7] [0m[INFO] [1790619030.820567656] [camera_to_base_node]: IK_REQUEST: STARTED: Requesting joint angles only; no trajectory execution.[0m
[camera_to_base_node-7] [0m[INFO] [1790619032.919947456] [camera_to_base_node]: IK_RESULT: RETRY: NO_IK_SOLUTION (-31) with this wrist orientation; relaxing it and retrying (38 of 40).[0m
[camera_to_base_node-7] [0m[INFO] [1790619033.020885570] [camera_to_base_node]: IK_REQUEST: STARTED: Requesting joint angles only; no trajectory execution.[0m
[camera_to_base_node-7] [0m[INFO] [1790619035.120008159] [camera_to_base_node]: IK_RESULT: RETRY: NO_IK_SOLUTION (-31) with this wrist orientation; relaxing it and retrying (39 of 40).[0m
[camera_to_base_node-7] [0m[INFO] [1790619035.220510602] [camera_to_base_node]: IK_REQUEST: STARTED: Requesting joint angles only; no trajectory execution.[0m
[camera_to_base_node-7] [0m[INFO] [1790619037.319953614] [camera_to_base_node]: IK_RESULT: RETRY: NO_IK_SOLUTION (-31) with this wrist orientation; relaxing it and retrying (40 of 40).[0m
[camera_to_base_node-7] [0m[INFO] [1790619037.420511021] [camera_to_base_node]: IK_REQUEST: STARTED: Requesting joint angles only; no trajectory execution.[0m
[camera_to_base_node-7] [31m[ERROR] [1790619039.519946575] [camera_to_base_node]: IK_RESULT: ERROR: MoveIt IK returned NO_IK_SOLUTION (-31); target/orientation may be unreachable or in collision[0m
[WARNING] [launch]: user interrupted with ctrl-c (SIGINT)
[robot_state_publisher-1] [0m[INFO] [1790619171.520464619] [rclcpp]: signal_handler(SIGINT/SIGTERM)[0m
[static_transform_publisher-3] [0m[INFO] [1790619171.520516974] [rclcpp]: signal_handler(SIGINT/SIGTERM)[0m
[static_transform_publisher-4] [0m[INFO] [1790619171.522380410] [rclcpp]: signal_handler(SIGINT/SIGTERM)[0m
[move_group-2] [0m[INFO] [1790619171.526857937] [rclcpp]: signal_handler(SIGINT/SIGTERM)[0m
[move_group-2] [0m[INFO] [1790619171.580845266] [moveit.ros_planning_interface.moveit_cpp]: Deleting MoveItCpp[0m
[move_group-2] [0m[INFO] [1790619171.583083120] [moveit_ros.planning_scene_monitor.planning_scene_monitor]: Stopped publishing maintained planning scene.[0m
[move_group-2] [0m[INFO] [1790619171.585012785] [moveit_ros.planning_scene_monitor.planning_scene_monitor]: Stopping world geometry monitor[0m
[move_group-2] [0m[INFO] [1790619171.586089497] [moveit_ros.planning_scene_monitor.planning_scene_monitor]: Stopping planning scene monitor[0m
[move_group-2] Warning: class_loader.ClassLoader: SEVERE WARNING!!! Attempting to unload library while objects created by this loader exist in the heap! You should delete your objects before attempting to unload the library or destroying the ClassLoader. The library will NOT be unloaded.
[move_group-2]          at line 127 in ./src/class_loader.cpp
[move_group-2] Stack trace (most recent call last):
[move_group-2] #16   Object "/usr/lib/x86_64-linux-gnu/ld-linux-x86-64.so.2", at 0xffffffffffffffff, in 
[move_group-2] #15   Object "/opt/ros/humble/lib/moveit_ros_move_group/move_group", at 0x63dc8053b724, in 
[move_group-2] #14   Object "/usr/lib/x86_64-linux-gnu/libc.so.6", at 0x75cc69843e3f, in __libc_start_main
[move_group-2] #13   Object "/usr/lib/x86_64-linux-gnu/libc.so.6", at 0x75cc69843d8f, in 
[move_group-2] #12   Object "/opt/ros/humble/lib/moveit_ros_move_group/move_group", at 0x63dc8053a65b, in 
[move_group-2] #11   Object "/opt/ros/humble/lib/moveit_ros_move_group/move_group", at 0x63dc8053c709, in 
[move_group-2] #10   Object "/opt/ros/humble/lib/libmoveit_cpp.so.2.5.9", at 0x75cc6a1ad876, in moveit_cpp::MoveItCpp::~MoveItCpp()
[move_group-2] #9    Object "/opt/ros/humble/lib/libmoveit_cpp.so.2.5.9", at 0x75cc6a1abba9, in 
[move_group-2] #8    Object "/opt/ros/humble/lib/libmoveit_trajectory_execution_manager.so.2.5.9", at 0x75cc69539495, in trajectory_execution_manager::TrajectoryExecutionManager::~TrajectoryExecutionManager()
[move_group-2] #7    Object "/opt/ros/humble/lib/libmoveit_trajectory_execution_manager.so.2.5.9", at 0x75cc6954c3a9, in 
[move_group-2] #6    Object "/opt/ros/humble/lib/librclcpp.so", at 0x75cc69e0bebc, in rclcpp::Node::~Node()
[move_group-2] #5    Object "/opt/ros/humble/lib/librclcpp.so", at 0x75cc69e0be5e, in rclcpp::Node::~Node()
[move_group-2] #4    Object "/opt/ros/humble/lib/librclcpp.so", at 0x75cc69de6f59, in 
[move_group-2] #3    Object "/opt/ros/humble/lib/librclcpp.so", at 0x75cc69e15509, in 
[move_group-2] #2    Object "/opt/ros/humble/lib/librclcpp.so", at 0x75cc69e15450, in rclcpp::node_interfaces::NodeBase::~NodeBase()
[move_group-2] #1    Object "/opt/ros/humble/lib/librclcpp.so", at 0x75cc69de6f59, in 
[move_group-2] #0    Object "/opt/ros/humble/lib/librclcpp.so", at 0x75cc69debdd1, in rclcpp::CallbackGroup::~CallbackGroup()
[move_group-2] Segmentation fault (Address not mapped to object [0x75cc42505798])
[INFO] [static_transform_publisher-3]: process has finished cleanly [pid 31899]
[INFO] [static_transform_publisher-4]: process has finished cleanly [pid 31901]
[INFO] [robot_state_publisher-1]: process has finished cleanly [pid 31895]
[INFO] [camera_to_base_node-7]: process has finished cleanly [pid 31907]
[INFO] [saved_image_capture_node-5]: process has finished cleanly [pid 31903]
[INFO] [fruit_detection_node-6]: process has finished cleanly [pid 31905]
[ERROR] [move_group-2]: process has died [pid 31897, exit code -11, cmd '/opt/ros/humble/lib/moveit_ros_move_group/move_group --ros-args --params-file /tmp/launch_params_dkvgyyd7 --params-file /tmp/launch_params_wr299lrf'].
[move_group-2] [0m
