warning: Using load_yaml() directly is deprecated. Use xacro.load_yaml() instead.
[INFO] [launch.user]: Vision run logs: /home/user/ros2_ws/src/computer_vision_model/logs/20260929_182814_580965
[INFO] [robot_state_publisher-1]: process started with pid [44645]
[INFO] [move_group-2]: process started with pid [44647]
[INFO] [solution_joint_state_node-3]: process started with pid [44649]
[INFO] [rviz2-4]: process started with pid [44651]
[INFO] [static_transform_publisher-5]: process started with pid [44653]
[INFO] [static_transform_publisher-6]: process started with pid [44655]
[INFO] [saved_image_capture_node-7]: process started with pid [44657]
[INFO] [fruit_detection_node-8]: process started with pid [44659]
[INFO] [camera_to_base_node-9]: process started with pid [44661]
[rviz2-4] QStandardPaths: XDG_RUNTIME_DIR not set, defaulting to '/tmp/runtime-user'
[robot_state_publisher-1] [0m[INFO] [1790706494.993193870] [robot_state_publisher]: got segment base_link[0m
[robot_state_publisher-1] [0m[INFO] [1790706494.997331157] [robot_state_publisher]: got segment link_1[0m
[robot_state_publisher-1] [0m[INFO] [1790706494.997351640] [robot_state_publisher]: got segment link_2[0m
[robot_state_publisher-1] [0m[INFO] [1790706494.997358821] [robot_state_publisher]: got segment link_3[0m
[robot_state_publisher-1] [0m[INFO] [1790706494.997364809] [robot_state_publisher]: got segment link_4[0m
[robot_state_publisher-1] [0m[INFO] [1790706494.997370579] [robot_state_publisher]: got segment link_5[0m
[robot_state_publisher-1] [0m[INFO] [1790706494.997376258] [robot_state_publisher]: got segment link_6[0m
[robot_state_publisher-1] [0m[INFO] [1790706494.997381984] [robot_state_publisher]: got segment world[0m
[static_transform_publisher-5] [0m[INFO] [1790706495.235679756] [vision_camera_mount_tf]: Spinning until stopped - publishing transform
[static_transform_publisher-5] translation: ('-0.246900', '-0.506900', '0.228000')
[static_transform_publisher-5] rotation: ('-0.059865', '0.144527', '0.377972', '0.912505')
[static_transform_publisher-5] from 'base_link' to 'camera_link'[0m
[static_transform_publisher-6] [0m[INFO] [1790706495.314019851] [vision_camera_optical_tf]: Spinning until stopped - publishing transform
[static_transform_publisher-6] translation: ('0.000000', '0.000000', '0.000000')
[static_transform_publisher-6] rotation: ('-0.500000', '0.500000', '-0.500000', '0.500000')
[static_transform_publisher-6] from 'camera_link' to 'camera_color_optical_frame'[0m
[fruit_detection_node-8] [0m[INFO] [1790706495.478644466] [fruit_detection_node]: Fruit detection node ready[0m
[fruit_detection_node-8] [0m[INFO] [1790706495.479225476] [fruit_detection_node]:   Model: sliced-fruits-and-vegetables-rnw8f/1[0m
[fruit_detection_node-8] [0m[INFO] [1790706495.480070289] [fruit_detection_node]:   API: https://serverless.roboflow.com[0m
[fruit_detection_node-8] [0m[INFO] [1790706495.480555696] [fruit_detection_node]:   API key source: ROBOFLOW_API_KEY environment variable[0m
[fruit_detection_node-8] [0m[INFO] [1790706495.481013160] [fruit_detection_node]:   Detection results: /computer_vision/detections[0m
[solution_joint_state_node-3] Traceback (most recent call last):
[solution_joint_state_node-3]   File "/home/user/ros2_ws/install/computer_vision_model/lib/computer_vision_model/solution_joint_state_node", line 129, in <module>
[solution_joint_state_node-3]     main()
[solution_joint_state_node-3]   File "/home/user/ros2_ws/install/computer_vision_model/lib/computer_vision_model/solution_joint_state_node", line 117, in main
[solution_joint_state_node-3]     node = SolutionJointStateNode()
[solution_joint_state_node-3]   File "/home/user/ros2_ws/install/computer_vision_model/lib/computer_vision_model/solution_joint_state_node", line 53, in __init__
[solution_joint_state_node-3]     self.held = [str(n) for n in self.declare_parameter(
[solution_joint_state_node-3]   File "/opt/ros/humble/local/lib/python3.10/dist-packages/rclpy/node.py", line 367, in declare_parameter
[solution_joint_state_node-3]     return self.declare_parameters('', [args], ignore_override)[0]
[solution_joint_state_node-3]   File "/opt/ros/humble/local/lib/python3.10/dist-packages/rclpy/node.py", line 493, in declare_parameters
[solution_joint_state_node-3]     self._set_parameters(
[solution_joint_state_node-3]   File "/opt/ros/humble/local/lib/python3.10/dist-packages/rclpy/node.py", line 738, in _set_parameters
[solution_joint_state_node-3]     raise InvalidParameterTypeException(
[solution_joint_state_node-3] rclpy.exceptions.InvalidParameterTypeException: Trying to set parameter 'held_joints' to '['joint_1', 'joint_6']' of type 'STRING_ARRAY', expecting type 'BYTE_ARRAY'
[move_group-2] [0m[INFO] [1790706495.592084178] [moveit_rdf_loader.rdf_loader]: Loaded robot model in 0.199479 seconds[0m
[move_group-2] [0m[INFO] [1790706495.592154101] [moveit_robot_model.robot_model]: Loading robot model 'robot_arm'...[0m
[move_group-2] [0m[INFO] [1790706495.592164285] [moveit_robot_model.robot_model]: No root/virtual joint specified in SRDF. Assuming fixed joint[0m
[move_group-2] [33m[WARN] [1790706495.637944324] [moveit_robot_model.robot_model]: Could not identify parent group for end-effector 'fork'[0m
[move_group-2] [0m[INFO] [1790706495.754475266] [moveit_ros.planning_scene_monitor.planning_scene_monitor]: Publishing maintained planning scene on 'monitored_planning_scene'[0m
[move_group-2] [0m[INFO] [1790706495.754683037] [moveit.ros_planning_interface.moveit_cpp]: Listening to 'joint_states' for joint states[0m
[move_group-2] [0m[INFO] [1790706495.756680917] [moveit_ros.current_state_monitor]: Listening to joint states on topic 'joint_states'[0m
[move_group-2] [0m[INFO] [1790706495.770942833] [moveit_ros.planning_scene_monitor.planning_scene_monitor]: Listening to '/attached_collision_object' for attached collision objects[0m
[move_group-2] [0m[INFO] [1790706495.770967253] [moveit_ros.planning_scene_monitor.planning_scene_monitor]: Starting planning scene monitor[0m
[move_group-2] [0m[INFO] [1790706495.777545350] [moveit_ros.planning_scene_monitor.planning_scene_monitor]: Listening to '/planning_scene'[0m
[move_group-2] [0m[INFO] [1790706495.777575358] [moveit_ros.planning_scene_monitor.planning_scene_monitor]: Starting world geometry update monitor for collision objects, attached objects, octomap updates.[0m
[move_group-2] [0m[INFO] [1790706495.779147366] [moveit_ros.planning_scene_monitor.planning_scene_monitor]: Listening to 'collision_object'[0m
[move_group-2] [0m[INFO] [1790706495.782496781] [moveit_ros.planning_scene_monitor.planning_scene_monitor]: Listening to 'planning_scene_world' for planning scene world geometry[0m
[move_group-2] [33m[WARN] [1790706495.786796995] [moveit.ros.occupancy_map_monitor.middleware_handle]: Resolution not specified for Octomap. Assuming resolution = 0.1 instead[0m
[move_group-2] [31m[ERROR] [1790706495.786824692] [moveit.ros.occupancy_map_monitor.middleware_handle]: No 3D sensor plugin(s) defined for octomap updates[0m
[move_group-2] [0m[INFO] [1790706495.847135606] [moveit.ros_planning_interface.moveit_cpp]: Loading planning pipeline 'chomp'[0m
[ERROR] [solution_joint_state_node-3]: process has died [pid 44649, exit code 1, cmd '/home/user/ros2_ws/install/computer_vision_model/lib/computer_vision_model/solution_joint_state_node --ros-args -r __node:=solution_joint_states --params-file /tmp/launch_params_wdkkobqa'].
[rviz2-4] [0m[INFO] [1790706495.827772561] [rviz2]: Stereo is NOT SUPPORTED[0m
[rviz2-4] [0m[INFO] [1790706495.827904722] [rviz2]: OpenGl version: 4.6 (GLSL 4.6)[0m
[saved_image_capture_node-7] [0m[INFO] [1790706495.853973025] [saved_image_capture_node]: Saved-image input ready: /home/user/ros2_ws/src/computer_vision_model/input_images/banana_scene.jpg[0m
[move_group-2] [0m[INFO] [1790706495.862415959] [moveit.ros_planning.planning_pipeline]: Using planning interface 'CHOMP'[0m
[move_group-2] [0m[INFO] [1790706495.867519063] [moveit_ros.add_time_optimal_parameterization]: Param 'chomp.path_tolerance' was not set. Using default value: 0.100000[0m
[move_group-2] [0m[INFO] [1790706495.868062270] [moveit_ros.add_time_optimal_parameterization]: Param 'chomp.resample_dt' was not set. Using default value: 0.100000[0m
[move_group-2] [0m[INFO] [1790706495.868489386] [moveit_ros.add_time_optimal_parameterization]: Param 'chomp.min_angle_change' was not set. Using default value: 0.001000[0m
[move_group-2] [0m[INFO] [1790706495.869005195] [moveit_ros.fix_workspace_bounds]: Param 'chomp.default_workspace_bounds' was not set. Using default value: 10.000000[0m
[move_group-2] [0m[INFO] [1790706495.869038143] [moveit_ros.fix_start_state_bounds]: Param 'chomp.start_state_max_bounds_error' was set to 0.100000[0m
[move_group-2] [0m[INFO] [1790706495.869045752] [moveit_ros.fix_start_state_bounds]: Param 'chomp.start_state_max_dt' was not set. Using default value: 0.500000[0m
[move_group-2] [0m[INFO] [1790706495.869059529] [moveit_ros.fix_start_state_collision]: Param 'chomp.start_state_max_dt' was not set. Using default value: 0.500000[0m
[move_group-2] [0m[INFO] [1790706495.869067331] [moveit_ros.fix_start_state_collision]: Param 'chomp.jiggle_fraction' was set to 0.050000[0m
[move_group-2] [0m[INFO] [1790706495.869075849] [moveit_ros.fix_start_state_collision]: Param 'chomp.max_sampling_attempts' was not set. Using default value: 100[0m
[move_group-2] [0m[INFO] [1790706495.869089495] [moveit.ros_planning.planning_pipeline]: Using planning request adapter 'Add Time Optimal Parameterization'[0m
[move_group-2] [0m[INFO] [1790706495.869095557] [moveit.ros_planning.planning_pipeline]: Using planning request adapter 'Resolve constraint frames to robot links'[0m
[move_group-2] [0m[INFO] [1790706495.869099877] [moveit.ros_planning.planning_pipeline]: Using planning request adapter 'Fix Workspace Bounds'[0m
[move_group-2] [0m[INFO] [1790706495.869104312] [moveit.ros_planning.planning_pipeline]: Using planning request adapter 'Fix Start State Bounds'[0m
[move_group-2] [0m[INFO] [1790706495.869108298] [moveit.ros_planning.planning_pipeline]: Using planning request adapter 'Fix Start State In Collision'[0m
[move_group-2] [0m[INFO] [1790706495.869169689] [moveit.ros_planning.planning_pipeline]: Using planning request adapter 'Fix Start State Path Constraints'[0m
[move_group-2] [0m[INFO] [1790706495.873659717] [moveit.ros_planning_interface.moveit_cpp]: Loading planning pipeline 'pilz_industrial_motion_planner'[0m
[move_group-2] [0m[INFO] [1790706495.878875556] [moveit.pilz_industrial_motion_planner.joint_limits_aggregator]: Reading limits from namespace robot_description_planning[0m
[move_group-2] [0m[INFO] [1790706495.882453771] [moveit.pilz_industrial_motion_planner]: Available plugins: pilz_industrial_motion_planner/PlanningContextLoaderCIRC pilz_industrial_motion_planner/PlanningContextLoaderLIN pilz_industrial_motion_planner/PlanningContextLoaderPTP [0m
[move_group-2] [0m[INFO] [1790706495.882482989] [moveit.pilz_industrial_motion_planner]: About to load: pilz_industrial_motion_planner/PlanningContextLoaderCIRC[0m
[move_group-2] [0m[INFO] [1790706495.885335717] [moveit.pilz_industrial_motion_planner]: Registered Algorithm [CIRC][0m
[move_group-2] [0m[INFO] [1790706495.885371294] [moveit.pilz_industrial_motion_planner]: About to load: pilz_industrial_motion_planner/PlanningContextLoaderLIN[0m
[move_group-2] [0m[INFO] [1790706495.887460904] [moveit.pilz_industrial_motion_planner]: Registered Algorithm [LIN][0m
[move_group-2] [0m[INFO] [1790706495.887486345] [moveit.pilz_industrial_motion_planner]: About to load: pilz_industrial_motion_planner/PlanningContextLoaderPTP[0m
[move_group-2] [0m[INFO] [1790706495.889756619] [moveit.pilz_industrial_motion_planner]: Registered Algorithm [PTP][0m
[move_group-2] [0m[INFO] [1790706495.890111522] [moveit.ros_planning.planning_pipeline]: Using planning interface 'Pilz Industrial Motion Planner'[0m
[move_group-2] [0m[INFO] [1790706495.903658059] [moveit.ros_planning_interface.moveit_cpp]: Loading planning pipeline 'ompl'[0m
[rviz2-4] [0m[INFO] [1790706495.919158635] [rviz2]: Stereo is NOT SUPPORTED[0m
[move_group-2] [0m[INFO] [1790706495.924748900] [moveit.ros_planning.planning_pipeline]: Using planning interface 'OMPL'[0m
[move_group-2] [0m[INFO] [1790706495.928489433] [moveit_ros.add_time_optimal_parameterization]: Param 'ompl.path_tolerance' was not set. Using default value: 0.100000[0m
[move_group-2] [0m[INFO] [1790706495.928514486] [moveit_ros.add_time_optimal_parameterization]: Param 'ompl.resample_dt' was not set. Using default value: 0.100000[0m
[move_group-2] [0m[INFO] [1790706495.928520580] [moveit_ros.add_time_optimal_parameterization]: Param 'ompl.min_angle_change' was not set. Using default value: 0.001000[0m
[move_group-2] [0m[INFO] [1790706495.928545668] [moveit_ros.fix_workspace_bounds]: Param 'ompl.default_workspace_bounds' was not set. Using default value: 10.000000[0m
[move_group-2] [0m[INFO] [1790706495.928563498] [moveit_ros.fix_start_state_bounds]: Param 'ompl.start_state_max_bounds_error' was set to 0.100000[0m
[move_group-2] [0m[INFO] [1790706495.928569925] [moveit_ros.fix_start_state_bounds]: Param 'ompl.start_state_max_dt' was not set. Using default value: 0.500000[0m
[move_group-2] [0m[INFO] [1790706495.928583566] [moveit_ros.fix_start_state_collision]: Param 'ompl.start_state_max_dt' was not set. Using default value: 0.500000[0m
[move_group-2] [0m[INFO] [1790706495.928591511] [moveit_ros.fix_start_state_collision]: Param 'ompl.jiggle_fraction' was set to 0.050000[0m
[move_group-2] [0m[INFO] [1790706495.928598188] [moveit_ros.fix_start_state_collision]: Param 'ompl.max_sampling_attempts' was not set. Using default value: 100[0m
[move_group-2] [0m[INFO] [1790706495.928611910] [moveit.ros_planning.planning_pipeline]: Using planning request adapter 'Add Time Optimal Parameterization'[0m
[move_group-2] [0m[INFO] [1790706495.928617674] [moveit.ros_planning.planning_pipeline]: Using planning request adapter 'Resolve constraint frames to robot links'[0m
[move_group-2] [0m[INFO] [1790706495.928622028] [moveit.ros_planning.planning_pipeline]: Using planning request adapter 'Fix Workspace Bounds'[0m
[move_group-2] [0m[INFO] [1790706495.928626155] [moveit.ros_planning.planning_pipeline]: Using planning request adapter 'Fix Start State Bounds'[0m
[move_group-2] [0m[INFO] [1790706495.928630016] [moveit.ros_planning.planning_pipeline]: Using planning request adapter 'Fix Start State In Collision'[0m
[move_group-2] [0m[INFO] [1790706495.928633868] [moveit.ros_planning.planning_pipeline]: Using planning request adapter 'Fix Start State Path Constraints'[0m
[rviz2-4] Warning: class_loader.impl: SEVERE WARNING!!! A namespace collision has occurred with plugin factory for class rviz_default_plugins::displays::InteractiveMarkerDisplay. New factory will OVERWRITE existing one. This situation occurs when libraries containing plugins are directly linked against an executable (the one running right now generating this message). Please separate plugins out into their own library or just don't link against the library and use either class_loader::ClassLoader/MultiLibraryClassLoader to open.
[rviz2-4]          at line 253 in /opt/ros/humble/include/class_loader/class_loader/class_loader_core.hpp
[move_group-2] [0m[INFO] [1790706496.089405874] [moveit.plugins.moveit_simple_controller_manager]: Added FollowJointTrajectory controller for arm_controller[0m
[move_group-2] [0m[INFO] [1790706496.089642370] [moveit.plugins.moveit_simple_controller_manager]: Returned 1 controllers in list[0m
[move_group-2] [0m[INFO] [1790706496.089891335] [moveit.plugins.moveit_simple_controller_manager]: Returned 1 controllers in list[0m
[move_group-2] [0m[INFO] [1790706496.091401871] [moveit_ros.trajectory_execution_manager]: Trajectory execution is managing controllers[0m
[move_group-2] [0m[INFO] [1790706496.091422149] [move_group.move_group]: MoveGroup debug mode is ON[0m
[move_group-2] [0m[INFO] [1790706496.143064255] [move_group.move_group]: 
[move_group-2] 
[move_group-2] ********************************************************
[move_group-2] * MoveGroup using: 
[move_group-2] *     - ApplyPlanningSceneService
[move_group-2] *     - ClearOctomapService
[move_group-2] *     - CartesianPathService
[move_group-2] *     - GetPlanningSceneService
[move_group-2] *     - KinematicsService
[move_group-2] *     - MotionPlanService
[move_group-2] *     - QueryPlannersService
[move_group-2] *     - StateValidationService
[move_group-2] ********************************************************
[move_group-2] [0m
[move_group-2] [0m[INFO] [1790706496.143115705] [moveit_move_group_capabilities_base.move_group_context]: MoveGroup context using planning plugin ompl_interface/OMPLPlanner[0m
[move_group-2] [0m[INFO] [1790706496.143127825] [moveit_move_group_capabilities_base.move_group_context]: MoveGroup context initialization complete[0m
[move_group-2] [96mLoading 'move_group/ApplyPlanningSceneService'...
[move_group-2] [0m[96mLoading 'move_group/ClearOctomapService'...
[move_group-2] [0m[96mLoading 'move_group/MoveGroupCartesianPathService'...
[move_group-2] [0m[96mLoading 'move_group/MoveGroupGetPlanningSceneService'...
[move_group-2] [0m[96mLoading 'move_group/MoveGroupKinematicsService'...
[move_group-2] [0m[96mLoading 'move_group/MoveGroupPlanService'...
[move_group-2] [0m[96mLoading 'move_group/MoveGroupQueryPlannersService'...
[move_group-2] [0m[96mLoading 'move_group/MoveGroupStateValidationService'...
[move_group-2] [0m[92m
[move_group-2] You can start planning now!
[move_group-2] 
[camera_to_base_node-9] [0m[INFO] [1790706496.168965582] [camera_to_base_node]: STARTUP: READY: Waiting for one capture and its detections.[0m
[camera_to_base_node-9] [0m[INFO] [1790706496.204598940] [camera_to_base_node]: HOME: SENT: Homing: servo angles published to /esp32/joint_commands, settling for 3 s before the pipeline runs. The ESP32 echoes commands rather than measuring them, so this is what was sent, not confirmation the arm arrived.[0m
[rviz2-4] [31m[ERROR] [1790706499.136021440] [moveit_ros_visualization.motion_planning_frame]: Action server: /recognize_objects not available[0m
[rviz2-4] [0m[INFO] [1790706499.183056951] [moveit_ros_visualization.motion_planning_frame]: MoveGroup namespace changed: / -> . Reloading params.[0m
[rviz2-4] [0m[INFO] [1790706499.279610116] [moveit_rdf_loader.rdf_loader]: Loaded robot model in 0.0417578 seconds[0m
[rviz2-4] [0m[INFO] [1790706499.279656165] [moveit_robot_model.robot_model]: Loading robot model 'robot_arm'...[0m
[rviz2-4] [0m[INFO] [1790706499.279672467] [moveit_robot_model.robot_model]: No root/virtual joint specified in SRDF. Assuming fixed joint[0m
[rviz2-4] [33m[WARN] [1790706499.302971436] [moveit_robot_model.robot_model]: Could not identify parent group for end-effector 'fork'[0m
[camera_to_base_node-9] [0m[INFO] [1790706499.306886135] [camera_to_base_node]: HOME: SUCCESS: Arm commanded home; starting the pipeline.[0m
[rviz2-4] [0m[INFO] [1790706499.383057047] [moveit_ros.planning_scene_monitor.planning_scene_monitor]: Starting planning scene monitor[0m
[rviz2-4] [0m[INFO] [1790706499.385276817] [moveit_ros.planning_scene_monitor.planning_scene_monitor]: Listening to '/monitored_planning_scene'[0m
[rviz2-4] [0m[INFO] [1790706499.420267445] [interactive_marker_display_93857723330800]: Connected on namespace: /rviz_moveit_motion_planning_display/robot_interaction_interactive_marker_topic[0m
[rviz2-4] [0m[INFO] [1790706499.430399562] [moveit_ros_visualization.motion_planning_frame]: group arm[0m
[rviz2-4] [0m[INFO] [1790706499.430427003] [moveit_ros_visualization.motion_planning_frame]: Constructing new MoveGroup connection for group 'arm' in namespace ''[0m
[rviz2-4] [0m[INFO] [1790706499.436761870] [interactive_marker_display_93857723330800]: Sending request for interactive markers[0m
[rviz2-4] [0m[INFO] [1790706499.449451915] [interactive_marker_display_93857723330800]: Service response received for initialization[0m
[fruit_detection_node-8] [0m[INFO] [1790706505.435989795] [fruit_detection_node]: Requesting a camera snapshot...[0m
[saved_image_capture_node-7] [0m[INFO] [1790706505.492314272] [saved_image_capture_node]: Prepared saved image: /home/user/ros2_ws/src/computer_vision_model/logs/20260929_182814_580965/captures/latest_rgb.jpg[0m
[fruit_detection_node-8] [0m[INFO] [1790706505.493726634] [fruit_detection_node]: Captured /home/user/ros2_ws/src/computer_vision_model/logs/20260929_182814_580965/captures/latest_rgb.jpg; starting inference...[0m
[fruit_detection_node-8] /home/user/.local/lib/python3.10/site-packages/inference_sdk/http/client.py:120: InferenceSDKGuidanceWarning: This client sends the Roboflow API key through the legacy channel (query parameter / request body). Sending it as the `Authorization: Bearer <api_key>` header is recommended and works with inference servers from release 1.5.0 onward. Opt in with InferenceConfiguration(api_key_transport='header'); use 'both' for a transition period safe with every server version. Set api_key_transport='legacy' explicitly to keep the current behaviour and silence this warning.
[fruit_detection_node-8]   warnings.warn(
[fruit_detection_node-8] [0m[INFO] [1790706507.712580107] [fruit_detection_node]: Roboflow detected 1 object(s)[0m
[fruit_detection_node-8] [0m[INFO] [1790706507.713082765] [fruit_detection_node]:   Apple: 1[0m
[fruit_detection_node-8] [0m[INFO] [1790706507.713576612] [fruit_detection_node]:     center=(494.5, 570.5), size=(305.0 x 85.0), confidence=0.536[0m
[fruit_detection_node-8] [0m[INFO] [1790706507.714048861] [fruit_detection_node]: Saved detections to /home/user/ros2_ws/src/computer_vision_model/logs/20260929_182814_580965/captures/latest_detections.json[0m
[fruit_detection_node-8] [0m[INFO] [1790706507.714538468] [fruit_detection_node]: Saved annotated image to /home/user/ros2_ws/src/computer_vision_model/logs/20260929_182814_580965/captures/latest_detections_annotated.jpg[0m
[fruit_detection_node-8] [0m[INFO] [1790706507.715005505] [fruit_detection_node]: Results published for downstream processing[0m
[camera_to_base_node-9] [0m[INFO] [1790706507.718325211] [camera_to_base_node]: SELECTION: SUCCESS: Highest-confidence detection; passing box centre to projection.[0m
[camera_to_base_node-9] [0m[INFO] [1790706507.817057380] [camera_to_base_node]: TRANSFORM: SUCCESS: Camera optical point projected onto the known plane, then transformed into the arm base (metres).[0m
[camera_to_base_node-9] [0m[INFO] [1790706507.819644540] [camera_to_base_node]: POSE: SUCCESS: Published /computer_vision/fruit_pose; passing pose to MoveIt IK.[0m
[camera_to_base_node-9] [0m[INFO] [1790706507.908224391] [camera_to_base_node]: IK_REQUEST: STARTED: Requesting joint angles only; no trajectory execution.[0m
[camera_to_base_node-9] [0m[INFO] [1790706508.006524499] [camera_to_base_node]: IK_RESULT: SUCCESS: MoveIt joint solution (ROS joint angles, not servo calibration values).[0m
[camera_to_base_node-9] [0m[INFO] [1790706508.009109729] [camera_to_base_node]: EXECUTE: SENT: Servo angles published to /esp32/joint_commands. The ESP32 echoes commands rather than measuring them, so this is what was sent, not confirmation the arm arrived. Sent NaN (hold, no servo) for: joint_1, joint_6.[0m
[camera_to_base_node-9] [0m[INFO] [1790706509.011583669] [camera_to_base_node]: STAB_POSE: SUCCESS: Descending 5.0 cm from the hover pose; solving IK for the stab target.[0m
[camera_to_base_node-9] [0m[INFO] [1790706509.014098743] [camera_to_base_node]: IK_REQUEST: STARTED: Requesting joint angles only; no trajectory execution.[0m
[camera_to_base_node-9] [0m[INFO] [1790706509.105436383] [camera_to_base_node]: IK_RESULT: SUCCESS: MoveIt joint solution (ROS joint angles, not servo calibration values).[0m
[camera_to_base_node-9] [0m[INFO] [1790706509.207499036] [camera_to_base_node]: STAB_PLAN: STARTED: Planning the descent with RRTConnectkConfigDefault via /plan_kinematic_path (planning only; MoveIt does not execute).[0m
[move_group-2] [0m[INFO] [1790706509.208557596] [moveit_move_group_default_capabilities.plan_service_capability]: Received new planning service request...[0m
[move_group-2] [33m[WARN] [1790706509.209273032] [moveit.ompl_planning.planning_context_manager]: Cannot find planning configuration for group 'arm' using planner 'RRTConnectkConfigDefault'. Will use defaults instead.[0m
[move_group-2] [0m[INFO] [1790706509.213481368] [moveit.ompl_planning.model_based_planning_context]: Planner configuration 'arm' will use planner 'geometric::RRTConnect'. Additional configuration parameters will be set when the planner is constructed.[0m
[camera_to_base_node-9] [0m[INFO] [1790706509.306403298] [camera_to_base_node]: STAB_PLAN: SUCCESS: 26 waypoints; streaming them over 2.0 s.[0m
[camera_to_base_node-9] [0m[INFO] [1790706511.904959100] [camera_to_base_node]: STAB_EXECUTE: SENT: Descent complete: 26 waypoints sent to /esp32/joint_commands. The ESP32 echoes commands rather than measuring them, so this is what was sent, not confirmation the fork arrived.[0m
[camera_to_base_node-9] [0m[INFO] [1790706511.906957743] [camera_to_base_node]: PIPELINE: COMPLETE: Hover reached and stab descent streamed to the arm.[0m
[WARNING] [launch]: user interrupted with ctrl-c (SIGINT)
[static_transform_publisher-5] [0m[INFO] [1790706548.646361307] [rclcpp]: signal_handler(SIGINT/SIGTERM)[0m
[rviz2-4] [0m[INFO] [1790706548.646527592] [rclcpp]: signal_handler(SIGINT/SIGTERM)[0m
[rviz2-4] [33m[WARN] [1790706548.664120273] [interactive_marker_display_93857723330800]: Server not available while running, resetting[0m
[move_group-2] [0m[INFO] [1790706548.646872836] [rclcpp]: signal_handler(SIGINT/SIGTERM)[0m
[static_transform_publisher-6] [0m[INFO] [1790706548.646901619] [rclcpp]: signal_handler(SIGINT/SIGTERM)[0m
[robot_state_publisher-1] [0m[INFO] [1790706548.649604846] [rclcpp]: signal_handler(SIGINT/SIGTERM)[0m
[rviz2-4] terminate called without an active exception
[move_group-2] [0m[INFO] [1790706548.761095227] [moveit.ros_planning_interface.moveit_cpp]: Deleting MoveItCpp[0m
[move_group-2] [0m[INFO] [1790706548.764387308] [moveit_ros.planning_scene_monitor.planning_scene_monitor]: Stopped publishing maintained planning scene.[0m
[move_group-2] [0m[INFO] [1790706548.766776434] [moveit_ros.planning_scene_monitor.planning_scene_monitor]: Stopping world geometry monitor[0m
[move_group-2] [0m[INFO] [1790706548.767007330] [moveit_ros.planning_scene_monitor.planning_scene_monitor]: Stopping planning scene monitor[0m
[move_group-2] Warning: class_loader.ClassLoader: SEVERE WARNING!!! Attempting to unload library while objects created by this loader exist in the heap! You should delete your objects before attempting to unload the library or destroying the ClassLoader. The library will NOT be unloaded.
[move_group-2]          at line 127 in ./src/class_loader.cpp
[INFO] [robot_state_publisher-1]: process has finished cleanly [pid 44645]
[move_group-2] Stack trace (most recent call last):
[move_group-2] #16   Object "/usr/lib/x86_64-linux-gnu/ld-linux-x86-64.so.2", at 0xffffffffffffffff, in 
[move_group-2] #15   Object "/opt/ros/humble/lib/moveit_ros_move_group/move_group", at 0x560a5403d724, in 
[move_group-2] #14   Object "/usr/lib/x86_64-linux-gnu/libc.so.6", at 0x7c225fa77e3f, in __libc_start_main
[move_group-2] #13   Object "/usr/lib/x86_64-linux-gnu/libc.so.6", at 0x7c225fa77d8f, in 
[move_group-2] #12   Object "/opt/ros/humble/lib/moveit_ros_move_group/move_group", at 0x560a5403c65b, in 
[move_group-2] #11   Object "/opt/ros/humble/lib/moveit_ros_move_group/move_group", at 0x560a5403e709, in 
[move_group-2] #10   Object "/opt/ros/humble/lib/libmoveit_cpp.so.2.5.9", at 0x7c22603e1876, in moveit_cpp::MoveItCpp::~MoveItCpp()
[move_group-2] #9    Object "/opt/ros/humble/lib/libmoveit_cpp.so.2.5.9", at 0x7c22603dfba9, in 
[move_group-2] #8    Object "/opt/ros/humble/lib/libmoveit_trajectory_execution_manager.so.2.5.9", at 0x7c225f76d495, in trajectory_execution_manager::TrajectoryExecutionManager::~TrajectoryExecutionManager()
[move_group-2] #7    Object "/opt/ros/humble/lib/libmoveit_trajectory_execution_manager.so.2.5.9", at 0x7c225f7803a9, in 
[move_group-2] #6    Object "/opt/ros/humble/lib/librclcpp.so", at 0x7c226003febc, in rclcpp::Node::~Node()
[move_group-2] #5    Object "/opt/ros/humble/lib/librclcpp.so", at 0x7c226003fe5e, in rclcpp::Node::~Node()
[move_group-2] #4    Object "/opt/ros/humble/lib/librclcpp.so", at 0x7c226001af59, in 
[move_group-2] #3    Object "/opt/ros/humble/lib/librclcpp.so", at 0x7c2260049509, in 
[move_group-2] #2    Object "/opt/ros/humble/lib/librclcpp.so", at 0x7c2260049450, in rclcpp::node_interfaces::NodeBase::~NodeBase()
[move_group-2] #1    Object "/opt/ros/humble/lib/librclcpp.so", at 0x7c226001af59, in 
[move_group-2] #0    Object "/opt/ros/humble/lib/librclcpp.so", at 0x7c226001fdd1, in rclcpp::CallbackGroup::~CallbackGroup()
[move_group-2] Segmentation fault (Address not mapped to object [0x7c225461b798])
[INFO] [static_transform_publisher-5]: process has finished cleanly [pid 44653]
[INFO] [static_transform_publisher-6]: process has finished cleanly [pid 44655]
[INFO] [saved_image_capture_node-7]: process has finished cleanly [pid 44657]
[INFO] [camera_to_base_node-9]: process has finished cleanly [pid 44661]
[ERROR] [rviz2-4]: process has died [pid 44651, exit code -6, cmd '/opt/ros/humble/lib/rviz2/rviz2 -d /home/user/ros2_ws/install/robot_arm_movit_config/share/robot_arm_movit_config/config/moveit.rviz --ros-args -r __node:=vision_rviz --params-file /tmp/launch_params_3vi4q87s --params-file /tmp/launch_params_kd3n4294 --params-file /tmp/launch_params_6dte7kl4 --params-file /tmp/launch_params_tmrjjohd'].
[ERROR] [move_group-2]: process has died [pid 44647, exit code -11, cmd '/opt/ros/humble/lib/moveit_ros_move_group/move_group --ros-args --params-file /tmp/launch_params_o5m5c8b0 --params-file /tmp/launch_params_6lzmzyu3'].
[move_group-2] [0m
[INFO] [fruit_detection_node-8]: process has finished cleanly [pid 44659]
