warning: Using load_yaml() directly is deprecated. Use xacro.load_yaml() instead.
[INFO] [launch.user]: Vision run logs: /home/user/ros2_ws/src/computer_vision_model/logs/20260929_185554_674511
[INFO] [robot_state_publisher-1]: process started with pid [49475]
[INFO] [move_group-2]: process started with pid [49477]
[INFO] [solution_joint_state_node-3]: process started with pid [49479]
[INFO] [rviz2-4]: process started with pid [49481]
[INFO] [static_transform_publisher-5]: process started with pid [49483]
[INFO] [astra_camera_node-6]: process started with pid [49485]
[INFO] [rgbd_capture_node-7]: process started with pid [49487]
[INFO] [fruit_detection_node-8]: process started with pid [49489]
[INFO] [camera_to_base_node-9]: process started with pid [49491]
[static_transform_publisher-5] [0m[INFO] [1790708155.520801014] [vision_camera_mount_tf]: Spinning until stopped - publishing transform
[static_transform_publisher-5] translation: ('-0.246900', '-0.506900', '0.228000')
[static_transform_publisher-5] rotation: ('-0.059865', '0.144527', '0.377972', '0.912505')
[static_transform_publisher-5] from 'base_link' to 'camera_link'[0m
[rviz2-4] QStandardPaths: XDG_RUNTIME_DIR not set, defaulting to '/tmp/runtime-user'
[astra_camera_node-6] Warning: class_loader.impl: SEVERE WARNING!!! A namespace collision has occurred with plugin factory for class rclcpp_components::NodeFactoryTemplate<astra_camera::OBCameraNodeFactory>. New factory will OVERWRITE existing one. This situation occurs when libraries containing plugins are directly linked against an executable (the one running right now generating this message). Please separate plugins out into their own library or just don't link against the library and use either class_loader::ClassLoader/MultiLibraryClassLoader to open.
[astra_camera_node-6]          at line 253 in /opt/ros/humble/include/class_loader/class_loader/class_loader_core.hpp
[robot_state_publisher-1] [0m[INFO] [1790708156.150691273] [robot_state_publisher]: got segment base_link[0m
[robot_state_publisher-1] [0m[INFO] [1790708156.151577472] [robot_state_publisher]: got segment link_1[0m
[robot_state_publisher-1] [0m[INFO] [1790708156.151599672] [robot_state_publisher]: got segment link_2[0m
[robot_state_publisher-1] [0m[INFO] [1790708156.151609748] [robot_state_publisher]: got segment link_3[0m
[robot_state_publisher-1] [0m[INFO] [1790708156.151618456] [robot_state_publisher]: got segment link_4[0m
[robot_state_publisher-1] [0m[INFO] [1790708156.151626598] [robot_state_publisher]: got segment link_5[0m
[robot_state_publisher-1] [0m[INFO] [1790708156.151634801] [robot_state_publisher]: got segment link_6[0m
[robot_state_publisher-1] [0m[INFO] [1790708156.151643067] [robot_state_publisher]: got segment world[0m
[astra_camera_node-6] [0m[INFO] [1790708156.159984017] [camera.camera]: init done.[0m
[astra_camera_node-6] [0m[INFO] [1790708156.160069575] [camera.camera]: Waiting for device connection...[0m
[astra_camera_node-6] [0m[INFO] [1790708156.160510870] [device_listener]: Found 1 devices[0m
[astra_camera_node-6] [0m[INFO] [1790708156.160541318] [camera.camera]: Trying to open device: 2bc5/0403@1/63[0m
[rgbd_capture_node-7] [0m[INFO] [1790708156.192009836] [rgbd_capture_node]: RGB-only capture node ready[0m
[rgbd_capture_node-7] [0m[INFO] [1790708156.192509533] [rgbd_capture_node]:   RGB:        /camera/color/image_raw[0m
[rgbd_capture_node-7] [0m[INFO] [1790708156.192612360] [rgbd_capture_node]:   Depth:      /camera/depth/image_raw[0m
[rgbd_capture_node-7] [0m[INFO] [1790708156.192629494] [rgbd_capture_node]:   CameraInfo: /camera/color/camera_info[0m
[rgbd_capture_node-7] [0m[INFO] [1790708156.192641731] [rgbd_capture_node]:   Output:     /home/user/ros2_ws/src/computer_vision_model/logs/20260929_185554_674511/captures[0m
[move_group-2] [0m[INFO] [1790708156.360094866] [moveit_rdf_loader.rdf_loader]: Loaded robot model in 0.185187 seconds[0m
[move_group-2] [0m[INFO] [1790708156.368241195] [moveit_robot_model.robot_model]: Loading robot model 'robot_arm'...[0m
[move_group-2] [0m[INFO] [1790708156.368284035] [moveit_robot_model.robot_model]: No root/virtual joint specified in SRDF. Assuming fixed joint[0m
[astra_camera_node-6] [0m[INFO] [1790708156.427435462] [camera.camera]: Device connected: Astra serial number: 17122220365[0m
[astra_camera_node-6] [0m[INFO] [1790708156.427511104] [camera.camera]: starting device [0m
[astra_camera_node-6] [0m[INFO] [1790708156.438020320] [camera.camera]: depth is not enable[0m
[astra_camera_node-6] [0m[INFO] [1790708156.438140373] [camera.camera]: ir is not enable[0m
[move_group-2] [33m[WARN] [1790708156.453380743] [moveit_robot_model.robot_model]: Could not identify parent group for end-effector 'fork'[0m
[astra_camera_node-6] [0m[INFO] [1790708156.683689324] [camera.camera]: open uvc camera[0m
[astra_camera_node-6] [0m[INFO] [1790708156.769458431] [camera.camera]: uvc config: vendor_id: 2bc5
[astra_camera_node-6] product_id: 501
[astra_camera_node-6] width: 640
[astra_camera_node-6] height: 480
[astra_camera_node-6] fps: 30
[astra_camera_node-6] serial_number: 17122220365
[astra_camera_node-6] format: mjpeg
[astra_camera_node-6] frame_id: camera_color_frame
[astra_camera_node-6] optical_frame_id : camera_color_optical_frame
[astra_camera_node-6] [0m
[astra_camera_node-6] [0m[INFO] [1790708156.782113517] [camera.camera]: open camera success[0m
[astra_camera_node-6] [31m[ERROR] [1790708156.856802470] [camera.camera]: Enabling image registration mode failed: 
[astra_camera_node-6] 	Device.setProperty(5) failed
[astra_camera_node-6] 
[astra_camera_node-6] 
[astra_camera_node-6] [0m
[astra_camera_node-6] [0m[INFO] [1790708156.856857216] [camera.camera]: Start UVC camera[0m
[astra_camera_node-6] [33m[WARN] [1790708156.857233831] [camera.camera]: Publishing dynamic camera transforms (/tf) at 10 Hz[0m
[rviz2-4] [0m[INFO] [1790708156.942734941] [rviz2]: Stereo is NOT SUPPORTED[0m
[rviz2-4] [0m[INFO] [1790708156.942861388] [rviz2]: OpenGl version: 4.6 (GLSL 4.6)[0m
[move_group-2] [0m[INFO] [1790708156.975703009] [moveit_ros.planning_scene_monitor.planning_scene_monitor]: Publishing maintained planning scene on 'monitored_planning_scene'[0m
[move_group-2] [0m[INFO] [1790708156.977545962] [moveit.ros_planning_interface.moveit_cpp]: Listening to 'joint_states' for joint states[0m
[move_group-2] [0m[INFO] [1790708156.984783400] [moveit_ros.current_state_monitor]: Listening to joint states on topic 'joint_states'[0m
[move_group-2] [0m[INFO] [1790708156.999552265] [moveit_ros.planning_scene_monitor.planning_scene_monitor]: Listening to '/attached_collision_object' for attached collision objects[0m
[move_group-2] [0m[INFO] [1790708156.999593645] [moveit_ros.planning_scene_monitor.planning_scene_monitor]: Starting planning scene monitor[0m
[move_group-2] [0m[INFO] [1790708157.000313365] [moveit_ros.planning_scene_monitor.planning_scene_monitor]: Listening to '/planning_scene'[0m
[move_group-2] [0m[INFO] [1790708157.000342737] [moveit_ros.planning_scene_monitor.planning_scene_monitor]: Starting world geometry update monitor for collision objects, attached objects, octomap updates.[0m
[move_group-2] [0m[INFO] [1790708157.001020173] [moveit_ros.planning_scene_monitor.planning_scene_monitor]: Listening to 'collision_object'[0m
[move_group-2] [0m[INFO] [1790708157.001641939] [moveit_ros.planning_scene_monitor.planning_scene_monitor]: Listening to 'planning_scene_world' for planning scene world geometry[0m
[move_group-2] [33m[WARN] [1790708157.011073135] [moveit.ros.occupancy_map_monitor.middleware_handle]: Resolution not specified for Octomap. Assuming resolution = 0.1 instead[0m
[move_group-2] [31m[ERROR] [1790708157.011137601] [moveit.ros.occupancy_map_monitor.middleware_handle]: No 3D sensor plugin(s) defined for octomap updates[0m
[fruit_detection_node-8] [0m[INFO] [1790708157.046516246] [fruit_detection_node]: Fruit detection node ready[0m
[fruit_detection_node-8] [0m[INFO] [1790708157.047297704] [fruit_detection_node]:   Model: sliced-fruits-and-vegetables-rnw8f/1[0m
[fruit_detection_node-8] [0m[INFO] [1790708157.047951220] [fruit_detection_node]:   API: https://serverless.roboflow.com[0m
[fruit_detection_node-8] [0m[INFO] [1790708157.048594525] [fruit_detection_node]:   API key source: ROBOFLOW_API_KEY environment variable[0m
[fruit_detection_node-8] [0m[INFO] [1790708157.049384282] [fruit_detection_node]:   Detection results: /computer_vision/detections[0m
[rviz2-4] [0m[INFO] [1790708157.052245125] [rviz2]: Stereo is NOT SUPPORTED[0m
[move_group-2] [0m[INFO] [1790708157.078724475] [moveit.ros_planning_interface.moveit_cpp]: Loading planning pipeline 'chomp'[0m
[move_group-2] [0m[INFO] [1790708157.098023106] [moveit.ros_planning.planning_pipeline]: Using planning interface 'CHOMP'[0m
[move_group-2] [0m[INFO] [1790708157.116177905] [moveit_ros.add_time_optimal_parameterization]: Param 'chomp.path_tolerance' was not set. Using default value: 0.100000[0m
[move_group-2] [0m[INFO] [1790708157.116227849] [moveit_ros.add_time_optimal_parameterization]: Param 'chomp.resample_dt' was not set. Using default value: 0.100000[0m
[move_group-2] [0m[INFO] [1790708157.116237027] [moveit_ros.add_time_optimal_parameterization]: Param 'chomp.min_angle_change' was not set. Using default value: 0.001000[0m
[move_group-2] [0m[INFO] [1790708157.116283373] [moveit_ros.fix_workspace_bounds]: Param 'chomp.default_workspace_bounds' was not set. Using default value: 10.000000[0m
[move_group-2] [0m[INFO] [1790708157.116307544] [moveit_ros.fix_start_state_bounds]: Param 'chomp.start_state_max_bounds_error' was set to 0.100000[0m
[move_group-2] [0m[INFO] [1790708157.116316748] [moveit_ros.fix_start_state_bounds]: Param 'chomp.start_state_max_dt' was not set. Using default value: 0.500000[0m
[move_group-2] [0m[INFO] [1790708157.116342296] [moveit_ros.fix_start_state_collision]: Param 'chomp.start_state_max_dt' was not set. Using default value: 0.500000[0m
[move_group-2] [0m[INFO] [1790708157.116351424] [moveit_ros.fix_start_state_collision]: Param 'chomp.jiggle_fraction' was set to 0.050000[0m
[move_group-2] [0m[INFO] [1790708157.116360192] [moveit_ros.fix_start_state_collision]: Param 'chomp.max_sampling_attempts' was not set. Using default value: 100[0m
[move_group-2] [0m[INFO] [1790708157.116384288] [moveit.ros_planning.planning_pipeline]: Using planning request adapter 'Add Time Optimal Parameterization'[0m
[move_group-2] [0m[INFO] [1790708157.116391653] [moveit.ros_planning.planning_pipeline]: Using planning request adapter 'Resolve constraint frames to robot links'[0m
[move_group-2] [0m[INFO] [1790708157.116397369] [moveit.ros_planning.planning_pipeline]: Using planning request adapter 'Fix Workspace Bounds'[0m
[move_group-2] [0m[INFO] [1790708157.116402787] [moveit.ros_planning.planning_pipeline]: Using planning request adapter 'Fix Start State Bounds'[0m
[move_group-2] [0m[INFO] [1790708157.116417684] [moveit.ros_planning.planning_pipeline]: Using planning request adapter 'Fix Start State In Collision'[0m
[move_group-2] [0m[INFO] [1790708157.116477171] [moveit.ros_planning.planning_pipeline]: Using planning request adapter 'Fix Start State Path Constraints'[0m
[move_group-2] [0m[INFO] [1790708157.133334633] [moveit.ros_planning_interface.moveit_cpp]: Loading planning pipeline 'pilz_industrial_motion_planner'[0m
[move_group-2] [0m[INFO] [1790708157.152109565] [moveit.pilz_industrial_motion_planner.joint_limits_aggregator]: Reading limits from namespace robot_description_planning[0m
[move_group-2] [0m[INFO] [1790708157.174117331] [moveit.pilz_industrial_motion_planner]: Available plugins: pilz_industrial_motion_planner/PlanningContextLoaderCIRC pilz_industrial_motion_planner/PlanningContextLoaderLIN pilz_industrial_motion_planner/PlanningContextLoaderPTP [0m
[move_group-2] [0m[INFO] [1790708157.174152136] [moveit.pilz_industrial_motion_planner]: About to load: pilz_industrial_motion_planner/PlanningContextLoaderCIRC[0m
[move_group-2] [0m[INFO] [1790708157.176292785] [moveit.pilz_industrial_motion_planner]: Registered Algorithm [CIRC][0m
[move_group-2] [0m[INFO] [1790708157.176316003] [moveit.pilz_industrial_motion_planner]: About to load: pilz_industrial_motion_planner/PlanningContextLoaderLIN[0m
[move_group-2] [0m[INFO] [1790708157.177826250] [moveit.pilz_industrial_motion_planner]: Registered Algorithm [LIN][0m
[move_group-2] [0m[INFO] [1790708157.177852120] [moveit.pilz_industrial_motion_planner]: About to load: pilz_industrial_motion_planner/PlanningContextLoaderPTP[0m
[move_group-2] [0m[INFO] [1790708157.180049937] [moveit.pilz_industrial_motion_planner]: Registered Algorithm [PTP][0m
[move_group-2] [0m[INFO] [1790708157.180080342] [moveit.ros_planning.planning_pipeline]: Using planning interface 'Pilz Industrial Motion Planner'[0m
[move_group-2] [0m[INFO] [1790708157.185466553] [moveit.ros_planning_interface.moveit_cpp]: Loading planning pipeline 'ompl'[0m
[move_group-2] [0m[INFO] [1790708157.207376524] [moveit.ros_planning.planning_pipeline]: Using planning interface 'OMPL'[0m
[solution_joint_state_node-3] [0m[INFO] [1790708157.208309071] [solution_joint_states]: Publishing /joint_states at the seed pose; will switch to the IK solution when one is published. Held joints: joint_1, joint_6[0m
[move_group-2] [0m[INFO] [1790708157.213532702] [moveit_ros.add_time_optimal_parameterization]: Param 'ompl.path_tolerance' was not set. Using default value: 0.100000[0m
[move_group-2] [0m[INFO] [1790708157.213563487] [moveit_ros.add_time_optimal_parameterization]: Param 'ompl.resample_dt' was not set. Using default value: 0.100000[0m
[move_group-2] [0m[INFO] [1790708157.213571805] [moveit_ros.add_time_optimal_parameterization]: Param 'ompl.min_angle_change' was not set. Using default value: 0.001000[0m
[move_group-2] [0m[INFO] [1790708157.213605012] [moveit_ros.fix_workspace_bounds]: Param 'ompl.default_workspace_bounds' was not set. Using default value: 10.000000[0m
[move_group-2] [0m[INFO] [1790708157.213626432] [moveit_ros.fix_start_state_bounds]: Param 'ompl.start_state_max_bounds_error' was set to 0.100000[0m
[move_group-2] [0m[INFO] [1790708157.213634919] [moveit_ros.fix_start_state_bounds]: Param 'ompl.start_state_max_dt' was not set. Using default value: 0.500000[0m
[move_group-2] [0m[INFO] [1790708157.213652373] [moveit_ros.fix_start_state_collision]: Param 'ompl.start_state_max_dt' was not set. Using default value: 0.500000[0m
[move_group-2] [0m[INFO] [1790708157.213660761] [moveit_ros.fix_start_state_collision]: Param 'ompl.jiggle_fraction' was set to 0.050000[0m
[move_group-2] [0m[INFO] [1790708157.213667473] [moveit_ros.fix_start_state_collision]: Param 'ompl.max_sampling_attempts' was not set. Using default value: 100[0m
[move_group-2] [0m[INFO] [1790708157.213683894] [moveit.ros_planning.planning_pipeline]: Using planning request adapter 'Add Time Optimal Parameterization'[0m
[move_group-2] [0m[INFO] [1790708157.213690773] [moveit.ros_planning.planning_pipeline]: Using planning request adapter 'Resolve constraint frames to robot links'[0m
[move_group-2] [0m[INFO] [1790708157.213696560] [moveit.ros_planning.planning_pipeline]: Using planning request adapter 'Fix Workspace Bounds'[0m
[move_group-2] [0m[INFO] [1790708157.213701797] [moveit.ros_planning.planning_pipeline]: Using planning request adapter 'Fix Start State Bounds'[0m
[move_group-2] [0m[INFO] [1790708157.213706730] [moveit.ros_planning.planning_pipeline]: Using planning request adapter 'Fix Start State In Collision'[0m
[move_group-2] [0m[INFO] [1790708157.213711792] [moveit.ros_planning.planning_pipeline]: Using planning request adapter 'Fix Start State Path Constraints'[0m
[rviz2-4] Warning: class_loader.impl: SEVERE WARNING!!! A namespace collision has occurred with plugin factory for class rviz_default_plugins::displays::InteractiveMarkerDisplay. New factory will OVERWRITE existing one. This situation occurs when libraries containing plugins are directly linked against an executable (the one running right now generating this message). Please separate plugins out into their own library or just don't link against the library and use either class_loader::ClassLoader/MultiLibraryClassLoader to open.
[rviz2-4]          at line 253 in /opt/ros/humble/include/class_loader/class_loader/class_loader_core.hpp
[move_group-2] [0m[INFO] [1790708157.359821777] [moveit.plugins.moveit_simple_controller_manager]: Added FollowJointTrajectory controller for arm_controller[0m
[move_group-2] [0m[INFO] [1790708157.360035461] [moveit.plugins.moveit_simple_controller_manager]: Returned 1 controllers in list[0m
[move_group-2] [0m[INFO] [1790708157.361001705] [moveit.plugins.moveit_simple_controller_manager]: Returned 1 controllers in list[0m
[move_group-2] [0m[INFO] [1790708157.363822561] [moveit_ros.trajectory_execution_manager]: Trajectory execution is managing controllers[0m
[move_group-2] [0m[INFO] [1790708157.363851930] [move_group.move_group]: MoveGroup debug mode is ON[0m
[move_group-2] [0m[INFO] [1790708157.413054177] [move_group.move_group]: 
[move_group-2] 
[move_group-2] ********************************************************
[move_group-2] * MoveGroup using: 
[move_group-2] *     - ApplyPlanningSceneService
[move_group-2] *     - ClearOctomapService
[move_group-2] *     - CartesianPathService
[move_group-2] *     - GetPlanningSceneService
[move_group-2] *     - KinematicsService
[move_group-2] *     - MotionPlanService
[move_group-2] *     - QueryPlannersService
[move_group-2] *     - StateValidationService
[move_group-2] ********************************************************
[move_group-2] [0m
[move_group-2] [0m[INFO] [1790708157.413111378] [moveit_move_group_capabilities_base.move_group_context]: MoveGroup context using planning plugin ompl_interface/OMPLPlanner[0m
[move_group-2] [0m[INFO] [1790708157.413125588] [moveit_move_group_capabilities_base.move_group_context]: MoveGroup context initialization complete[0m
[move_group-2] [96mLoading 'move_group/ApplyPlanningSceneService'...
[move_group-2] [0m[96mLoading 'move_group/ClearOctomapService'...
[move_group-2] [0m[96mLoading 'move_group/MoveGroupCartesianPathService'...
[move_group-2] [0m[96mLoading 'move_group/MoveGroupGetPlanningSceneService'...
[move_group-2] [0m[96mLoading 'move_group/MoveGroupKinematicsService'...
[move_group-2] [0m[96mLoading 'move_group/MoveGroupPlanService'...
[move_group-2] [0m[96mLoading 'move_group/MoveGroupQueryPlannersService'...
[move_group-2] [0m[96mLoading 'move_group/MoveGroupStateValidationService'...
[move_group-2] [0m[92m
[move_group-2] You can start planning now!
[move_group-2] 
[astra_camera_node-6] [0m[INFO] [1790708157.444257139] [camera.camera]: set uvc mode 640x480@30 format UVC_FRAME_FORMAT_MJPEG[0m
[astra_camera_node-6] [0m[INFO] [1790708157.537880861] [camera.camera]: device  started.[0m
[camera_to_base_node-9] [0m[INFO] [1790708157.700297297] [camera_to_base_node]: STARTUP: READY: Waiting for one capture and its detections.[0m
[rviz2-4] [31m[ERROR] [1790708160.358287895] [moveit_ros_visualization.motion_planning_frame]: Action server: /recognize_objects not available[0m
[rviz2-4] [0m[INFO] [1790708160.411929260] [moveit_ros_visualization.motion_planning_frame]: MoveGroup namespace changed: / -> . Reloading params.[0m
[rviz2-4] [0m[INFO] [1790708160.565685607] [moveit_rdf_loader.rdf_loader]: Loaded robot model in 0.102187 seconds[0m
[rviz2-4] [0m[INFO] [1790708160.565777923] [moveit_robot_model.robot_model]: Loading robot model 'robot_arm'...[0m
[rviz2-4] [0m[INFO] [1790708160.565800365] [moveit_robot_model.robot_model]: No root/virtual joint specified in SRDF. Assuming fixed joint[0m
[rviz2-4] [33m[WARN] [1790708160.603112259] [moveit_robot_model.robot_model]: Could not identify parent group for end-effector 'fork'[0m
[rviz2-4] [0m[INFO] [1790708160.815128027] [moveit_ros.planning_scene_monitor.planning_scene_monitor]: Starting planning scene monitor[0m
[rviz2-4] [0m[INFO] [1790708160.816809703] [moveit_ros.planning_scene_monitor.planning_scene_monitor]: Listening to '/monitored_planning_scene'[0m
[rviz2-4] [0m[INFO] [1790708160.914132780] [interactive_marker_display_101545545468992]: Connected on namespace: /rviz_moveit_motion_planning_display/robot_interaction_interactive_marker_topic[0m
[rviz2-4] [0m[INFO] [1790708160.950921454] [interactive_marker_display_101545545468992]: Sending request for interactive markers[0m
[rviz2-4] [0m[INFO] [1790708160.983043863] [interactive_marker_display_101545545468992]: Service response received for initialization[0m
[rviz2-4] [0m[INFO] [1790708161.015230440] [moveit_ros_visualization.motion_planning_frame]: group arm[0m
[rviz2-4] [0m[INFO] [1790708161.015268628] [moveit_ros_visualization.motion_planning_frame]: Constructing new MoveGroup connection for group 'arm' in namespace ''[0m
[fruit_detection_node-8] [0m[INFO] [1790708166.996847899] [fruit_detection_node]: Requesting a camera snapshot...[0m
[rgbd_capture_node-7] [0m[INFO] [1790708167.052171987] [rgbd_capture_node]: Saved RGB-only capture: /home/user/ros2_ws/src/computer_vision_model/logs/20260929_185554_674511/captures/latest_rgb.jpg[0m
[fruit_detection_node-8] [0m[INFO] [1790708167.055768934] [fruit_detection_node]: Captured /home/user/ros2_ws/src/computer_vision_model/logs/20260929_185554_674511/captures/latest_rgb.jpg; starting inference...[0m
[fruit_detection_node-8] /home/user/.local/lib/python3.10/site-packages/inference_sdk/http/client.py:120: InferenceSDKGuidanceWarning: This client sends the Roboflow API key through the legacy channel (query parameter / request body). Sending it as the `Authorization: Bearer <api_key>` header is recommended and works with inference servers from release 1.5.0 onward. Opt in with InferenceConfiguration(api_key_transport='header'); use 'both' for a transition period safe with every server version. Set api_key_transport='legacy' explicitly to keep the current behaviour and silence this warning.
[fruit_detection_node-8]   warnings.warn(
[fruit_detection_node-8] [0m[INFO] [1790708168.720238898] [fruit_detection_node]: Roboflow detected 2 object(s)[0m
[fruit_detection_node-8] [0m[INFO] [1790708168.721335987] [fruit_detection_node]:   Cucumber: 2[0m
[fruit_detection_node-8] [0m[INFO] [1790708168.722512361] [fruit_detection_node]:     center=(575.0, 289.5), size=(130.0 x 301.0), confidence=0.837[0m
[fruit_detection_node-8] [0m[INFO] [1790708168.723538599] [fruit_detection_node]:     center=(369.5, 244.5), size=(111.0 x 205.0), confidence=0.734[0m
[fruit_detection_node-8] [0m[INFO] [1790708168.725161160] [fruit_detection_node]: Saved detections to /home/user/ros2_ws/src/computer_vision_model/logs/20260929_185554_674511/captures/latest_detections.json[0m
[fruit_detection_node-8] [0m[INFO] [1790708168.729450296] [fruit_detection_node]: Saved annotated image to /home/user/ros2_ws/src/computer_vision_model/logs/20260929_185554_674511/captures/latest_detections_annotated.jpg[0m
[fruit_detection_node-8] [0m[INFO] [1790708168.730573323] [fruit_detection_node]: Results published for downstream processing[0m
[camera_to_base_node-9] [0m[INFO] [1790708168.745215146] [camera_to_base_node]: SELECTION: SUCCESS: Highest-confidence detection; passing box centre to projection.[0m
[WARNING] [launch]: user interrupted with ctrl-c (SIGINT)
[move_group-2] [0m[INFO] [1790708180.329139913] [rclcpp]: signal_handler(SIGINT/SIGTERM)[0m
[static_transform_publisher-5] [0m[INFO] [1790708180.329354933] [rclcpp]: signal_handler(SIGINT/SIGTERM)[0m
[rviz2-4] [0m[INFO] [1790708180.329864191] [rclcpp]: signal_handler(SIGINT/SIGTERM)[0m
[astra_camera_node-6] [0m[INFO] [1790708180.332545224] [rclcpp]: signal_handler(SIGINT/SIGTERM)[0m
[rviz2-4] [31m[ERROR] [1790708180.337967438] [vision_rviz.rclcpp_action]: Error in destruction of rcl action client handle: action client implementation is invalid, at ./src/rcl_action/action_client.c:472[0m
[rviz2-4] [33m[WARN] [1790708180.345915667] [interactive_marker_display_101545545468992]: Server not available while running, resetting[0m
[robot_state_publisher-1] [0m[INFO] [1790708180.335814893] [rclcpp]: signal_handler(SIGINT/SIGTERM)[0m
[rgbd_capture_node-7] [0m[INFO] [1790708180.345158942] [rclcpp]: signal_handler(SIGINT/SIGTERM)[0m
[WARNING] [launch]: user interrupted with ctrl-c (SIGINT) again, ignoring...
[rgbd_capture_node-7] [0m[INFO] [1790708180.538142732] [rclcpp]: signal_handler(SIGINT/SIGTERM)[0m
[fruit_detection_node-8] Traceback (most recent call last):
[robot_state_publisher-1] [0m[INFO] [1790708180.540464760] [rclcpp]: signal_handler(SIGINT/SIGTERM)[0m
[fruit_detection_node-8]   File "/home/user/ros2_ws/install/computer_vision_model/lib/computer_vision_model/fruit_detection_node", line 516, in <module>
[fruit_detection_node-8]     main()
[fruit_detection_node-8]   File "/home/user/ros2_ws/install/computer_vision_model/lib/computer_vision_model/fruit_detection_node", line 510, in main
[fruit_detection_node-8]     node.destroy_node()
[fruit_detection_node-8]   File "/opt/ros/humble/local/lib/python3.10/dist-packages/rclpy/node.py", line 1691, in destroy_node
[fruit_detection_node-8]     self.destroy_service(self._services[0])
[fruit_detection_node-8]   File "/opt/ros/humble/local/lib/python3.10/dist-packages/rclpy/node.py", line 1615, in destroy_service
[camera_to_base_node-9] Traceback (most recent call last):
[camera_to_base_node-9]   File "/home/user/ros2_ws/install/computer_vision_model/lib/computer_vision_model/camera_to_base_node", line 887, in <module>
[camera_to_base_node-9]     main()
[camera_to_base_node-9]   File "/home/user/ros2_ws/install/computer_vision_model/lib/computer_vision_model/camera_to_base_node", line 881, in main
[camera_to_base_node-9]     node.destroy_node()
[camera_to_base_node-9]   File "/opt/ros/humble/local/lib/python3.10/dist-packages/rclpy/node.py", line 1689, in destroy_node
[fruit_detection_node-8]     service.destroy()
[fruit_detection_node-8]   File "/opt/ros/humble/local/lib/python3.10/dist-packages/rclpy/service.py", line 93, in destroy
[fruit_detection_node-8]     self.__service.destroy_when_not_in_use()
[fruit_detection_node-8] KeyboardInterrupt
[ERROR] [solution_joint_state_node-3]: process has died [pid 49479, exit code -2, cmd '/home/user/ros2_ws/install/computer_vision_model/lib/computer_vision_model/solution_joint_state_node --ros-args -r __node:=solution_joint_states --params-file /tmp/launch_params_97zj7_sp'].
[camera_to_base_node-9]     self.destroy_client(self._clients[0])
[camera_to_base_node-9]   File "/opt/ros/humble/local/lib/python3.10/dist-packages/rclpy/node.py", line 1599, in destroy_client
[rviz2-4] [0m[INFO] [1790708180.567481570] [rclcpp]: signal_handler(SIGINT/SIGTERM)[0m
[camera_to_base_node-9]     client.destroy()
[camera_to_base_node-9]   File "/opt/ros/humble/local/lib/python3.10/dist-packages/rclpy/client.py", line 187, in destroy
[camera_to_base_node-9]     self.__client.destroy_when_not_in_use()
[camera_to_base_node-9] KeyboardInterrupt
[move_group-2] [0m[INFO] [1790708180.580427397] [rclcpp]: signal_handler(SIGINT/SIGTERM)[0m
[rviz2-4] terminate called without an active exception
[ERROR] [static_transform_publisher-5]: process has died [pid 49483, exit code -2, cmd '/opt/ros/humble/lib/tf2_ros/static_transform_publisher --x -0.2469 --y -0.5069 --z 0.228 --roll 0.0 --pitch 0.314159265 --yaw 0.785398163 --frame-id base_link --child-frame-id camera_link --ros-args -r __node:=vision_camera_mount_tf --params-file /tmp/launch_params_d4ns6xda'].
[move_group-2] [0m[INFO] [1790708180.638138226] [moveit.ros_planning_interface.moveit_cpp]: Deleting MoveItCpp[0m
[move_group-2] [0m[INFO] [1790708180.642239440] [moveit_ros.planning_scene_monitor.planning_scene_monitor]: Stopped publishing maintained planning scene.[0m
[move_group-2] [0m[INFO] [1790708180.647727338] [moveit_ros.planning_scene_monitor.planning_scene_monitor]: Stopping world geometry monitor[0m
[move_group-2] [0m[INFO] [1790708180.649553113] [moveit_ros.planning_scene_monitor.planning_scene_monitor]: Stopping planning scene monitor[0m
[move_group-2] Warning: class_loader.ClassLoader: SEVERE WARNING!!! Attempting to unload library while objects created by this loader exist in the heap! You should delete your objects before attempting to unload the library or destroying the ClassLoader. The library will NOT be unloaded.
[move_group-2]          at line 127 in ./src/class_loader.cpp
[ERROR] [astra_camera_node-6]: process has died [pid 49485, exit code -2, cmd '/home/user/ros2_ws/install/astra_camera/lib/astra_camera/astra_camera_node --ros-args -r __node:=camera -r __ns:=/camera --params-file /tmp/launch_params_ewhnxm_9 --params-file /tmp/launch_params_1_ny3iwh --params-file /tmp/launch_params_3qoxbje7 --params-file /tmp/launch_params_t57u9_yx --params-file /tmp/launch_params_x2j5ykwd --params-file /tmp/launch_params_i9g589pp --params-file /tmp/launch_params_m3oi21t8 --params-file /tmp/launch_params_m4z9obvf --params-file /tmp/launch_params_g0swc9lf --params-file /tmp/launch_params_4b5ii_1l --params-file /tmp/launch_params_resinmxw --params-file /tmp/launch_params_nsxqeyrd --params-file /tmp/launch_params_fcdau9ak --params-file /tmp/launch_params_7if6g446 --params-file /tmp/launch_params_0pspy2md --params-file /tmp/launch_params_7gj9j49q --params-file /tmp/launch_params_27qg5ho_ --params-file /tmp/launch_params_56dw8s_0 --params-file /tmp/launch_params_jioiqgdq --params-file /tmp/launch_params_usubsct_ --params-file /tmp/launch_params_5199g5_e --params-file /tmp/launch_params_s2_hcxnd --params-file /tmp/launch_params_9mgwnm2i --params-file /tmp/launch_params_5n_g9j0g --params-file /tmp/launch_params_sywn3ga1 --params-file /tmp/launch_params_cvarkhwo --params-file /tmp/launch_params_ccnrofo5 --params-file /tmp/launch_params_u819zl6j --params-file /tmp/launch_params_m_2pfimg --params-file /tmp/launch_params_mmmh_t27 --params-file /tmp/launch_params_co8156mh --params-file /tmp/launch_params_ro_a74pb --params-file /tmp/launch_params_ju0o2kek --params-file /tmp/launch_params_ufsejx6u --params-file /tmp/launch_params_7cw_6chk --params-file /tmp/launch_params_nisb6r1a --params-file /tmp/launch_params_59mvmz_5 --params-file /tmp/launch_params_vo183nl5 --params-file /tmp/launch_params_zhadk3gx --params-file /tmp/launch_params_p5djf2e0 --params-file /tmp/launch_params_awj7keng --params-file /tmp/launch_params_eqc0wkaa --params-file /tmp/launch_params_2fx5p8fu --params-file /tmp/launch_params_3iyf6mn0 --params-file /tmp/launch_params_nyxktjgs --params-file /tmp/launch_params_4qqursxk --params-file /tmp/launch_params_eu6lzlfl --params-file /tmp/launch_params_cwga6dev --params-file /tmp/launch_params_jtrzmk7j --params-file /tmp/launch_params_8nezn6lu --params-file /tmp/launch_params_ljcmqlhu --params-file /tmp/launch_params_2qad3zyg --params-file /tmp/launch_params_ycdfi5kn --params-file /tmp/launch_params_57257dns --params-file /tmp/launch_params_b_rkvgxo --params-file /tmp/launch_params_mui8ketc -r /camera/depth/color/points:=/camera/depth_registered/points'].
[INFO] [robot_state_publisher-1]: process has finished cleanly [pid 49475]
[INFO] [rgbd_capture_node-7]: process has finished cleanly [pid 49487]
[move_group-2] Stack trace (most recent call last):
[move_group-2] #16   Object "/usr/lib/x86_64-linux-gnu/ld-linux-x86-64.so.2", at 0xffffffffffffffff, in 
[move_group-2] #15   Object "/opt/ros/humble/lib/moveit_ros_move_group/move_group", at 0x5b8618180724, in 
[move_group-2] #14   Object "/usr/lib/x86_64-linux-gnu/libc.so.6", at 0x74cf8ec00e3f, in __libc_start_main
[move_group-2] #13   Object "/usr/lib/x86_64-linux-gnu/libc.so.6", at 0x74cf8ec00d8f, in 
[move_group-2] #12   Object "/opt/ros/humble/lib/moveit_ros_move_group/move_group", at 0x5b861817f65b, in 
[move_group-2] #11   Object "/opt/ros/humble/lib/moveit_ros_move_group/move_group", at 0x5b8618181709, in 
[move_group-2] #10   Object "/opt/ros/humble/lib/libmoveit_cpp.so.2.5.9", at 0x74cf8f56a876, in moveit_cpp::MoveItCpp::~MoveItCpp()
[move_group-2] #9    Object "/opt/ros/humble/lib/libmoveit_cpp.so.2.5.9", at 0x74cf8f568ba9, in 
[move_group-2] #8    Object "/opt/ros/humble/lib/libmoveit_trajectory_execution_manager.so.2.5.9", at 0x74cf8e8f6495, in trajectory_execution_manager::TrajectoryExecutionManager::~TrajectoryExecutionManager()
[move_group-2] #7    Object "/opt/ros/humble/lib/libmoveit_trajectory_execution_manager.so.2.5.9", at 0x74cf8e9093a9, in 
[move_group-2] #6    Object "/opt/ros/humble/lib/librclcpp.so", at 0x74cf8f1c8ebc, in rclcpp::Node::~Node()
[move_group-2] #5    Object "/opt/ros/humble/lib/librclcpp.so", at 0x74cf8f1c8e5e, in rclcpp::Node::~Node()
[move_group-2] #4    Object "/opt/ros/humble/lib/librclcpp.so", at 0x74cf8f1a3f59, in 
[move_group-2] #3    Object "/opt/ros/humble/lib/librclcpp.so", at 0x74cf8f1d2509, in 
[move_group-2] #2    Object "/opt/ros/humble/lib/librclcpp.so", at 0x74cf8f1d2450, in rclcpp::node_interfaces::NodeBase::~NodeBase()
[move_group-2] #1    Object "/opt/ros/humble/lib/librclcpp.so", at 0x74cf8f1a3f59, in 
[move_group-2] #0    Object "/opt/ros/humble/lib/librclcpp.so", at 0x74cf8f1a8dd1, in rclcpp::CallbackGroup::~CallbackGroup()
[move_group-2] Segmentation fault (Address not mapped to object [0x74cf5f788798])
[ERROR] [camera_to_base_node-9]: process has died [pid 49491, exit code -2, cmd '/home/user/ros2_ws/install/computer_vision_model/lib/computer_vision_model/camera_to_base_node --ros-args --params-file /tmp/launch_params_isu8g3sz'].
[ERROR] [fruit_detection_node-8]: process has died [pid 49489, exit code -2, cmd '/home/user/ros2_ws/install/computer_vision_model/lib/computer_vision_model/fruit_detection_node --ros-args --params-file /tmp/launch_params_imzk86gq'].
[ERROR] [rviz2-4]: process has died [pid 49481, exit code -6, cmd '/opt/ros/humble/lib/rviz2/rviz2 -d /home/user/ros2_ws/install/robot_arm_movit_config/share/robot_arm_movit_config/config/moveit.rviz --ros-args -r __node:=vision_rviz --params-file /tmp/launch_params_q6i86ull --params-file /tmp/launch_params_gkovnaqe --params-file /tmp/launch_params_cefytt8_ --params-file /tmp/launch_params_glxbr5n3'].
[ERROR] [move_group-2]: process has died [pid 49477, exit code -11, cmd '/opt/ros/humble/lib/moveit_ros_move_group/move_group --ros-args --params-file /tmp/launch_params_rqty2qht --params-file /tmp/launch_params_2ietifbz'].
[move_group-2] [0m
