[INFO] [1790705719.473009948] [camera_to_base_node]: STARTUP: READY: Waiting for one capture and its detections.
[INFO] [1790705731.009818926] [camera_to_base_node]: SELECTION: SUCCESS: Highest-confidence detection; passing box centre to projection.
[INFO] [1790705731.030075303] [camera_to_base_node]: TRANSFORM: SUCCESS: Camera optical point projected onto the known plane, then transformed into the arm base (metres).
[INFO] [1790705731.031173872] [camera_to_base_node]: POSE: SUCCESS: Published /computer_vision/fruit_pose; passing pose to MoveIt IK.
[INFO] [1790705731.127269388] [camera_to_base_node]: IK_REQUEST: STARTED: Requesting joint angles only; no trajectory execution.
[INFO] [1790705733.226752756] [camera_to_base_node]: IK_RESULT: RETRY: NO_IK_SOLUTION (-31) with this wrist orientation; relaxing it and retrying (2 of 40).
[INFO] [1790705733.327250157] [camera_to_base_node]: IK_REQUEST: STARTED: Requesting joint angles only; no trajectory execution.
[INFO] [1790705735.427910071] [camera_to_base_node]: IK_RESULT: RETRY: NO_IK_SOLUTION (-31) with this wrist orientation; relaxing it and retrying (3 of 40).
[INFO] [1790705735.529479409] [camera_to_base_node]: IK_REQUEST: STARTED: Requesting joint angles only; no trajectory execution.
[INFO] [1790705737.626408878] [camera_to_base_node]: IK_RESULT: RETRY: NO_IK_SOLUTION (-31) with this wrist orientation; relaxing it and retrying (4 of 40).
[INFO] [1790705737.728100834] [camera_to_base_node]: IK_REQUEST: STARTED: Requesting joint angles only; no trajectory execution.
[INFO] [1790705739.826183655] [camera_to_base_node]: IK_RESULT: RETRY: NO_IK_SOLUTION (-31) with this wrist orientation; relaxing it and retrying (5 of 40).
[INFO] [1790705739.927845242] [camera_to_base_node]: IK_REQUEST: STARTED: Requesting joint angles only; no trajectory execution.
[INFO] [1790705742.026397071] [camera_to_base_node]: IK_RESULT: RETRY: NO_IK_SOLUTION (-31) with this wrist orientation; relaxing it and retrying (6 of 40).
[INFO] [1790705742.130657610] [camera_to_base_node]: IK_REQUEST: STARTED: Requesting joint angles only; no trajectory execution.
[INFO] [1790705744.227822082] [camera_to_base_node]: IK_RESULT: RETRY: NO_IK_SOLUTION (-31) with this wrist orientation; relaxing it and retrying (7 of 40).
[INFO] [1790705744.329638483] [camera_to_base_node]: IK_REQUEST: STARTED: Requesting joint angles only; no trajectory execution.
[INFO] [1790705746.427857613] [camera_to_base_node]: IK_RESULT: RETRY: NO_IK_SOLUTION (-31) with this wrist orientation; relaxing it and retrying (8 of 40).
[INFO] [1790705746.529580934] [camera_to_base_node]: IK_REQUEST: STARTED: Requesting joint angles only; no trajectory execution.
[INFO] [1790705748.627760538] [camera_to_base_node]: IK_RESULT: RETRY: NO_IK_SOLUTION (-31) with this wrist orientation; relaxing it and retrying (9 of 40).
[INFO] [1790705748.729571783] [camera_to_base_node]: IK_REQUEST: STARTED: Requesting joint angles only; no trajectory execution.
[INFO] [1790705750.829492033] [camera_to_base_node]: IK_RESULT: RETRY: NO_IK_SOLUTION (-31) with this wrist orientation; relaxing it and retrying (10 of 40).
[INFO] [1790705750.929643125] [camera_to_base_node]: IK_REQUEST: STARTED: Requesting joint angles only; no trajectory execution.
[INFO] [1790705753.027793054] [camera_to_base_node]: IK_RESULT: RETRY: NO_IK_SOLUTION (-31) with this wrist orientation; relaxing it and retrying (11 of 40).
[INFO] [1790705753.129598591] [camera_to_base_node]: IK_REQUEST: STARTED: Requesting joint angles only; no trajectory execution.
[INFO] [1790705755.226696344] [camera_to_base_node]: IK_RESULT: RETRY: NO_IK_SOLUTION (-31) with this wrist orientation; relaxing it and retrying (12 of 40).
[INFO] [1790705755.329560978] [camera_to_base_node]: IK_REQUEST: STARTED: Requesting joint angles only; no trajectory execution.
[INFO] [1790705757.427850777] [camera_to_base_node]: IK_RESULT: RETRY: NO_IK_SOLUTION (-31) with this wrist orientation; relaxing it and retrying (13 of 40).
[INFO] [1790705757.529537213] [camera_to_base_node]: IK_REQUEST: STARTED: Requesting joint angles only; no trajectory execution.
[INFO] [1790705759.627827566] [camera_to_base_node]: IK_RESULT: RETRY: NO_IK_SOLUTION (-31) with this wrist orientation; relaxing it and retrying (14 of 40).
[INFO] [1790705759.729877070] [camera_to_base_node]: IK_REQUEST: STARTED: Requesting joint angles only; no trajectory execution.
[INFO] [1790705761.827304791] [camera_to_base_node]: IK_RESULT: RETRY: NO_IK_SOLUTION (-31) with this wrist orientation; relaxing it and retrying (15 of 40).
[INFO] [1790705761.930164270] [camera_to_base_node]: IK_REQUEST: STARTED: Requesting joint angles only; no trajectory execution.
[INFO] [1790705764.027924347] [camera_to_base_node]: IK_RESULT: RETRY: NO_IK_SOLUTION (-31) with this wrist orientation; relaxing it and retrying (16 of 40).
[INFO] [1790705764.129505041] [camera_to_base_node]: IK_REQUEST: STARTED: Requesting joint angles only; no trajectory execution.
[INFO] [1790705766.227827542] [camera_to_base_node]: IK_RESULT: RETRY: NO_IK_SOLUTION (-31) with this wrist orientation; relaxing it and retrying (17 of 40).
[INFO] [1790705766.329561193] [camera_to_base_node]: IK_REQUEST: STARTED: Requesting joint angles only; no trajectory execution.
[INFO] [1790705768.428388646] [camera_to_base_node]: IK_RESULT: RETRY: NO_IK_SOLUTION (-31) with this wrist orientation; relaxing it and retrying (18 of 40).
[INFO] [1790705768.530008219] [camera_to_base_node]: IK_REQUEST: STARTED: Requesting joint angles only; no trajectory execution.
[INFO] [1790705770.628098420] [camera_to_base_node]: IK_RESULT: RETRY: NO_IK_SOLUTION (-31) with this wrist orientation; relaxing it and retrying (19 of 40).
[INFO] [1790705770.729961620] [camera_to_base_node]: IK_REQUEST: STARTED: Requesting joint angles only; no trajectory execution.
[INFO] [1790705772.828132106] [camera_to_base_node]: IK_RESULT: RETRY: NO_IK_SOLUTION (-31) with this wrist orientation; relaxing it and retrying (20 of 40).
[INFO] [1790705772.929938898] [camera_to_base_node]: IK_REQUEST: STARTED: Requesting joint angles only; no trajectory execution.
[INFO] [1790705775.028448317] [camera_to_base_node]: IK_RESULT: RETRY: NO_IK_SOLUTION (-31) with this wrist orientation; relaxing it and retrying (21 of 40).
[INFO] [1790705775.129449593] [camera_to_base_node]: IK_REQUEST: STARTED: Requesting joint angles only; no trajectory execution.
[INFO] [1790705777.228469773] [camera_to_base_node]: IK_RESULT: RETRY: NO_IK_SOLUTION (-31) with this wrist orientation; relaxing it and retrying (22 of 40).
[INFO] [1790705777.330000287] [camera_to_base_node]: IK_REQUEST: STARTED: Requesting joint angles only; no trajectory execution.
