warning: Using load_yaml() directly is deprecated. Use xacro.load_yaml() instead.
[INFO] [launch.user]: Vision run logs: /home/user/ros2_ws/src/computer_vision_model/logs/20260929_185428_308118
[INFO] [robot_state_publisher-1]: process started with pid [48995]
[INFO] [move_group-2]: process started with pid [48997]
[INFO] [solution_joint_state_node-3]: process started with pid [48999]
[INFO] [rviz2-4]: process started with pid [49001]
[INFO] [static_transform_publisher-5]: process started with pid [49003]
[INFO] [astra_camera_node-6]: process started with pid [49005]
[INFO] [rgbd_capture_node-7]: process started with pid [49007]
[INFO] [fruit_detection_node-8]: process started with pid [49009]
[INFO] [camera_to_base_node-9]: process started with pid [49012]
[static_transform_publisher-5] [0m[INFO] [1790708069.671562219] [vision_camera_mount_tf]: Spinning until stopped - publishing transform
[static_transform_publisher-5] translation: ('-0.246900', '-0.506900', '0.228000')
[static_transform_publisher-5] rotation: ('-0.059865', '0.144527', '0.377972', '0.912505')
[static_transform_publisher-5] from 'base_link' to 'camera_link'[0m
[rviz2-4] QStandardPaths: XDG_RUNTIME_DIR not set, defaulting to '/tmp/runtime-user'
[robot_state_publisher-1] [0m[INFO] [1790708069.740070205] [robot_state_publisher]: got segment base_link[0m
[robot_state_publisher-1] [0m[INFO] [1790708069.741310133] [robot_state_publisher]: got segment link_1[0m
[robot_state_publisher-1] [0m[INFO] [1790708069.741351495] [robot_state_publisher]: got segment link_2[0m
[robot_state_publisher-1] [0m[INFO] [1790708069.741361490] [robot_state_publisher]: got segment link_3[0m
[robot_state_publisher-1] [0m[INFO] [1790708069.741369364] [robot_state_publisher]: got segment link_4[0m
[robot_state_publisher-1] [0m[INFO] [1790708069.741376797] [robot_state_publisher]: got segment link_5[0m
[robot_state_publisher-1] [0m[INFO] [1790708069.741384107] [robot_state_publisher]: got segment link_6[0m
[robot_state_publisher-1] [0m[INFO] [1790708069.741391418] [robot_state_publisher]: got segment world[0m
[astra_camera_node-6] Warning: class_loader.impl: SEVERE WARNING!!! A namespace collision has occurred with plugin factory for class rclcpp_components::NodeFactoryTemplate<astra_camera::OBCameraNodeFactory>. New factory will OVERWRITE existing one. This situation occurs when libraries containing plugins are directly linked against an executable (the one running right now generating this message). Please separate plugins out into their own library or just don't link against the library and use either class_loader::ClassLoader/MultiLibraryClassLoader to open.
[astra_camera_node-6]          at line 253 in /opt/ros/humble/include/class_loader/class_loader/class_loader_core.hpp
[move_group-2] [0m[INFO] [1790708070.085501359] [moveit_rdf_loader.rdf_loader]: Loaded robot model in 0.197076 seconds[0m
[move_group-2] [0m[INFO] [1790708070.086279378] [moveit_robot_model.robot_model]: Loading robot model 'robot_arm'...[0m
[move_group-2] [0m[INFO] [1790708070.086296089] [moveit_robot_model.robot_model]: No root/virtual joint specified in SRDF. Assuming fixed joint[0m
[move_group-2] [33m[WARN] [1790708070.130894725] [moveit_robot_model.robot_model]: Could not identify parent group for end-effector 'fork'[0m
[rgbd_capture_node-7] [0m[INFO] [1790708070.279358699] [rgbd_capture_node]: RGB-only capture node ready[0m
[rgbd_capture_node-7] [0m[INFO] [1790708070.279549716] [rgbd_capture_node]:   RGB:        /camera/color/image_raw[0m
[rgbd_capture_node-7] [0m[INFO] [1790708070.279574096] [rgbd_capture_node]:   Depth:      /camera/depth/image_raw[0m
[rgbd_capture_node-7] [0m[INFO] [1790708070.279585495] [rgbd_capture_node]:   CameraInfo: /camera/color/camera_info[0m
[rgbd_capture_node-7] [0m[INFO] [1790708070.279596063] [rgbd_capture_node]:   Output:     /home/user/ros2_ws/src/computer_vision_model/logs/20260929_185428_308118/captures[0m
[astra_camera_node-6] [0m[INFO] [1790708070.281775216] [camera.camera]: init done.[0m
[astra_camera_node-6] [0m[INFO] [1790708070.294246164] [camera.camera]: Waiting for device connection...[0m
[astra_camera_node-6] [0m[INFO] [1790708070.294349241] [device_listener]: Found 1 devices[0m
[astra_camera_node-6] [0m[INFO] [1790708070.294378810] [camera.camera]: Trying to open device: 2bc5/0403@1/63[0m
[move_group-2] [0m[INFO] [1790708070.405118278] [moveit_ros.planning_scene_monitor.planning_scene_monitor]: Publishing maintained planning scene on 'monitored_planning_scene'[0m
[move_group-2] [0m[INFO] [1790708070.405345974] [moveit.ros_planning_interface.moveit_cpp]: Listening to 'joint_states' for joint states[0m
[move_group-2] [0m[INFO] [1790708070.407061301] [moveit_ros.current_state_monitor]: Listening to joint states on topic 'joint_states'[0m
[move_group-2] [0m[INFO] [1790708070.408427806] [moveit_ros.planning_scene_monitor.planning_scene_monitor]: Listening to '/attached_collision_object' for attached collision objects[0m
[move_group-2] [0m[INFO] [1790708070.408462405] [moveit_ros.planning_scene_monitor.planning_scene_monitor]: Starting planning scene monitor[0m
[move_group-2] [0m[INFO] [1790708070.409860553] [moveit_ros.planning_scene_monitor.planning_scene_monitor]: Listening to '/planning_scene'[0m
[move_group-2] [0m[INFO] [1790708070.409896895] [moveit_ros.planning_scene_monitor.planning_scene_monitor]: Starting world geometry update monitor for collision objects, attached objects, octomap updates.[0m
[move_group-2] [0m[INFO] [1790708070.411893599] [moveit_ros.planning_scene_monitor.planning_scene_monitor]: Listening to 'collision_object'[0m
[move_group-2] [0m[INFO] [1790708070.413447894] [moveit_ros.planning_scene_monitor.planning_scene_monitor]: Listening to 'planning_scene_world' for planning scene world geometry[0m
[move_group-2] [33m[WARN] [1790708070.414047492] [moveit.ros.occupancy_map_monitor.middleware_handle]: Resolution not specified for Octomap. Assuming resolution = 0.1 instead[0m
[move_group-2] [31m[ERROR] [1790708070.414065615] [moveit.ros.occupancy_map_monitor.middleware_handle]: No 3D sensor plugin(s) defined for octomap updates[0m
[move_group-2] [0m[INFO] [1790708070.434105224] [moveit.ros_planning_interface.moveit_cpp]: Loading planning pipeline 'chomp'[0m
[move_group-2] [0m[INFO] [1790708070.441715578] [moveit.ros_planning.planning_pipeline]: Using planning interface 'CHOMP'[0m
[move_group-2] [0m[INFO] [1790708070.448067211] [moveit_ros.add_time_optimal_parameterization]: Param 'chomp.path_tolerance' was not set. Using default value: 0.100000[0m
[move_group-2] [0m[INFO] [1790708070.448101505] [moveit_ros.add_time_optimal_parameterization]: Param 'chomp.resample_dt' was not set. Using default value: 0.100000[0m
[move_group-2] [0m[INFO] [1790708070.448115136] [moveit_ros.add_time_optimal_parameterization]: Param 'chomp.min_angle_change' was not set. Using default value: 0.001000[0m
[move_group-2] [0m[INFO] [1790708070.448158740] [moveit_ros.fix_workspace_bounds]: Param 'chomp.default_workspace_bounds' was not set. Using default value: 10.000000[0m
[move_group-2] [0m[INFO] [1790708070.448180149] [moveit_ros.fix_start_state_bounds]: Param 'chomp.start_state_max_bounds_error' was set to 0.100000[0m
[move_group-2] [0m[INFO] [1790708070.448187666] [moveit_ros.fix_start_state_bounds]: Param 'chomp.start_state_max_dt' was not set. Using default value: 0.500000[0m
[move_group-2] [0m[INFO] [1790708070.448535613] [moveit_ros.fix_start_state_collision]: Param 'chomp.start_state_max_dt' was not set. Using default value: 0.500000[0m
[move_group-2] [0m[INFO] [1790708070.448551582] [moveit_ros.fix_start_state_collision]: Param 'chomp.jiggle_fraction' was set to 0.050000[0m
[move_group-2] [0m[INFO] [1790708070.448560155] [moveit_ros.fix_start_state_collision]: Param 'chomp.max_sampling_attempts' was not set. Using default value: 100[0m
[move_group-2] [0m[INFO] [1790708070.448576707] [moveit.ros_planning.planning_pipeline]: Using planning request adapter 'Add Time Optimal Parameterization'[0m
[move_group-2] [0m[INFO] [1790708070.448589634] [moveit.ros_planning.planning_pipeline]: Using planning request adapter 'Resolve constraint frames to robot links'[0m
[move_group-2] [0m[INFO] [1790708070.448594992] [moveit.ros_planning.planning_pipeline]: Using planning request adapter 'Fix Workspace Bounds'[0m
[move_group-2] [0m[INFO] [1790708070.448600090] [moveit.ros_planning.planning_pipeline]: Using planning request adapter 'Fix Start State Bounds'[0m
[move_group-2] [0m[INFO] [1790708070.448604869] [moveit.ros_planning.planning_pipeline]: Using planning request adapter 'Fix Start State In Collision'[0m
[move_group-2] [0m[INFO] [1790708070.448667179] [moveit.ros_planning.planning_pipeline]: Using planning request adapter 'Fix Start State Path Constraints'[0m
[move_group-2] [0m[INFO] [1790708070.453042478] [moveit.ros_planning_interface.moveit_cpp]: Loading planning pipeline 'pilz_industrial_motion_planner'[0m
[move_group-2] [0m[INFO] [1790708070.458935518] [moveit.pilz_industrial_motion_planner.joint_limits_aggregator]: Reading limits from namespace robot_description_planning[0m
[move_group-2] [0m[INFO] [1790708070.463143351] [moveit.pilz_industrial_motion_planner]: Available plugins: pilz_industrial_motion_planner/PlanningContextLoaderCIRC pilz_industrial_motion_planner/PlanningContextLoaderLIN pilz_industrial_motion_planner/PlanningContextLoaderPTP [0m
[move_group-2] [0m[INFO] [1790708070.463172705] [moveit.pilz_industrial_motion_planner]: About to load: pilz_industrial_motion_planner/PlanningContextLoaderCIRC[0m
[move_group-2] [0m[INFO] [1790708070.465607533] [moveit.pilz_industrial_motion_planner]: Registered Algorithm [CIRC][0m
[move_group-2] [0m[INFO] [1790708070.465637078] [moveit.pilz_industrial_motion_planner]: About to load: pilz_industrial_motion_planner/PlanningContextLoaderLIN[0m
[move_group-2] [0m[INFO] [1790708070.467360736] [moveit.pilz_industrial_motion_planner]: Registered Algorithm [LIN][0m
[move_group-2] [0m[INFO] [1790708070.467382387] [moveit.pilz_industrial_motion_planner]: About to load: pilz_industrial_motion_planner/PlanningContextLoaderPTP[0m
[move_group-2] [0m[INFO] [1790708070.468981387] [moveit.pilz_industrial_motion_planner]: Registered Algorithm [PTP][0m
[move_group-2] [0m[INFO] [1790708070.469006527] [moveit.ros_planning.planning_pipeline]: Using planning interface 'Pilz Industrial Motion Planner'[0m
[move_group-2] [0m[INFO] [1790708070.471135381] [moveit.ros_planning_interface.moveit_cpp]: Loading planning pipeline 'ompl'[0m
[solution_joint_state_node-3] [0m[INFO] [1790708070.494800753] [solution_joint_states]: Publishing /joint_states at the seed pose; will switch to the IK solution when one is published. Held joints: joint_1, joint_6[0m
[move_group-2] [0m[INFO] [1790708070.497819004] [moveit.ros_planning.planning_pipeline]: Using planning interface 'OMPL'[0m
[move_group-2] [0m[INFO] [1790708070.502715699] [moveit_ros.add_time_optimal_parameterization]: Param 'ompl.path_tolerance' was not set. Using default value: 0.100000[0m
[move_group-2] [0m[INFO] [1790708070.502754822] [moveit_ros.add_time_optimal_parameterization]: Param 'ompl.resample_dt' was not set. Using default value: 0.100000[0m
[move_group-2] [0m[INFO] [1790708070.502763537] [moveit_ros.add_time_optimal_parameterization]: Param 'ompl.min_angle_change' was not set. Using default value: 0.001000[0m
[move_group-2] [0m[INFO] [1790708070.502807320] [moveit_ros.fix_workspace_bounds]: Param 'ompl.default_workspace_bounds' was not set. Using default value: 10.000000[0m
[move_group-2] [0m[INFO] [1790708070.502830084] [moveit_ros.fix_start_state_bounds]: Param 'ompl.start_state_max_bounds_error' was set to 0.100000[0m
[move_group-2] [0m[INFO] [1790708070.502838633] [moveit_ros.fix_start_state_bounds]: Param 'ompl.start_state_max_dt' was not set. Using default value: 0.500000[0m
[move_group-2] [0m[INFO] [1790708070.502856989] [moveit_ros.fix_start_state_collision]: Param 'ompl.start_state_max_dt' was not set. Using default value: 0.500000[0m
[move_group-2] [0m[INFO] [1790708070.502872731] [moveit_ros.fix_start_state_collision]: Param 'ompl.jiggle_fraction' was set to 0.050000[0m
[move_group-2] [0m[INFO] [1790708070.502879823] [moveit_ros.fix_start_state_collision]: Param 'ompl.max_sampling_attempts' was not set. Using default value: 100[0m
[move_group-2] [0m[INFO] [1790708070.502897733] [moveit.ros_planning.planning_pipeline]: Using planning request adapter 'Add Time Optimal Parameterization'[0m
[move_group-2] [0m[INFO] [1790708070.502910779] [moveit.ros_planning.planning_pipeline]: Using planning request adapter 'Resolve constraint frames to robot links'[0m
[move_group-2] [0m[INFO] [1790708070.502916237] [moveit.ros_planning.planning_pipeline]: Using planning request adapter 'Fix Workspace Bounds'[0m
[move_group-2] [0m[INFO] [1790708070.502921566] [moveit.ros_planning.planning_pipeline]: Using planning request adapter 'Fix Start State Bounds'[0m
[move_group-2] [0m[INFO] [1790708070.502926652] [moveit.ros_planning.planning_pipeline]: Using planning request adapter 'Fix Start State In Collision'[0m
[move_group-2] [0m[INFO] [1790708070.502931757] [moveit.ros_planning.planning_pipeline]: Using planning request adapter 'Fix Start State Path Constraints'[0m
[move_group-2] [0m[INFO] [1790708070.618805493] [moveit.plugins.moveit_simple_controller_manager]: Added FollowJointTrajectory controller for arm_controller[0m
[move_group-2] [0m[INFO] [1790708070.619249625] [moveit.plugins.moveit_simple_controller_manager]: Returned 1 controllers in list[0m
[move_group-2] [0m[INFO] [1790708070.619331348] [moveit.plugins.moveit_simple_controller_manager]: Returned 1 controllers in list[0m
[move_group-2] [0m[INFO] [1790708070.620042945] [moveit_ros.trajectory_execution_manager]: Trajectory execution is managing controllers[0m
[move_group-2] [0m[INFO] [1790708070.620061569] [move_group.move_group]: MoveGroup debug mode is ON[0m
[astra_camera_node-6] [0m[INFO] [1790708070.625787613] [camera.camera]: Device connected: Astra serial number: 17122220365[0m
[astra_camera_node-6] [0m[INFO] [1790708070.625848708] [camera.camera]: starting device [0m
[astra_camera_node-6] [0m[INFO] [1790708070.648627342] [camera.camera]: depth is not enable[0m
[astra_camera_node-6] [0m[INFO] [1790708070.648681287] [camera.camera]: ir is not enable[0m
[move_group-2] [0m[INFO] [1790708070.682451638] [move_group.move_group]: 
[move_group-2] 
[move_group-2] ********************************************************
[move_group-2] * MoveGroup using: 
[move_group-2] *     - ApplyPlanningSceneService
[move_group-2] *     - ClearOctomapService
[move_group-2] *     - CartesianPathService
[move_group-2] *     - GetPlanningSceneService
[move_group-2] *     - KinematicsService
[move_group-2] *     - MotionPlanService
[move_group-2] *     - QueryPlannersService
[move_group-2] *     - StateValidationService
[move_group-2] ********************************************************
[move_group-2] [0m
[move_group-2] [0m[INFO] [1790708070.682521467] [moveit_move_group_capabilities_base.move_group_context]: MoveGroup context using planning plugin ompl_interface/OMPLPlanner[0m
[move_group-2] [0m[INFO] [1790708070.682536160] [moveit_move_group_capabilities_base.move_group_context]: MoveGroup context initialization complete[0m
[move_group-2] [96mLoading 'move_group/ApplyPlanningSceneService'...
[move_group-2] [0m[96mLoading 'move_group/ClearOctomapService'...
[move_group-2] [0m[96mLoading 'move_group/MoveGroupCartesianPathService'...
[move_group-2] [0m[96mLoading 'move_group/MoveGroupGetPlanningSceneService'...
[move_group-2] [0m[96mLoading 'move_group/MoveGroupKinematicsService'...
[move_group-2] [0m[96mLoading 'move_group/MoveGroupPlanService'...
[move_group-2] [0m[96mLoading 'move_group/MoveGroupQueryPlannersService'...
[move_group-2] [0m[96mLoading 'move_group/MoveGroupStateValidationService'...
[move_group-2] [0m[92m
[move_group-2] You can start planning now!
[move_group-2] 
[rviz2-4] [0m[INFO] [1790708070.813087846] [rviz2]: Stereo is NOT SUPPORTED[0m
[rviz2-4] [0m[INFO] [1790708070.813247378] [rviz2]: OpenGl version: 4.6 (GLSL 4.6)[0m
[rviz2-4] [0m[INFO] [1790708070.903105156] [rviz2]: Stereo is NOT SUPPORTED[0m
[astra_camera_node-6] [0m[INFO] [1790708070.937560645] [camera.camera]: open uvc camera[0m
[astra_camera_node-6] [0m[INFO] [1790708071.091608854] [camera.camera]: uvc config: vendor_id: 2bc5
[astra_camera_node-6] product_id: 501
[astra_camera_node-6] width: 640
[astra_camera_node-6] height: 480
[astra_camera_node-6] fps: 30
[astra_camera_node-6] serial_number: 17122220365
[astra_camera_node-6] format: mjpeg
[astra_camera_node-6] frame_id: camera_color_frame
[astra_camera_node-6] optical_frame_id : camera_color_optical_frame
[astra_camera_node-6] [0m
[fruit_detection_node-8] [0m[INFO] [1790708071.171181291] [fruit_detection_node]: Fruit detection node ready[0m
[fruit_detection_node-8] [0m[INFO] [1790708071.171962959] [fruit_detection_node]:   Model: sliced-fruits-and-vegetables-rnw8f/1[0m
[fruit_detection_node-8] [0m[INFO] [1790708071.180489019] [fruit_detection_node]:   API: https://serverless.roboflow.com[0m
[fruit_detection_node-8] [0m[INFO] [1790708071.181231336] [fruit_detection_node]:   API key source: ROBOFLOW_API_KEY environment variable[0m
[fruit_detection_node-8] [0m[INFO] [1790708071.181912641] [fruit_detection_node]:   Detection results: /computer_vision/detections[0m
[rviz2-4] Warning: class_loader.impl: SEVERE WARNING!!! A namespace collision has occurred with plugin factory for class rviz_default_plugins::displays::InteractiveMarkerDisplay. New factory will OVERWRITE existing one. This situation occurs when libraries containing plugins are directly linked against an executable (the one running right now generating this message). Please separate plugins out into their own library or just don't link against the library and use either class_loader::ClassLoader/MultiLibraryClassLoader to open.
[rviz2-4]          at line 253 in /opt/ros/humble/include/class_loader/class_loader/class_loader_core.hpp
[astra_camera_node-6] [0m[INFO] [1790708071.655253273] [camera.camera]: open camera success[0m
[astra_camera_node-6] [31m[ERROR] [1790708071.664746271] [camera.camera]: Enabling image registration mode failed: 
[astra_camera_node-6] 	Device.setProperty(5) failed
[astra_camera_node-6] 
[astra_camera_node-6] 
[astra_camera_node-6] [0m
[astra_camera_node-6] [0m[INFO] [1790708071.664800486] [camera.camera]: Start UVC camera[0m
[astra_camera_node-6] [33m[WARN] [1790708071.664874737] [camera.camera]: Publishing dynamic camera transforms (/tf) at 10 Hz[0m
[camera_to_base_node-9] [0m[INFO] [1790708071.692497855] [camera_to_base_node]: STARTUP: READY: Waiting for one capture and its detections.[0m
[astra_camera_node-6] [0m[INFO] [1790708071.693402971] [camera.camera]: set uvc mode 640x480@30 format UVC_FRAME_FORMAT_MJPEG[0m
[astra_camera_node-6] [0m[INFO] [1790708071.790175759] [camera.camera]: device  started.[0m
[rviz2-4] [31m[ERROR] [1790708074.305072838] [moveit_ros_visualization.motion_planning_frame]: Action server: /recognize_objects not available[0m
[rviz2-4] [0m[INFO] [1790708074.409572269] [moveit_ros_visualization.motion_planning_frame]: MoveGroup namespace changed: / -> . Reloading params.[0m
[rviz2-4] [0m[INFO] [1790708074.611593988] [moveit_rdf_loader.rdf_loader]: Loaded robot model in 0.119081 seconds[0m
[rviz2-4] [0m[INFO] [1790708074.611663028] [moveit_robot_model.robot_model]: Loading robot model 'robot_arm'...[0m
[rviz2-4] [0m[INFO] [1790708074.611692073] [moveit_robot_model.robot_model]: No root/virtual joint specified in SRDF. Assuming fixed joint[0m
[rviz2-4] [33m[WARN] [1790708074.642627790] [moveit_robot_model.robot_model]: Could not identify parent group for end-effector 'fork'[0m
[rviz2-4] [0m[INFO] [1790708074.815316902] [moveit_ros.planning_scene_monitor.planning_scene_monitor]: Starting planning scene monitor[0m
[rviz2-4] [0m[INFO] [1790708074.817089369] [moveit_ros.planning_scene_monitor.planning_scene_monitor]: Listening to '/monitored_planning_scene'[0m
[rviz2-4] [0m[INFO] [1790708074.880154462] [interactive_marker_display_110661799022016]: Connected on namespace: /rviz_moveit_motion_planning_display/robot_interaction_interactive_marker_topic[0m
[rviz2-4] [0m[INFO] [1790708074.913570827] [interactive_marker_display_110661799022016]: Sending request for interactive markers[0m
[rviz2-4] [0m[INFO] [1790708074.946750517] [interactive_marker_display_110661799022016]: Service response received for initialization[0m
[rviz2-4] [0m[INFO] [1790708074.986429682] [moveit_ros_visualization.motion_planning_frame]: group arm[0m
[rviz2-4] [0m[INFO] [1790708074.986462795] [moveit_ros_visualization.motion_planning_frame]: Constructing new MoveGroup connection for group 'arm' in namespace ''[0m
[fruit_detection_node-8] [0m[INFO] [1790708081.093963934] [fruit_detection_node]: Requesting a camera snapshot...[0m
[rgbd_capture_node-7] [0m[INFO] [1790708081.122169385] [rgbd_capture_node]: Saved RGB-only capture: /home/user/ros2_ws/src/computer_vision_model/logs/20260929_185428_308118/captures/latest_rgb.jpg[0m
[fruit_detection_node-8] [0m[INFO] [1790708081.127076984] [fruit_detection_node]: Captured /home/user/ros2_ws/src/computer_vision_model/logs/20260929_185428_308118/captures/latest_rgb.jpg; starting inference...[0m
[fruit_detection_node-8] /home/user/.local/lib/python3.10/site-packages/inference_sdk/http/client.py:120: InferenceSDKGuidanceWarning: This client sends the Roboflow API key through the legacy channel (query parameter / request body). Sending it as the `Authorization: Bearer <api_key>` header is recommended and works with inference servers from release 1.5.0 onward. Opt in with InferenceConfiguration(api_key_transport='header'); use 'both' for a transition period safe with every server version. Set api_key_transport='legacy' explicitly to keep the current behaviour and silence this warning.
[fruit_detection_node-8]   warnings.warn(
[fruit_detection_node-8] [0m[INFO] [1790708082.596078999] [fruit_detection_node]: Roboflow detected 1 object(s)[0m
[fruit_detection_node-8] [0m[INFO] [1790708082.596765877] [fruit_detection_node]:   Cucumber: 1[0m
[fruit_detection_node-8] [0m[INFO] [1790708082.597516625] [fruit_detection_node]:     center=(580.5, 242.0), size=(117.0 x 452.0), confidence=0.745[0m
[fruit_detection_node-8] [0m[INFO] [1790708082.598125216] [fruit_detection_node]: Saved detections to /home/user/ros2_ws/src/computer_vision_model/logs/20260929_185428_308118/captures/latest_detections.json[0m
[fruit_detection_node-8] [0m[INFO] [1790708082.598736986] [fruit_detection_node]: Saved annotated image to /home/user/ros2_ws/src/computer_vision_model/logs/20260929_185428_308118/captures/latest_detections_annotated.jpg[0m
[fruit_detection_node-8] [0m[INFO] [1790708082.599324783] [fruit_detection_node]: Results published for downstream processing[0m
[camera_to_base_node-9] [0m[INFO] [1790708082.603299281] [camera_to_base_node]: SELECTION: SUCCESS: Highest-confidence detection; passing box centre to projection.[0m
[WARNING] [launch]: user interrupted with ctrl-c (SIGINT)
[move_group-2] [0m[INFO] [1790708087.529760071] [rclcpp]: signal_handler(SIGINT/SIGTERM)[0m
[rviz2-4] [0m[INFO] [1790708087.529925716] [rclcpp]: signal_handler(SIGINT/SIGTERM)[0m
[rviz2-4] [31m[ERROR] [1790708087.534250284] [vision_rviz.rclcpp_action]: Error in destruction of rcl action client handle: action client implementation is invalid, at ./src/rcl_action/action_client.c:472[0m
[static_transform_publisher-5] [0m[INFO] [1790708087.531776205] [rclcpp]: signal_handler(SIGINT/SIGTERM)[0m
[astra_camera_node-6] [0m[INFO] [1790708087.532953363] [rclcpp]: signal_handler(SIGINT/SIGTERM)[0m
[rgbd_capture_node-7] [0m[INFO] [1790708087.535733898] [rclcpp]: signal_handler(SIGINT/SIGTERM)[0m
[robot_state_publisher-1] [0m[INFO] [1790708087.541114474] [rclcpp]: signal_handler(SIGINT/SIGTERM)[0m
[rviz2-4] [33m[WARN] [1790708087.558371979] [interactive_marker_display_110661799022016]: Server not available while running, resetting[0m
[move_group-2] [0m[INFO] [1790708087.672597159] [moveit.ros_planning_interface.moveit_cpp]: Deleting MoveItCpp[0m
[rviz2-4] terminate called without an active exception
[move_group-2] [0m[INFO] [1790708087.696400112] [moveit_ros.planning_scene_monitor.planning_scene_monitor]: Stopped publishing maintained planning scene.[0m
[move_group-2] [0m[INFO] [1790708087.700357550] [moveit_ros.planning_scene_monitor.planning_scene_monitor]: Stopping world geometry monitor[0m
[move_group-2] [0m[INFO] [1790708087.701293451] [moveit_ros.planning_scene_monitor.planning_scene_monitor]: Stopping planning scene monitor[0m
[move_group-2] Warning: class_loader.ClassLoader: SEVERE WARNING!!! Attempting to unload library while objects created by this loader exist in the heap! You should delete your objects before attempting to unload the library or destroying the ClassLoader. The library will NOT be unloaded.
[move_group-2]          at line 127 in ./src/class_loader.cpp
[move_group-2] Stack trace (most recent call last):
[move_group-2] #16   Object "/usr/lib/x86_64-linux-gnu/ld-linux-x86-64.so.2", at 0xffffffffffffffff, in 
[move_group-2] #15   Object "/opt/ros/humble/lib/moveit_ros_move_group/move_group", at 0x5c17b8478724, in 
[move_group-2] #14   Object "/usr/lib/x86_64-linux-gnu/libc.so.6", at 0x7c383be66e3f, in __libc_start_main
[move_group-2] #13   Object "/usr/lib/x86_64-linux-gnu/libc.so.6", at 0x7c383be66d8f, in 
[move_group-2] #12   Object "/opt/ros/humble/lib/moveit_ros_move_group/move_group", at 0x5c17b847765b, in 
[move_group-2] #11   Object "/opt/ros/humble/lib/moveit_ros_move_group/move_group", at 0x5c17b8479709, in 
[move_group-2] #10   Object "/opt/ros/humble/lib/libmoveit_cpp.so.2.5.9", at 0x7c383c7d0876, in moveit_cpp::MoveItCpp::~MoveItCpp()
[move_group-2] #9    Object "/opt/ros/humble/lib/libmoveit_cpp.so.2.5.9", at 0x7c383c7ceba9, in 
[move_group-2] #8    Object "/opt/ros/humble/lib/libmoveit_trajectory_execution_manager.so.2.5.9", at 0x7c383bb5c495, in trajectory_execution_manager::TrajectoryExecutionManager::~TrajectoryExecutionManager()
[move_group-2] #7    Object "/opt/ros/humble/lib/libmoveit_trajectory_execution_manager.so.2.5.9", at 0x7c383bb6f3a9, in 
[move_group-2] #6    Object "/opt/ros/humble/lib/librclcpp.so", at 0x7c383c42eebc, in rclcpp::Node::~Node()
[move_group-2] #5    Object "/opt/ros/humble/lib/librclcpp.so", at 0x7c383c42ee5e, in rclcpp::Node::~Node()
[move_group-2] #4    Object "/opt/ros/humble/lib/librclcpp.so", at 0x7c383c409f59, in 
[move_group-2] #3    Object "/opt/ros/humble/lib/librclcpp.so", at 0x7c383c438509, in 
[move_group-2] #2    Object "/opt/ros/humble/lib/librclcpp.so", at 0x7c383c438450, in rclcpp::node_interfaces::NodeBase::~NodeBase()
[move_group-2] #1    Object "/opt/ros/humble/lib/librclcpp.so", at 0x7c383c409f59, in 
[move_group-2] #0    Object "/opt/ros/humble/lib/librclcpp.so", at 0x7c383c40edd1, in rclcpp::CallbackGroup::~CallbackGroup()
[move_group-2] Segmentation fault (Address not mapped to object [0x7c3830a94798])
[INFO] [robot_state_publisher-1]: process has finished cleanly [pid 48995]
[INFO] [camera_to_base_node-9]: process has finished cleanly [pid 49012]
[INFO] [rgbd_capture_node-7]: process has finished cleanly [pid 49007]
[INFO] [static_transform_publisher-5]: process has finished cleanly [pid 49003]
[INFO] [solution_joint_state_node-3]: process has finished cleanly [pid 48999]
[astra_camera_node-6] [0m[INFO] [1790708088.113381469] [camera.camera]: stop uvc streaming[0m
[ERROR] [move_group-2]: process has died [pid 48997, exit code -11, cmd '/opt/ros/humble/lib/moveit_ros_move_group/move_group --ros-args --params-file /tmp/launch_params_ndwmuyyj --params-file /tmp/launch_params_1zgrsg65'].
[move_group-2] [0m
[INFO] [fruit_detection_node-8]: process has finished cleanly [pid 49009]
[ERROR] [rviz2-4]: process has died [pid 49001, exit code -6, cmd '/opt/ros/humble/lib/rviz2/rviz2 -d /home/user/ros2_ws/install/robot_arm_movit_config/share/robot_arm_movit_config/config/moveit.rviz --ros-args -r __node:=vision_rviz --params-file /tmp/launch_params_s63k6hzb --params-file /tmp/launch_params_qz97atyq --params-file /tmp/launch_params_3wxnc6b5 --params-file /tmp/launch_params_3sr2c3fz'].
[astra_camera_node-6] [31m[ERROR] [1790708088.422131582] [camera.camera]: parameter 'camera_link_frame_id' has invalid type: cannot undeclare an statically typed parameter[0m
[astra_camera_node-6] [31m[ERROR] [1790708088.422239132] [camera.camera]: parameter 'camera_name' has invalid type: cannot undeclare an statically typed parameter[0m
[astra_camera_node-6] [31m[ERROR] [1790708088.422272164] [camera.camera]: parameter 'color_camera_info_qos' has invalid type: cannot undeclare an statically typed parameter[0m
[astra_camera_node-6] [31m[ERROR] [1790708088.422298702] [camera.camera]: parameter 'color_depth_synchronization' has invalid type: cannot undeclare an statically typed parameter[0m
[astra_camera_node-6] [31m[ERROR] [1790708088.422322301] [camera.camera]: parameter 'color_fps' has invalid type: cannot undeclare an statically typed parameter[0m
[astra_camera_node-6] [31m[ERROR] [1790708088.422345710] [camera.camera]: parameter 'color_frame_id' has invalid type: cannot undeclare an statically typed parameter[0m
[astra_camera_node-6] [31m[ERROR] [1790708088.422368534] [camera.camera]: parameter 'color_height' has invalid type: cannot undeclare an statically typed parameter[0m
[astra_camera_node-6] [31m[ERROR] [1790708088.422391476] [camera.camera]: parameter 'color_info_url' has invalid type: cannot undeclare an statically typed parameter[0m
[astra_camera_node-6] [31m[ERROR] [1790708088.422413982] [camera.camera]: parameter 'color_optical_frame_id' has invalid type: cannot undeclare an statically typed parameter[0m
[astra_camera_node-6] [31m[ERROR] [1790708088.422436438] [camera.camera]: parameter 'color_qos' has invalid type: cannot undeclare an statically typed parameter[0m
[astra_camera_node-6] [31m[ERROR] [1790708088.422459184] [camera.camera]: parameter 'color_roi_height' has invalid type: cannot undeclare an statically typed parameter[0m
[astra_camera_node-6] [31m[ERROR] [1790708088.422481847] [camera.camera]: parameter 'color_roi_width' has invalid type: cannot undeclare an statically typed parameter[0m
[astra_camera_node-6] [31m[ERROR] [1790708088.422504565] [camera.camera]: parameter 'color_roi_x' has invalid type: cannot undeclare an statically typed parameter[0m
[astra_camera_node-6] [31m[ERROR] [1790708088.422527275] [camera.camera]: parameter 'color_roi_y' has invalid type: cannot undeclare an statically typed parameter[0m
[astra_camera_node-6] [31m[ERROR] [1790708088.422550425] [camera.camera]: parameter 'color_width' has invalid type: cannot undeclare an statically typed parameter[0m
[astra_camera_node-6] [31m[ERROR] [1790708088.422573763] [camera.camera]: parameter 'depth_camera_info_qos' has invalid type: cannot undeclare an statically typed parameter[0m
[astra_camera_node-6] [31m[ERROR] [1790708088.422596421] [camera.camera]: parameter 'depth_fps' has invalid type: cannot undeclare an statically typed parameter[0m
[astra_camera_node-6] [31m[ERROR] [1790708088.422618897] [camera.camera]: parameter 'depth_frame_id' has invalid type: cannot undeclare an statically typed parameter[0m
[astra_camera_node-6] [31m[ERROR] [1790708088.422641287] [camera.camera]: parameter 'depth_height' has invalid type: cannot undeclare an statically typed parameter[0m
[astra_camera_node-6] [31m[ERROR] [1790708088.422663947] [camera.camera]: parameter 'depth_optical_frame_id' has invalid type: cannot undeclare an statically typed parameter[0m
[astra_camera_node-6] [31m[ERROR] [1790708088.422686541] [camera.camera]: parameter 'depth_qos' has invalid type: cannot undeclare an statically typed parameter[0m
[astra_camera_node-6] [31m[ERROR] [1790708088.422709375] [camera.camera]: parameter 'depth_registration' has invalid type: cannot undeclare an statically typed parameter[0m
[astra_camera_node-6] [31m[ERROR] [1790708088.422732137] [camera.camera]: parameter 'depth_roi_height' has invalid type: cannot undeclare an statically typed parameter[0m
[astra_camera_node-6] [31m[ERROR] [1790708088.422754543] [camera.camera]: parameter 'depth_roi_width' has invalid type: cannot undeclare an statically typed parameter[0m
[astra_camera_node-6] [31m[ERROR] [1790708088.422776909] [camera.camera]: parameter 'depth_roi_x' has invalid type: cannot undeclare an statically typed parameter[0m
[astra_camera_node-6] [31m[ERROR] [1790708088.422799211] [camera.camera]: parameter 'depth_roi_y' has invalid type: cannot undeclare an statically typed parameter[0m
[astra_camera_node-6] [31m[ERROR] [1790708088.422821644] [camera.camera]: parameter 'depth_scale' has invalid type: cannot undeclare an statically typed parameter[0m
[astra_camera_node-6] [31m[ERROR] [1790708088.422844140] [camera.camera]: parameter 'depth_width' has invalid type: cannot undeclare an statically typed parameter[0m
[astra_camera_node-6] [31m[ERROR] [1790708088.422867411] [camera.camera]: parameter 'device_num' has invalid type: cannot undeclare an statically typed parameter[0m
[astra_camera_node-6] [31m[ERROR] [1790708088.422890353] [camera.camera]: parameter 'enable_color' has invalid type: cannot undeclare an statically typed parameter[0m
[astra_camera_node-6] [31m[ERROR] [1790708088.422913216] [camera.camera]: parameter 'enable_colored_point_cloud' has invalid type: cannot undeclare an statically typed parameter[0m
[astra_camera_node-6] [31m[ERROR] [1790708088.422936043] [camera.camera]: parameter 'enable_depth' has invalid type: cannot undeclare an statically typed parameter[0m
[astra_camera_node-6] [31m[ERROR] [1790708088.422958497] [camera.camera]: parameter 'enable_ir' has invalid type: cannot undeclare an statically typed parameter[0m
[astra_camera_node-6] [31m[ERROR] [1790708088.422981535] [camera.camera]: parameter 'enable_point_cloud' has invalid type: cannot undeclare an statically typed parameter[0m
[astra_camera_node-6] [31m[ERROR] [1790708088.423004292] [camera.camera]: parameter 'enable_publish_extrinsic' has invalid type: cannot undeclare an statically typed parameter[0m
[astra_camera_node-6] [31m[ERROR] [1790708088.423026873] [camera.camera]: parameter 'ir_camera_info_qos' has invalid type: cannot undeclare an statically typed parameter[0m
[astra_camera_node-6] [31m[ERROR] [1790708088.423049326] [camera.camera]: parameter 'ir_fps' has invalid type: cannot undeclare an statically typed parameter[0m
[astra_camera_node-6] [31m[ERROR] [1790708088.423071701] [camera.camera]: parameter 'ir_frame_id' has invalid type: cannot undeclare an statically typed parameter[0m
[astra_camera_node-6] [31m[ERROR] [1790708088.423093711] [camera.camera]: parameter 'ir_height' has invalid type: cannot undeclare an statically typed parameter[0m
[astra_camera_node-6] [31m[ERROR] [1790708088.423122342] [camera.camera]: parameter 'ir_info_url' has invalid type: cannot undeclare an statically typed parameter[0m
[astra_camera_node-6] [31m[ERROR] [1790708088.423145946] [camera.camera]: parameter 'ir_optical_frame_id' has invalid type: cannot undeclare an statically typed parameter[0m
[astra_camera_node-6] [31m[ERROR] [1790708088.423168693] [camera.camera]: parameter 'ir_qos' has invalid type: cannot undeclare an statically typed parameter[0m
[astra_camera_node-6] [31m[ERROR] [1790708088.423191129] [camera.camera]: parameter 'ir_width' has invalid type: cannot undeclare an statically typed parameter[0m
[astra_camera_node-6] [31m[ERROR] [1790708088.423230268] [camera.camera]: parameter 'point_cloud_qos' has invalid type: cannot undeclare an statically typed parameter[0m
[astra_camera_node-6] [31m[ERROR] [1790708088.423253545] [camera.camera]: parameter 'publish_tf' has invalid type: cannot undeclare an statically typed parameter[0m
[astra_camera_node-6] [31m[ERROR] [1790708088.423279170] [camera.camera]: parameter 'rgb_info_qos_profile' has invalid type: cannot undeclare an statically typed parameter[0m
[astra_camera_node-6] [31m[ERROR] [1790708088.423301995] [camera.camera]: parameter 'rgb_qos_profile' has invalid type: cannot undeclare an statically typed parameter[0m
[astra_camera_node-6] [31m[ERROR] [1790708088.423324349] [camera.camera]: parameter 'tf_publish_rate' has invalid type: cannot undeclare an statically typed parameter[0m
[astra_camera_node-6] [31m[ERROR] [1790708088.423347434] [camera.camera]: parameter 'uvc_camera_format' has invalid type: cannot undeclare an statically typed parameter[0m
[astra_camera_node-6] [31m[ERROR] [1790708088.423369827] [camera.camera]: parameter 'uvc_product_id' has invalid type: cannot undeclare an statically typed parameter[0m
[astra_camera_node-6] [31m[ERROR] [1790708088.423392230] [camera.camera]: parameter 'uvc_retry_count' has invalid type: cannot undeclare an statically typed parameter[0m
[astra_camera_node-6] [31m[ERROR] [1790708088.423414490] [camera.camera]: parameter 'uvc_vendor_id' has invalid type: cannot undeclare an statically typed parameter[0m
[astra_camera_node-6] Warning: USB events thread - failed to set priority. This might cause loss of data...
[INFO] [astra_camera_node-6]: process has finished cleanly [pid 49005]
