[INFO] [1790708156.159984017] [camera.camera]: init done.
[INFO] [1790708156.160069575] [camera.camera]: Waiting for device connection...
[INFO] [1790708156.160510870] [device_listener]: Found 1 devices
[INFO] [1790708156.160541318] [camera.camera]: Trying to open device: 2bc5/0403@1/63
[INFO] [1790708156.427435462] [camera.camera]: Device connected: Astra serial number: 17122220365
[INFO] [1790708156.427511104] [camera.camera]: starting device 
[INFO] [1790708156.438020320] [camera.camera]: depth is not enable
[INFO] [1790708156.438140373] [camera.camera]: ir is not enable
[INFO] [1790708156.683689324] [camera.camera]: open uvc camera
[INFO] [1790708156.769458431] [camera.camera]: uvc config: vendor_id: 2bc5
product_id: 501
width: 640
height: 480
fps: 30
serial_number: 17122220365
format: mjpeg
frame_id: camera_color_frame
optical_frame_id : camera_color_optical_frame

[INFO] [1790708156.782113517] [camera.camera]: open camera success
[ERROR] [1790708156.856802470] [camera.camera]: Enabling image registration mode failed: 
	Device.setProperty(5) failed



[INFO] [1790708156.856857216] [camera.camera]: Start UVC camera
[WARN] [1790708156.857233831] [camera.camera]: Publishing dynamic camera transforms (/tf) at 10 Hz
[INFO] [1790708157.444257139] [camera.camera]: set uvc mode 640x480@30 format UVC_FRAME_FORMAT_MJPEG
[INFO] [1790708157.537880861] [camera.camera]: device  started.
[INFO] [1790708180.332545224] [rclcpp]: signal_handler(SIGINT/SIGTERM)
