warning: Using load_yaml() directly is deprecated. Use xacro.load_yaml() instead.
[INFO] [launch.user]: Vision run logs: /home/user/ros2_ws/src/computer_vision_model/logs/20260929_185402_794365
[INFO] [robot_state_publisher-1]: process started with pid [48835]
[INFO] [move_group-2]: process started with pid [48837]
[INFO] [solution_joint_state_node-3]: process started with pid [48839]
[INFO] [rviz2-4]: process started with pid [48841]
[INFO] [static_transform_publisher-5]: process started with pid [48843]
[INFO] [astra_camera_node-6]: process started with pid [48845]
[INFO] [rgbd_capture_node-7]: process started with pid [48847]
[INFO] [fruit_detection_node-8]: process started with pid [48849]
[INFO] [camera_to_base_node-9]: process started with pid [48851]
[static_transform_publisher-5] [0m[INFO] [1790708043.714833566] [vision_camera_mount_tf]: Spinning until stopped - publishing transform
[static_transform_publisher-5] translation: ('-0.246900', '-0.506900', '0.228000')
[static_transform_publisher-5] rotation: ('-0.059865', '0.144527', '0.377972', '0.912505')
[static_transform_publisher-5] from 'base_link' to 'camera_link'[0m
[rviz2-4] QStandardPaths: XDG_RUNTIME_DIR not set, defaulting to '/tmp/runtime-user'
[astra_camera_node-6] Warning: class_loader.impl: SEVERE WARNING!!! A namespace collision has occurred with plugin factory for class rclcpp_components::NodeFactoryTemplate<astra_camera::OBCameraNodeFactory>. New factory will OVERWRITE existing one. This situation occurs when libraries containing plugins are directly linked against an executable (the one running right now generating this message). Please separate plugins out into their own library or just don't link against the library and use either class_loader::ClassLoader/MultiLibraryClassLoader to open.
[astra_camera_node-6]          at line 253 in /opt/ros/humble/include/class_loader/class_loader/class_loader_core.hpp
[robot_state_publisher-1] [0m[INFO] [1790708044.023072156] [robot_state_publisher]: got segment base_link[0m
[robot_state_publisher-1] [0m[INFO] [1790708044.023224374] [robot_state_publisher]: got segment link_1[0m
[robot_state_publisher-1] [0m[INFO] [1790708044.023243312] [robot_state_publisher]: got segment link_2[0m
[robot_state_publisher-1] [0m[INFO] [1790708044.023254025] [robot_state_publisher]: got segment link_3[0m
[robot_state_publisher-1] [0m[INFO] [1790708044.023263509] [robot_state_publisher]: got segment link_4[0m
[robot_state_publisher-1] [0m[INFO] [1790708044.023272995] [robot_state_publisher]: got segment link_5[0m
[robot_state_publisher-1] [0m[INFO] [1790708044.023282192] [robot_state_publisher]: got segment link_6[0m
[robot_state_publisher-1] [0m[INFO] [1790708044.023291545] [robot_state_publisher]: got segment world[0m
[astra_camera_node-6] [0m[INFO] [1790708044.168875625] [camera.camera]: init done.[0m
[astra_camera_node-6] [0m[INFO] [1790708044.190571973] [camera.camera]: Waiting for device connection...[0m
[astra_camera_node-6] [0m[INFO] [1790708044.192908676] [device_listener]: Found 1 devices[0m
[astra_camera_node-6] [0m[INFO] [1790708044.192954213] [camera.camera]: Trying to open device: 2bc5/0403@1/63[0m
[move_group-2] [0m[INFO] [1790708044.330395989] [moveit_rdf_loader.rdf_loader]: Loaded robot model in 0.372133 seconds[0m
[move_group-2] [0m[INFO] [1790708044.330483036] [moveit_robot_model.robot_model]: Loading robot model 'robot_arm'...[0m
[move_group-2] [0m[INFO] [1790708044.330500788] [moveit_robot_model.robot_model]: No root/virtual joint specified in SRDF. Assuming fixed joint[0m
[rgbd_capture_node-7] [0m[INFO] [1790708044.364723520] [rgbd_capture_node]: RGB-only capture node ready[0m
[rgbd_capture_node-7] [0m[INFO] [1790708044.364917928] [rgbd_capture_node]:   RGB:        /camera/color/image_raw[0m
[rgbd_capture_node-7] [0m[INFO] [1790708044.364936748] [rgbd_capture_node]:   Depth:      /camera/depth/image_raw[0m
[rgbd_capture_node-7] [0m[INFO] [1790708044.364946584] [rgbd_capture_node]:   CameraInfo: /camera/color/camera_info[0m
[rgbd_capture_node-7] [0m[INFO] [1790708044.364955710] [rgbd_capture_node]:   Output:     /home/user/ros2_ws/src/computer_vision_model/logs/20260929_185402_794365/captures[0m
[move_group-2] [33m[WARN] [1790708044.399421031] [moveit_robot_model.robot_model]: Could not identify parent group for end-effector 'fork'[0m
[astra_camera_node-6] [0m[INFO] [1790708044.446618240] [camera.camera]: Device connected: Astra serial number: 17122220365[0m
[astra_camera_node-6] [0m[INFO] [1790708044.446693126] [camera.camera]: starting device [0m
[astra_camera_node-6] [0m[INFO] [1790708044.454384510] [camera.camera]: depth is not enable[0m
[astra_camera_node-6] [0m[INFO] [1790708044.454459162] [camera.camera]: ir is not enable[0m
[move_group-2] [0m[INFO] [1790708044.506429701] [moveit_ros.planning_scene_monitor.planning_scene_monitor]: Publishing maintained planning scene on 'monitored_planning_scene'[0m
[move_group-2] [0m[INFO] [1790708044.506610514] [moveit.ros_planning_interface.moveit_cpp]: Listening to 'joint_states' for joint states[0m
[move_group-2] [0m[INFO] [1790708044.507937803] [moveit_ros.current_state_monitor]: Listening to joint states on topic 'joint_states'[0m
[move_group-2] [0m[INFO] [1790708044.508911254] [moveit_ros.planning_scene_monitor.planning_scene_monitor]: Listening to '/attached_collision_object' for attached collision objects[0m
[move_group-2] [0m[INFO] [1790708044.508937158] [moveit_ros.planning_scene_monitor.planning_scene_monitor]: Starting planning scene monitor[0m
[move_group-2] [0m[INFO] [1790708044.509726741] [moveit_ros.planning_scene_monitor.planning_scene_monitor]: Listening to '/planning_scene'[0m
[move_group-2] [0m[INFO] [1790708044.509749567] [moveit_ros.planning_scene_monitor.planning_scene_monitor]: Starting world geometry update monitor for collision objects, attached objects, octomap updates.[0m
[move_group-2] [0m[INFO] [1790708044.511548445] [moveit_ros.planning_scene_monitor.planning_scene_monitor]: Listening to 'collision_object'[0m
[move_group-2] [0m[INFO] [1790708044.512916997] [moveit_ros.planning_scene_monitor.planning_scene_monitor]: Listening to 'planning_scene_world' for planning scene world geometry[0m
[move_group-2] [33m[WARN] [1790708044.513583939] [moveit.ros.occupancy_map_monitor.middleware_handle]: Resolution not specified for Octomap. Assuming resolution = 0.1 instead[0m
[move_group-2] [31m[ERROR] [1790708044.513607532] [moveit.ros.occupancy_map_monitor.middleware_handle]: No 3D sensor plugin(s) defined for octomap updates[0m
[move_group-2] [0m[INFO] [1790708044.528715071] [moveit.ros_planning_interface.moveit_cpp]: Loading planning pipeline 'chomp'[0m
[move_group-2] [0m[INFO] [1790708044.537010479] [moveit.ros_planning.planning_pipeline]: Using planning interface 'CHOMP'[0m
[move_group-2] [0m[INFO] [1790708044.542674594] [moveit_ros.add_time_optimal_parameterization]: Param 'chomp.path_tolerance' was not set. Using default value: 0.100000[0m
[move_group-2] [0m[INFO] [1790708044.542700063] [moveit_ros.add_time_optimal_parameterization]: Param 'chomp.resample_dt' was not set. Using default value: 0.100000[0m
[move_group-2] [0m[INFO] [1790708044.542708224] [moveit_ros.add_time_optimal_parameterization]: Param 'chomp.min_angle_change' was not set. Using default value: 0.001000[0m
[move_group-2] [0m[INFO] [1790708044.542740329] [moveit_ros.fix_workspace_bounds]: Param 'chomp.default_workspace_bounds' was not set. Using default value: 10.000000[0m
[move_group-2] [0m[INFO] [1790708044.542762802] [moveit_ros.fix_start_state_bounds]: Param 'chomp.start_state_max_bounds_error' was set to 0.100000[0m
[move_group-2] [0m[INFO] [1790708044.542771001] [moveit_ros.fix_start_state_bounds]: Param 'chomp.start_state_max_dt' was not set. Using default value: 0.500000[0m
[move_group-2] [0m[INFO] [1790708044.542788221] [moveit_ros.fix_start_state_collision]: Param 'chomp.start_state_max_dt' was not set. Using default value: 0.500000[0m
[move_group-2] [0m[INFO] [1790708044.542796537] [moveit_ros.fix_start_state_collision]: Param 'chomp.jiggle_fraction' was set to 0.050000[0m
[move_group-2] [0m[INFO] [1790708044.542804768] [moveit_ros.fix_start_state_collision]: Param 'chomp.max_sampling_attempts' was not set. Using default value: 100[0m
[move_group-2] [0m[INFO] [1790708044.542821670] [moveit.ros_planning.planning_pipeline]: Using planning request adapter 'Add Time Optimal Parameterization'[0m
[move_group-2] [0m[INFO] [1790708044.542828166] [moveit.ros_planning.planning_pipeline]: Using planning request adapter 'Resolve constraint frames to robot links'[0m
[move_group-2] [0m[INFO] [1790708044.542833534] [moveit.ros_planning.planning_pipeline]: Using planning request adapter 'Fix Workspace Bounds'[0m
[move_group-2] [0m[INFO] [1790708044.542838870] [moveit.ros_planning.planning_pipeline]: Using planning request adapter 'Fix Start State Bounds'[0m
[move_group-2] [0m[INFO] [1790708044.542843963] [moveit.ros_planning.planning_pipeline]: Using planning request adapter 'Fix Start State In Collision'[0m
[move_group-2] [0m[INFO] [1790708044.542890603] [moveit.ros_planning.planning_pipeline]: Using planning request adapter 'Fix Start State Path Constraints'[0m
[move_group-2] [0m[INFO] [1790708044.545995945] [moveit.ros_planning_interface.moveit_cpp]: Loading planning pipeline 'pilz_industrial_motion_planner'[0m
[move_group-2] [0m[INFO] [1790708044.551081960] [moveit.pilz_industrial_motion_planner.joint_limits_aggregator]: Reading limits from namespace robot_description_planning[0m
[move_group-2] [0m[INFO] [1790708044.554612262] [moveit.pilz_industrial_motion_planner]: Available plugins: pilz_industrial_motion_planner/PlanningContextLoaderCIRC pilz_industrial_motion_planner/PlanningContextLoaderLIN pilz_industrial_motion_planner/PlanningContextLoaderPTP [0m
[move_group-2] [0m[INFO] [1790708044.554634681] [moveit.pilz_industrial_motion_planner]: About to load: pilz_industrial_motion_planner/PlanningContextLoaderCIRC[0m
[move_group-2] [0m[INFO] [1790708044.556673386] [moveit.pilz_industrial_motion_planner]: Registered Algorithm [CIRC][0m
[move_group-2] [0m[INFO] [1790708044.556693796] [moveit.pilz_industrial_motion_planner]: About to load: pilz_industrial_motion_planner/PlanningContextLoaderLIN[0m
[move_group-2] [0m[INFO] [1790708044.558138439] [moveit.pilz_industrial_motion_planner]: Registered Algorithm [LIN][0m
[move_group-2] [0m[INFO] [1790708044.558157821] [moveit.pilz_industrial_motion_planner]: About to load: pilz_industrial_motion_planner/PlanningContextLoaderPTP[0m
[move_group-2] [0m[INFO] [1790708044.559577031] [moveit.pilz_industrial_motion_planner]: Registered Algorithm [PTP][0m
[move_group-2] [0m[INFO] [1790708044.559604346] [moveit.ros_planning.planning_pipeline]: Using planning interface 'Pilz Industrial Motion Planner'[0m
[move_group-2] [0m[INFO] [1790708044.560487341] [moveit.ros_planning_interface.moveit_cpp]: Loading planning pipeline 'ompl'[0m
[move_group-2] [0m[INFO] [1790708044.581402651] [moveit.ros_planning.planning_pipeline]: Using planning interface 'OMPL'[0m
[move_group-2] [0m[INFO] [1790708044.585036083] [moveit_ros.add_time_optimal_parameterization]: Param 'ompl.path_tolerance' was not set. Using default value: 0.100000[0m
[move_group-2] [0m[INFO] [1790708044.585063140] [moveit_ros.add_time_optimal_parameterization]: Param 'ompl.resample_dt' was not set. Using default value: 0.100000[0m
[move_group-2] [0m[INFO] [1790708044.585071518] [moveit_ros.add_time_optimal_parameterization]: Param 'ompl.min_angle_change' was not set. Using default value: 0.001000[0m
[move_group-2] [0m[INFO] [1790708044.585106492] [moveit_ros.fix_workspace_bounds]: Param 'ompl.default_workspace_bounds' was not set. Using default value: 10.000000[0m
[move_group-2] [0m[INFO] [1790708044.585130987] [moveit_ros.fix_start_state_bounds]: Param 'ompl.start_state_max_bounds_error' was set to 0.100000[0m
[move_group-2] [0m[INFO] [1790708044.585140114] [moveit_ros.fix_start_state_bounds]: Param 'ompl.start_state_max_dt' was not set. Using default value: 0.500000[0m
[move_group-2] [0m[INFO] [1790708044.585159400] [moveit_ros.fix_start_state_collision]: Param 'ompl.start_state_max_dt' was not set. Using default value: 0.500000[0m
[move_group-2] [0m[INFO] [1790708044.585168399] [moveit_ros.fix_start_state_collision]: Param 'ompl.jiggle_fraction' was set to 0.050000[0m
[move_group-2] [0m[INFO] [1790708044.585175672] [moveit_ros.fix_start_state_collision]: Param 'ompl.max_sampling_attempts' was not set. Using default value: 100[0m
[move_group-2] [0m[INFO] [1790708044.585193744] [moveit.ros_planning.planning_pipeline]: Using planning request adapter 'Add Time Optimal Parameterization'[0m
[move_group-2] [0m[INFO] [1790708044.585225786] [moveit.ros_planning.planning_pipeline]: Using planning request adapter 'Resolve constraint frames to robot links'[0m
[move_group-2] [0m[INFO] [1790708044.585231308] [moveit.ros_planning.planning_pipeline]: Using planning request adapter 'Fix Workspace Bounds'[0m
[move_group-2] [0m[INFO] [1790708044.585236977] [moveit.ros_planning.planning_pipeline]: Using planning request adapter 'Fix Start State Bounds'[0m
[move_group-2] [0m[INFO] [1790708044.585242279] [moveit.ros_planning.planning_pipeline]: Using planning request adapter 'Fix Start State In Collision'[0m
[move_group-2] [0m[INFO] [1790708044.585247387] [moveit.ros_planning.planning_pipeline]: Using planning request adapter 'Fix Start State Path Constraints'[0m
[move_group-2] [0m[INFO] [1790708044.637424101] [moveit.plugins.moveit_simple_controller_manager]: Added FollowJointTrajectory controller for arm_controller[0m
[move_group-2] [0m[INFO] [1790708044.637632696] [moveit.plugins.moveit_simple_controller_manager]: Returned 1 controllers in list[0m
[move_group-2] [0m[INFO] [1790708044.637703863] [moveit.plugins.moveit_simple_controller_manager]: Returned 1 controllers in list[0m
[move_group-2] [0m[INFO] [1790708044.638166847] [moveit_ros.trajectory_execution_manager]: Trajectory execution is managing controllers[0m
[move_group-2] [0m[INFO] [1790708044.638187320] [move_group.move_group]: MoveGroup debug mode is ON[0m
[move_group-2] [0m[INFO] [1790708044.668820219] [move_group.move_group]: 
[move_group-2] 
[move_group-2] ********************************************************
[move_group-2] * MoveGroup using: 
[move_group-2] *     - ApplyPlanningSceneService
[move_group-2] *     - ClearOctomapService
[move_group-2] *     - CartesianPathService
[move_group-2] *     - GetPlanningSceneService
[move_group-2] *     - KinematicsService
[move_group-2] *     - MotionPlanService
[move_group-2] *     - QueryPlannersService
[move_group-2] *     - StateValidationService
[move_group-2] ********************************************************
[move_group-2] [0m
[move_group-2] [0m[INFO] [1790708044.668869737] [moveit_move_group_capabilities_base.move_group_context]: MoveGroup context using planning plugin ompl_interface/OMPLPlanner[0m
[move_group-2] [0m[INFO] [1790708044.668883793] [moveit_move_group_capabilities_base.move_group_context]: MoveGroup context initialization complete[0m
[move_group-2] [96mLoading 'move_group/ApplyPlanningSceneService'...
[move_group-2] [0m[96mLoading 'move_group/ClearOctomapService'...
[move_group-2] [0m[96mLoading 'move_group/MoveGroupCartesianPathService'...
[move_group-2] [0m[96mLoading 'move_group/MoveGroupGetPlanningSceneService'...
[move_group-2] [0m[96mLoading 'move_group/MoveGroupKinematicsService'...
[move_group-2] [0m[96mLoading 'move_group/MoveGroupPlanService'...
[move_group-2] [0m[96mLoading 'move_group/MoveGroupQueryPlannersService'...
[move_group-2] [0m[96mLoading 'move_group/MoveGroupStateValidationService'...
[move_group-2] [0m[92m
[move_group-2] You can start planning now!
[move_group-2] 
[astra_camera_node-6] [0m[INFO] [1790708044.875313793] [camera.camera]: open uvc camera[0m
[solution_joint_state_node-3] [0m[INFO] [1790708044.950544866] [solution_joint_states]: Publishing /joint_states at the seed pose; will switch to the IK solution when one is published. Held joints: joint_1, joint_6[0m
[astra_camera_node-6] [0m[INFO] [1790708044.955510606] [camera.camera]: uvc config: vendor_id: 2bc5
[astra_camera_node-6] product_id: 501
[astra_camera_node-6] width: 640
[astra_camera_node-6] height: 480
[astra_camera_node-6] fps: 30
[astra_camera_node-6] serial_number: 17122220365
[astra_camera_node-6] format: mjpeg
[astra_camera_node-6] frame_id: camera_color_frame
[astra_camera_node-6] optical_frame_id : camera_color_optical_frame
[astra_camera_node-6] [0m
[astra_camera_node-6] [0m[INFO] [1790708044.967104252] [camera.camera]: open camera success[0m
[astra_camera_node-6] [33m[WARN] [1790708044.987305745] [camera.camera]: Publishing dynamic camera transforms (/tf) at 10 Hz[0m
[astra_camera_node-6] [31m[ERROR] [1790708044.987382834] [camera.camera]: Enabling image registration mode failed: 
[astra_camera_node-6] 	Device.setProperty(5) failed
[astra_camera_node-6] 
[astra_camera_node-6] 
[astra_camera_node-6] [0m
[astra_camera_node-6] [0m[INFO] [1790708044.987515198] [camera.camera]: Start UVC camera[0m
[astra_camera_node-6] [0m[INFO] [1790708045.019644574] [camera.camera]: set uvc mode 640x480@30 format UVC_FRAME_FORMAT_MJPEG[0m
[rviz2-4] [0m[INFO] [1790708045.051882741] [rviz2]: Stereo is NOT SUPPORTED[0m
[rviz2-4] [0m[INFO] [1790708045.052001757] [rviz2]: OpenGl version: 4.6 (GLSL 4.6)[0m
[rviz2-4] [0m[INFO] [1790708045.133494429] [rviz2]: Stereo is NOT SUPPORTED[0m
[rviz2-4] Warning: class_loader.impl: SEVERE WARNING!!! A namespace collision has occurred with plugin factory for class rviz_default_plugins::displays::InteractiveMarkerDisplay. New factory will OVERWRITE existing one. This situation occurs when libraries containing plugins are directly linked against an executable (the one running right now generating this message). Please separate plugins out into their own library or just don't link against the library and use either class_loader::ClassLoader/MultiLibraryClassLoader to open.
[rviz2-4]          at line 253 in /opt/ros/humble/include/class_loader/class_loader/class_loader_core.hpp
[fruit_detection_node-8] [0m[INFO] [1790708045.563162207] [fruit_detection_node]: Fruit detection node ready[0m
[fruit_detection_node-8] [0m[INFO] [1790708045.564317374] [fruit_detection_node]:   Model: sliced-fruits-and-vegetables-rnw8f/1[0m
[fruit_detection_node-8] [0m[INFO] [1790708045.564934654] [fruit_detection_node]:   API: https://serverless.roboflow.com[0m
[fruit_detection_node-8] [0m[INFO] [1790708045.566067841] [fruit_detection_node]:   API key source: ROBOFLOW_API_KEY environment variable[0m
[fruit_detection_node-8] [0m[INFO] [1790708045.567180805] [fruit_detection_node]:   Detection results: /computer_vision/detections[0m
[astra_camera_node-6] [0m[INFO] [1790708045.673717741] [camera.camera]: device  started.[0m
[camera_to_base_node-9] [0m[INFO] [1790708045.680136406] [camera_to_base_node]: STARTUP: READY: Waiting for one capture and its detections.[0m
[rviz2-4] [31m[ERROR] [1790708048.328293720] [moveit_ros_visualization.motion_planning_frame]: Action server: /recognize_objects not available[0m
[rviz2-4] [0m[INFO] [1790708048.453709094] [moveit_ros_visualization.motion_planning_frame]: MoveGroup namespace changed: / -> . Reloading params.[0m
[rviz2-4] [0m[INFO] [1790708048.614231891] [moveit_rdf_loader.rdf_loader]: Loaded robot model in 0.0768606 seconds[0m
[rviz2-4] [0m[INFO] [1790708048.614295484] [moveit_robot_model.robot_model]: Loading robot model 'robot_arm'...[0m
[rviz2-4] [0m[INFO] [1790708048.614315516] [moveit_robot_model.robot_model]: No root/virtual joint specified in SRDF. Assuming fixed joint[0m
[rviz2-4] [33m[WARN] [1790708048.651132754] [moveit_robot_model.robot_model]: Could not identify parent group for end-effector 'fork'[0m
[rviz2-4] [0m[INFO] [1790708048.818573421] [moveit_ros.planning_scene_monitor.planning_scene_monitor]: Starting planning scene monitor[0m
[rviz2-4] [0m[INFO] [1790708048.821336067] [moveit_ros.planning_scene_monitor.planning_scene_monitor]: Listening to '/monitored_planning_scene'[0m
[rviz2-4] [0m[INFO] [1790708048.879599168] [interactive_marker_display_105770184674560]: Connected on namespace: /rviz_moveit_motion_planning_display/robot_interaction_interactive_marker_topic[0m
[rviz2-4] [0m[INFO] [1790708048.900337658] [moveit_ros_visualization.motion_planning_frame]: group arm[0m
[rviz2-4] [0m[INFO] [1790708048.900371957] [moveit_ros_visualization.motion_planning_frame]: Constructing new MoveGroup connection for group 'arm' in namespace ''[0m
[rviz2-4] [0m[INFO] [1790708048.915255665] [interactive_marker_display_105770184674560]: Sending request for interactive markers[0m
[rviz2-4] [0m[INFO] [1790708048.988048073] [interactive_marker_display_105770184674560]: Service response received for initialization[0m
[fruit_detection_node-8] [0m[INFO] [1790708055.505133193] [fruit_detection_node]: Requesting a camera snapshot...[0m
[rgbd_capture_node-7] [0m[INFO] [1790708055.541789096] [rgbd_capture_node]: Saved RGB-only capture: /home/user/ros2_ws/src/computer_vision_model/logs/20260929_185402_794365/captures/latest_rgb.jpg[0m
[fruit_detection_node-8] [0m[INFO] [1790708055.548173416] [fruit_detection_node]: Captured /home/user/ros2_ws/src/computer_vision_model/logs/20260929_185402_794365/captures/latest_rgb.jpg; starting inference...[0m
[fruit_detection_node-8] /home/user/.local/lib/python3.10/site-packages/inference_sdk/http/client.py:120: InferenceSDKGuidanceWarning: This client sends the Roboflow API key through the legacy channel (query parameter / request body). Sending it as the `Authorization: Bearer <api_key>` header is recommended and works with inference servers from release 1.5.0 onward. Opt in with InferenceConfiguration(api_key_transport='header'); use 'both' for a transition period safe with every server version. Set api_key_transport='legacy' explicitly to keep the current behaviour and silence this warning.
[fruit_detection_node-8]   warnings.warn(
[fruit_detection_node-8] [0m[INFO] [1790708057.411049136] [fruit_detection_node]: Roboflow detected 1 object(s)[0m
[fruit_detection_node-8] [0m[INFO] [1790708057.414575865] [fruit_detection_node]:   Cucumber: 1[0m
[fruit_detection_node-8] [0m[INFO] [1790708057.416338493] [fruit_detection_node]:     center=(368.5, 161.0), size=(543.0 x 322.0), confidence=0.717[0m
[fruit_detection_node-8] [0m[INFO] [1790708057.417926783] [fruit_detection_node]: Saved detections to /home/user/ros2_ws/src/computer_vision_model/logs/20260929_185402_794365/captures/latest_detections.json[0m
[fruit_detection_node-8] [0m[INFO] [1790708057.419862187] [fruit_detection_node]: Saved annotated image to /home/user/ros2_ws/src/computer_vision_model/logs/20260929_185402_794365/captures/latest_detections_annotated.jpg[0m
[fruit_detection_node-8] [0m[INFO] [1790708057.421438139] [fruit_detection_node]: Results published for downstream processing[0m
[camera_to_base_node-9] [0m[INFO] [1790708057.429700295] [camera_to_base_node]: SELECTION: SUCCESS: Highest-confidence detection; passing box centre to projection.[0m
[WARNING] [launch]: user interrupted with ctrl-c (SIGINT)
[rviz2-4] [0m[INFO] [1790708063.988215844] [rclcpp]: signal_handler(SIGINT/SIGTERM)[0m
[move_group-2] [0m[INFO] [1790708063.988433713] [rclcpp]: signal_handler(SIGINT/SIGTERM)[0m
[static_transform_publisher-5] [0m[INFO] [1790708063.988612937] [rclcpp]: signal_handler(SIGINT/SIGTERM)[0m
[astra_camera_node-6] [0m[INFO] [1790708063.988825044] [rclcpp]: signal_handler(SIGINT/SIGTERM)[0m
[robot_state_publisher-1] [0m[INFO] [1790708063.989236383] [rclcpp]: signal_handler(SIGINT/SIGTERM)[0m
[rgbd_capture_node-7] [0m[INFO] [1790708063.989953216] [rclcpp]: signal_handler(SIGINT/SIGTERM)[0m
[rviz2-4] [33m[WARN] [1790708063.999299063] [interactive_marker_display_105770184674560]: Server not available while running, resetting[0m
[rviz2-4] [31m[ERROR] [1790708063.990270493] [vision_rviz.rclcpp_action]: Error in destruction of rcl action client handle: action client implementation is invalid, at ./src/rcl_action/action_client.c:472[0m
[move_group-2] [0m[INFO] [1790708064.248353814] [moveit.ros_planning_interface.moveit_cpp]: Deleting MoveItCpp[0m
[move_group-2] [0m[INFO] [1790708064.253503051] [moveit_ros.planning_scene_monitor.planning_scene_monitor]: Stopped publishing maintained planning scene.[0m
[move_group-2] [0m[INFO] [1790708064.259515785] [moveit_ros.planning_scene_monitor.planning_scene_monitor]: Stopping world geometry monitor[0m
[move_group-2] [0m[INFO] [1790708064.264135116] [moveit_ros.planning_scene_monitor.planning_scene_monitor]: Stopping planning scene monitor[0m
[rviz2-4] terminate called without an active exception
[move_group-2] Warning: class_loader.ClassLoader: SEVERE WARNING!!! Attempting to unload library while objects created by this loader exist in the heap! You should delete your objects before attempting to unload the library or destroying the ClassLoader. The library will NOT be unloaded.
[move_group-2]          at line 127 in ./src/class_loader.cpp
[INFO] [static_transform_publisher-5]: process has finished cleanly [pid 48843]
[INFO] [robot_state_publisher-1]: process has finished cleanly [pid 48835]
[move_group-2] Stack trace (most recent call last):
[INFO] [rgbd_capture_node-7]: process has finished cleanly [pid 48847]
[move_group-2] #16   Object "/usr/lib/x86_64-linux-gnu/ld-linux-x86-64.so.2", at 0xffffffffffffffff, in 
[move_group-2] #15   Object "/opt/ros/humble/lib/moveit_ros_move_group/move_group", at 0x5c04707c5724, in 
[move_group-2] #14   Object "/usr/lib/x86_64-linux-gnu/libc.so.6", at 0x7385e9333e3f, in __libc_start_main
[move_group-2] #13   Object "/usr/lib/x86_64-linux-gnu/libc.so.6", at 0x7385e9333d8f, in 
[move_group-2] #12   Object "/opt/ros/humble/lib/moveit_ros_move_group/move_group", at 0x5c04707c465b, in 
[move_group-2] #11   Object "/opt/ros/humble/lib/moveit_ros_move_group/move_group", at 0x5c04707c6709, in 
[move_group-2] #10   Object "/opt/ros/humble/lib/libmoveit_cpp.so.2.5.9", at 0x7385e9c9d876, in moveit_cpp::MoveItCpp::~MoveItCpp()
[move_group-2] #9    Object "/opt/ros/humble/lib/libmoveit_cpp.so.2.5.9", at 0x7385e9c9bba9, in 
[move_group-2] #8    Object "/opt/ros/humble/lib/libmoveit_trajectory_execution_manager.so.2.5.9", at 0x7385e9029495, in trajectory_execution_manager::TrajectoryExecutionManager::~TrajectoryExecutionManager()
[move_group-2] #7    Object "/opt/ros/humble/lib/libmoveit_trajectory_execution_manager.so.2.5.9", at 0x7385e903c3a9, in 
[move_group-2] #6    Object "/opt/ros/humble/lib/librclcpp.so", at 0x7385e98fbebc, in rclcpp::Node::~Node()
[move_group-2] #5    Object "/opt/ros/humble/lib/librclcpp.so", at 0x7385e98fbe5e, in rclcpp::Node::~Node()
[move_group-2] #4    Object "/opt/ros/humble/lib/librclcpp.so", at 0x7385e98d6f59, in 
[move_group-2] #3    Object "/opt/ros/humble/lib/librclcpp.so", at 0x7385e9905509, in 
[move_group-2] #2    Object "/opt/ros/humble/lib/librclcpp.so", at 0x7385e9905450, in rclcpp::node_interfaces::NodeBase::~NodeBase()
[move_group-2] #1    Object "/opt/ros/humble/lib/librclcpp.so", at 0x7385e98d6f59, in 
[move_group-2] #0    Object "/opt/ros/humble/lib/librclcpp.so", at 0x7385e98dbdd1, in rclcpp::CallbackGroup::~CallbackGroup()
[move_group-2] Segmentation fault (Address not mapped to object [0x7385c9fdf798])
[INFO] [solution_joint_state_node-3]: process has finished cleanly [pid 48839]
[INFO] [camera_to_base_node-9]: process has finished cleanly [pid 48851]
[ERROR] [rviz2-4]: process has died [pid 48841, exit code -6, cmd '/opt/ros/humble/lib/rviz2/rviz2 -d /home/user/ros2_ws/install/robot_arm_movit_config/share/robot_arm_movit_config/config/moveit.rviz --ros-args -r __node:=vision_rviz --params-file /tmp/launch_params_hujuz1zg --params-file /tmp/launch_params_a_2_6de8 --params-file /tmp/launch_params_dc9s1ziu --params-file /tmp/launch_params_jz83gi_z'].
[INFO] [fruit_detection_node-8]: process has finished cleanly [pid 48849]
[ERROR] [move_group-2]: process has died [pid 48837, exit code -11, cmd '/opt/ros/humble/lib/moveit_ros_move_group/move_group --ros-args --params-file /tmp/launch_params_auk8ged0 --params-file /tmp/launch_params_m4ckvuba'].
[move_group-2] [0m
[astra_camera_node-6] [0m[INFO] [1790708065.677254807] [camera.camera]: stop uvc streaming[0m
[astra_camera_node-6] [31m[ERROR] [1790708066.022821687] [camera.camera]: parameter 'camera_link_frame_id' has invalid type: cannot undeclare an statically typed parameter[0m
[astra_camera_node-6] [31m[ERROR] [1790708066.022887848] [camera.camera]: parameter 'camera_name' has invalid type: cannot undeclare an statically typed parameter[0m
[astra_camera_node-6] [31m[ERROR] [1790708066.022916071] [camera.camera]: parameter 'color_camera_info_qos' has invalid type: cannot undeclare an statically typed parameter[0m
[astra_camera_node-6] [31m[ERROR] [1790708066.022939871] [camera.camera]: parameter 'color_depth_synchronization' has invalid type: cannot undeclare an statically typed parameter[0m
[astra_camera_node-6] [31m[ERROR] [1790708066.022962490] [camera.camera]: parameter 'color_fps' has invalid type: cannot undeclare an statically typed parameter[0m
[astra_camera_node-6] [31m[ERROR] [1790708066.022984555] [camera.camera]: parameter 'color_frame_id' has invalid type: cannot undeclare an statically typed parameter[0m
[astra_camera_node-6] [31m[ERROR] [1790708066.023006148] [camera.camera]: parameter 'color_height' has invalid type: cannot undeclare an statically typed parameter[0m
[astra_camera_node-6] [31m[ERROR] [1790708066.023028466] [camera.camera]: parameter 'color_info_url' has invalid type: cannot undeclare an statically typed parameter[0m
[astra_camera_node-6] [31m[ERROR] [1790708066.023050357] [camera.camera]: parameter 'color_optical_frame_id' has invalid type: cannot undeclare an statically typed parameter[0m
[astra_camera_node-6] [31m[ERROR] [1790708066.023072156] [camera.camera]: parameter 'color_qos' has invalid type: cannot undeclare an statically typed parameter[0m
[astra_camera_node-6] [31m[ERROR] [1790708066.023094060] [camera.camera]: parameter 'color_roi_height' has invalid type: cannot undeclare an statically typed parameter[0m
[astra_camera_node-6] [31m[ERROR] [1790708066.023116138] [camera.camera]: parameter 'color_roi_width' has invalid type: cannot undeclare an statically typed parameter[0m
[astra_camera_node-6] [31m[ERROR] [1790708066.023137924] [camera.camera]: parameter 'color_roi_x' has invalid type: cannot undeclare an statically typed parameter[0m
[astra_camera_node-6] [31m[ERROR] [1790708066.023159598] [camera.camera]: parameter 'color_roi_y' has invalid type: cannot undeclare an statically typed parameter[0m
[astra_camera_node-6] [31m[ERROR] [1790708066.023181130] [camera.camera]: parameter 'color_width' has invalid type: cannot undeclare an statically typed parameter[0m
[astra_camera_node-6] [31m[ERROR] [1790708066.023251447] [camera.camera]: parameter 'depth_camera_info_qos' has invalid type: cannot undeclare an statically typed parameter[0m
[astra_camera_node-6] [31m[ERROR] [1790708066.023276360] [camera.camera]: parameter 'depth_fps' has invalid type: cannot undeclare an statically typed parameter[0m
[astra_camera_node-6] [31m[ERROR] [1790708066.023297705] [camera.camera]: parameter 'depth_frame_id' has invalid type: cannot undeclare an statically typed parameter[0m
[astra_camera_node-6] [31m[ERROR] [1790708066.023319113] [camera.camera]: parameter 'depth_height' has invalid type: cannot undeclare an statically typed parameter[0m
[astra_camera_node-6] [31m[ERROR] [1790708066.023341219] [camera.camera]: parameter 'depth_optical_frame_id' has invalid type: cannot undeclare an statically typed parameter[0m
[astra_camera_node-6] [31m[ERROR] [1790708066.023362543] [camera.camera]: parameter 'depth_qos' has invalid type: cannot undeclare an statically typed parameter[0m
[astra_camera_node-6] [31m[ERROR] [1790708066.023384080] [camera.camera]: parameter 'depth_registration' has invalid type: cannot undeclare an statically typed parameter[0m
[astra_camera_node-6] [31m[ERROR] [1790708066.023405651] [camera.camera]: parameter 'depth_roi_height' has invalid type: cannot undeclare an statically typed parameter[0m
[astra_camera_node-6] [31m[ERROR] [1790708066.023426867] [camera.camera]: parameter 'depth_roi_width' has invalid type: cannot undeclare an statically typed parameter[0m
[astra_camera_node-6] [31m[ERROR] [1790708066.023447871] [camera.camera]: parameter 'depth_roi_x' has invalid type: cannot undeclare an statically typed parameter[0m
[astra_camera_node-6] [31m[ERROR] [1790708066.023468975] [camera.camera]: parameter 'depth_roi_y' has invalid type: cannot undeclare an statically typed parameter[0m
[astra_camera_node-6] [31m[ERROR] [1790708066.023490324] [camera.camera]: parameter 'depth_scale' has invalid type: cannot undeclare an statically typed parameter[0m
[astra_camera_node-6] [31m[ERROR] [1790708066.023511571] [camera.camera]: parameter 'depth_width' has invalid type: cannot undeclare an statically typed parameter[0m
[astra_camera_node-6] [31m[ERROR] [1790708066.023533287] [camera.camera]: parameter 'device_num' has invalid type: cannot undeclare an statically typed parameter[0m
[astra_camera_node-6] [31m[ERROR] [1790708066.023554408] [camera.camera]: parameter 'enable_color' has invalid type: cannot undeclare an statically typed parameter[0m
[astra_camera_node-6] [31m[ERROR] [1790708066.023575928] [camera.camera]: parameter 'enable_colored_point_cloud' has invalid type: cannot undeclare an statically typed parameter[0m
[astra_camera_node-6] [31m[ERROR] [1790708066.023597662] [camera.camera]: parameter 'enable_depth' has invalid type: cannot undeclare an statically typed parameter[0m
[astra_camera_node-6] [31m[ERROR] [1790708066.023619125] [camera.camera]: parameter 'enable_ir' has invalid type: cannot undeclare an statically typed parameter[0m
[astra_camera_node-6] [31m[ERROR] [1790708066.023640538] [camera.camera]: parameter 'enable_point_cloud' has invalid type: cannot undeclare an statically typed parameter[0m
[astra_camera_node-6] [31m[ERROR] [1790708066.023662099] [camera.camera]: parameter 'enable_publish_extrinsic' has invalid type: cannot undeclare an statically typed parameter[0m
[astra_camera_node-6] [31m[ERROR] [1790708066.023683511] [camera.camera]: parameter 'ir_camera_info_qos' has invalid type: cannot undeclare an statically typed parameter[0m
[astra_camera_node-6] [31m[ERROR] [1790708066.023704798] [camera.camera]: parameter 'ir_fps' has invalid type: cannot undeclare an statically typed parameter[0m
[astra_camera_node-6] [31m[ERROR] [1790708066.023725927] [camera.camera]: parameter 'ir_frame_id' has invalid type: cannot undeclare an statically typed parameter[0m
[astra_camera_node-6] [31m[ERROR] [1790708066.023747100] [camera.camera]: parameter 'ir_height' has invalid type: cannot undeclare an statically typed parameter[0m
[astra_camera_node-6] [31m[ERROR] [1790708066.023769260] [camera.camera]: parameter 'ir_info_url' has invalid type: cannot undeclare an statically typed parameter[0m
[astra_camera_node-6] [31m[ERROR] [1790708066.023791040] [camera.camera]: parameter 'ir_optical_frame_id' has invalid type: cannot undeclare an statically typed parameter[0m
[astra_camera_node-6] [31m[ERROR] [1790708066.023812559] [camera.camera]: parameter 'ir_qos' has invalid type: cannot undeclare an statically typed parameter[0m
[astra_camera_node-6] [31m[ERROR] [1790708066.023833749] [camera.camera]: parameter 'ir_width' has invalid type: cannot undeclare an statically typed parameter[0m
[astra_camera_node-6] [31m[ERROR] [1790708066.023854763] [camera.camera]: parameter 'point_cloud_qos' has invalid type: cannot undeclare an statically typed parameter[0m
[astra_camera_node-6] [31m[ERROR] [1790708066.023876368] [camera.camera]: parameter 'publish_tf' has invalid type: cannot undeclare an statically typed parameter[0m
[astra_camera_node-6] [31m[ERROR] [1790708066.023897990] [camera.camera]: parameter 'rgb_info_qos_profile' has invalid type: cannot undeclare an statically typed parameter[0m
[astra_camera_node-6] [31m[ERROR] [1790708066.023923981] [camera.camera]: parameter 'rgb_qos_profile' has invalid type: cannot undeclare an statically typed parameter[0m
[astra_camera_node-6] [31m[ERROR] [1790708066.023945284] [camera.camera]: parameter 'tf_publish_rate' has invalid type: cannot undeclare an statically typed parameter[0m
[astra_camera_node-6] [31m[ERROR] [1790708066.023966873] [camera.camera]: parameter 'uvc_camera_format' has invalid type: cannot undeclare an statically typed parameter[0m
[astra_camera_node-6] [31m[ERROR] [1790708066.023988150] [camera.camera]: parameter 'uvc_product_id' has invalid type: cannot undeclare an statically typed parameter[0m
[astra_camera_node-6] [31m[ERROR] [1790708066.024009661] [camera.camera]: parameter 'uvc_retry_count' has invalid type: cannot undeclare an statically typed parameter[0m
[astra_camera_node-6] [31m[ERROR] [1790708066.024030567] [camera.camera]: parameter 'uvc_vendor_id' has invalid type: cannot undeclare an statically typed parameter[0m
[astra_camera_node-6] Warning: USB events thread - failed to set priority. This might cause loss of data...
[INFO] [astra_camera_node-6]: process has finished cleanly [pid 48845]
