[INFO] [1790708070.281775216] [camera.camera]: init done.
[INFO] [1790708070.294246164] [camera.camera]: Waiting for device connection...
[INFO] [1790708070.294349241] [device_listener]: Found 1 devices
[INFO] [1790708070.294378810] [camera.camera]: Trying to open device: 2bc5/0403@1/63
[INFO] [1790708070.625787613] [camera.camera]: Device connected: Astra serial number: 17122220365
[INFO] [1790708070.625848708] [camera.camera]: starting device 
[INFO] [1790708070.648627342] [camera.camera]: depth is not enable
[INFO] [1790708070.648681287] [camera.camera]: ir is not enable
[INFO] [1790708070.937560645] [camera.camera]: open uvc camera
[INFO] [1790708071.091608854] [camera.camera]: uvc config: vendor_id: 2bc5
product_id: 501
width: 640
height: 480
fps: 30
serial_number: 17122220365
format: mjpeg
frame_id: camera_color_frame
optical_frame_id : camera_color_optical_frame

[INFO] [1790708071.655253273] [camera.camera]: open camera success
[ERROR] [1790708071.664746271] [camera.camera]: Enabling image registration mode failed: 
	Device.setProperty(5) failed



[INFO] [1790708071.664800486] [camera.camera]: Start UVC camera
[WARN] [1790708071.664874737] [camera.camera]: Publishing dynamic camera transforms (/tf) at 10 Hz
[INFO] [1790708071.693402971] [camera.camera]: set uvc mode 640x480@30 format UVC_FRAME_FORMAT_MJPEG
[INFO] [1790708071.790175759] [camera.camera]: device  started.
[INFO] [1790708087.532953363] [rclcpp]: signal_handler(SIGINT/SIGTERM)
