[INFO] [1790708286.774611164] [camera.camera]: init done.
[INFO] [1790708286.776342287] [camera.camera]: Waiting for device connection...
[INFO] [1790708286.781319285] [device_listener]: Found 1 devices
[INFO] [1790708286.781352829] [camera.camera]: Trying to open device: 2bc5/0403@1/63
[INFO] [1790708287.022343261] [camera.camera]: Device connected: Astra serial number: 17122220365
[INFO] [1790708287.022420151] [camera.camera]: starting device 
[INFO] [1790708287.033109341] [camera.camera]: depth is not enable
[INFO] [1790708287.033214414] [camera.camera]: ir is not enable
[INFO] [1790708287.419503872] [camera.camera]: open uvc camera
[INFO] [1790708287.496177543] [camera.camera]: uvc config: vendor_id: 2bc5
product_id: 501
width: 640
height: 480
fps: 30
serial_number: 17122220365
format: mjpeg
frame_id: camera_color_frame
optical_frame_id : camera_color_optical_frame

[INFO] [1790708287.505532614] [camera.camera]: open camera success
[ERROR] [1790708287.522236301] [camera.camera]: Enabling image registration mode failed: 
	Device.setProperty(5) failed



[INFO] [1790708287.522293310] [camera.camera]: Start UVC camera
[WARN] [1790708287.523242653] [camera.camera]: Publishing dynamic camera transforms (/tf) at 10 Hz
[INFO] [1790708287.552374639] [camera.camera]: set uvc mode 640x480@30 format UVC_FRAME_FORMAT_MJPEG
[INFO] [1790708288.197766535] [camera.camera]: device  started.
[INFO] [1790708471.351256983] [rclcpp]: signal_handler(SIGINT/SIGTERM)
