[INFO] [1790708250.945950180] [camera.camera]: init done.
[INFO] [1790708250.947467181] [camera.camera]: Waiting for device connection...
[INFO] [1790708250.950659120] [device_listener]: Found 1 devices
[INFO] [1790708250.950691046] [camera.camera]: Trying to open device: 2bc5/0403@1/63
[INFO] [1790708251.160434142] [camera.camera]: Device connected: Astra serial number: 17122220365
[INFO] [1790708251.160522448] [camera.camera]: starting device 
[INFO] [1790708251.184119744] [camera.camera]: depth is not enable
[INFO] [1790708251.184549581] [camera.camera]: ir is not enable
[INFO] [1790708251.441407433] [camera.camera]: open uvc camera
[INFO] [1790708251.522149054] [camera.camera]: uvc config: vendor_id: 2bc5
product_id: 501
width: 640
height: 480
fps: 30
serial_number: 17122220365
format: mjpeg
frame_id: camera_color_frame
optical_frame_id : camera_color_optical_frame

[INFO] [1790708251.533739254] [camera.camera]: open camera success
[ERROR] [1790708251.549826686] [camera.camera]: Enabling image registration mode failed: 
	Device.setProperty(5) failed



[INFO] [1790708251.550004909] [camera.camera]: Start UVC camera
[WARN] [1790708251.550235677] [camera.camera]: Publishing dynamic camera transforms (/tf) at 10 Hz
[INFO] [1790708251.576910133] [camera.camera]: set uvc mode 640x480@30 format UVC_FRAME_FORMAT_MJPEG
[INFO] [1790708252.225477898] [camera.camera]: device  started.
[INFO] [1790708283.051395105] [rclcpp]: signal_handler(SIGINT/SIGTERM)
