warning: Using load_yaml() directly is deprecated. Use xacro.load_yaml() instead.
[INFO] [launch.user]: Vision run logs: /home/user/ros2_ws/src/computer_vision_model/logs/20260929_190125_000715
[INFO] [robot_state_publisher-1]: process started with pid [50643]
[INFO] [move_group-2]: process started with pid [50645]
[INFO] [solution_joint_state_node-3]: process started with pid [50647]
[INFO] [rviz2-4]: process started with pid [50649]
[INFO] [static_transform_publisher-5]: process started with pid [50651]
[INFO] [static_transform_publisher-6]: process started with pid [50654]
[INFO] [astra_camera_node-7]: process started with pid [50657]
[INFO] [rgbd_capture_node-8]: process started with pid [50659]
[INFO] [fruit_detection_node-9]: process started with pid [50666]
[INFO] [camera_to_base_node-10]: process started with pid [50669]
[static_transform_publisher-5] [0m[INFO] [1790708485.640014383] [vision_camera_mount_tf]: Spinning until stopped - publishing transform
[static_transform_publisher-5] translation: ('-0.246900', '-0.506900', '0.228000')
[static_transform_publisher-5] rotation: ('-0.059865', '0.144527', '0.377972', '0.912505')
[static_transform_publisher-5] from 'base_link' to 'camera_link'[0m
[static_transform_publisher-6] [0m[INFO] [1790708485.701051379] [vision_camera_optical_tf]: Spinning until stopped - publishing transform
[static_transform_publisher-6] translation: ('0.000000', '0.000000', '0.000000')
[static_transform_publisher-6] rotation: ('-0.500000', '0.500000', '-0.500000', '0.500000')
[static_transform_publisher-6] from 'camera_link' to 'camera_color_optical_frame'[0m
[robot_state_publisher-1] [0m[INFO] [1790708485.749518188] [robot_state_publisher]: got segment base_link[0m
[robot_state_publisher-1] [0m[INFO] [1790708485.749661896] [robot_state_publisher]: got segment link_1[0m
[robot_state_publisher-1] [0m[INFO] [1790708485.749679654] [robot_state_publisher]: got segment link_2[0m
[robot_state_publisher-1] [0m[INFO] [1790708485.749689615] [robot_state_publisher]: got segment link_3[0m
[robot_state_publisher-1] [0m[INFO] [1790708485.749698059] [robot_state_publisher]: got segment link_4[0m
[robot_state_publisher-1] [0m[INFO] [1790708485.749706346] [robot_state_publisher]: got segment link_5[0m
[robot_state_publisher-1] [0m[INFO] [1790708485.749714603] [robot_state_publisher]: got segment link_6[0m
[robot_state_publisher-1] [0m[INFO] [1790708485.749722943] [robot_state_publisher]: got segment world[0m
[rviz2-4] QStandardPaths: XDG_RUNTIME_DIR not set, defaulting to '/tmp/runtime-user'
[astra_camera_node-7] Warning: class_loader.impl: SEVERE WARNING!!! A namespace collision has occurred with plugin factory for class rclcpp_components::NodeFactoryTemplate<astra_camera::OBCameraNodeFactory>. New factory will OVERWRITE existing one. This situation occurs when libraries containing plugins are directly linked against an executable (the one running right now generating this message). Please separate plugins out into their own library or just don't link against the library and use either class_loader::ClassLoader/MultiLibraryClassLoader to open.
[astra_camera_node-7]          at line 253 in /opt/ros/humble/include/class_loader/class_loader/class_loader_core.hpp
[astra_camera_node-7] [0m[INFO] [1790708486.046187093] [camera.camera]: init done.[0m
[astra_camera_node-7] [0m[INFO] [1790708486.047057483] [camera.camera]: Waiting for device connection...[0m
[astra_camera_node-7] [0m[INFO] [1790708486.047132811] [device_listener]: Found 1 devices[0m
[astra_camera_node-7] [0m[INFO] [1790708486.047159217] [camera.camera]: Trying to open device: 2bc5/0403@1/63[0m
[astra_camera_node-7] [0m[INFO] [1790708486.247794983] [camera.camera]: Device connected: Astra serial number: 17122220365[0m
[astra_camera_node-7] [0m[INFO] [1790708486.247886195] [camera.camera]: starting device [0m
[move_group-2] [0m[INFO] [1790708486.278627228] [moveit_rdf_loader.rdf_loader]: Loaded robot model in 0.209815 seconds[0m
[move_group-2] [0m[INFO] [1790708486.278730400] [moveit_robot_model.robot_model]: Loading robot model 'robot_arm'...[0m
[move_group-2] [0m[INFO] [1790708486.278746277] [moveit_robot_model.robot_model]: No root/virtual joint specified in SRDF. Assuming fixed joint[0m
[move_group-2] [33m[WARN] [1790708486.312338073] [moveit_robot_model.robot_model]: Could not identify parent group for end-effector 'fork'[0m
[astra_camera_node-7] [0m[INFO] [1790708486.397063075] [camera.camera]: depth is not enable[0m
[astra_camera_node-7] [0m[INFO] [1790708486.397136206] [camera.camera]: ir is not enable[0m
[astra_camera_node-7] [0m[INFO] [1790708486.468923623] [camera.camera]: open uvc camera[0m
[move_group-2] [0m[INFO] [1790708486.472540886] [moveit_ros.planning_scene_monitor.planning_scene_monitor]: Publishing maintained planning scene on 'monitored_planning_scene'[0m
[move_group-2] [0m[INFO] [1790708486.472748404] [moveit.ros_planning_interface.moveit_cpp]: Listening to 'joint_states' for joint states[0m
[move_group-2] [0m[INFO] [1790708486.473828570] [moveit_ros.current_state_monitor]: Listening to joint states on topic 'joint_states'[0m
[move_group-2] [0m[INFO] [1790708486.483237323] [moveit_ros.planning_scene_monitor.planning_scene_monitor]: Listening to '/attached_collision_object' for attached collision objects[0m
[move_group-2] [0m[INFO] [1790708486.483272727] [moveit_ros.planning_scene_monitor.planning_scene_monitor]: Starting planning scene monitor[0m
[move_group-2] [0m[INFO] [1790708486.487615007] [moveit_ros.planning_scene_monitor.planning_scene_monitor]: Listening to '/planning_scene'[0m
[move_group-2] [0m[INFO] [1790708486.487653923] [moveit_ros.planning_scene_monitor.planning_scene_monitor]: Starting world geometry update monitor for collision objects, attached objects, octomap updates.[0m
[move_group-2] [0m[INFO] [1790708486.491859797] [moveit_ros.planning_scene_monitor.planning_scene_monitor]: Listening to 'collision_object'[0m
[move_group-2] [0m[INFO] [1790708486.492784915] [moveit_ros.planning_scene_monitor.planning_scene_monitor]: Listening to 'planning_scene_world' for planning scene world geometry[0m
[move_group-2] [33m[WARN] [1790708486.493417195] [moveit.ros.occupancy_map_monitor.middleware_handle]: Resolution not specified for Octomap. Assuming resolution = 0.1 instead[0m
[move_group-2] [31m[ERROR] [1790708486.493439232] [moveit.ros.occupancy_map_monitor.middleware_handle]: No 3D sensor plugin(s) defined for octomap updates[0m
[move_group-2] [0m[INFO] [1790708486.508174788] [moveit.ros_planning_interface.moveit_cpp]: Loading planning pipeline 'chomp'[0m
[move_group-2] [0m[INFO] [1790708486.515260227] [moveit.ros_planning.planning_pipeline]: Using planning interface 'CHOMP'[0m
[move_group-2] [0m[INFO] [1790708486.520900069] [moveit_ros.add_time_optimal_parameterization]: Param 'chomp.path_tolerance' was not set. Using default value: 0.100000[0m
[move_group-2] [0m[INFO] [1790708486.520932416] [moveit_ros.add_time_optimal_parameterization]: Param 'chomp.resample_dt' was not set. Using default value: 0.100000[0m
[move_group-2] [0m[INFO] [1790708486.520941124] [moveit_ros.add_time_optimal_parameterization]: Param 'chomp.min_angle_change' was not set. Using default value: 0.001000[0m
[move_group-2] [0m[INFO] [1790708486.520973732] [moveit_ros.fix_workspace_bounds]: Param 'chomp.default_workspace_bounds' was not set. Using default value: 10.000000[0m
[move_group-2] [0m[INFO] [1790708486.521060249] [moveit_ros.fix_start_state_bounds]: Param 'chomp.start_state_max_bounds_error' was set to 0.100000[0m
[move_group-2] [0m[INFO] [1790708486.521070343] [moveit_ros.fix_start_state_bounds]: Param 'chomp.start_state_max_dt' was not set. Using default value: 0.500000[0m
[move_group-2] [0m[INFO] [1790708486.521088915] [moveit_ros.fix_start_state_collision]: Param 'chomp.start_state_max_dt' was not set. Using default value: 0.500000[0m
[move_group-2] [0m[INFO] [1790708486.521097814] [moveit_ros.fix_start_state_collision]: Param 'chomp.jiggle_fraction' was set to 0.050000[0m
[move_group-2] [0m[INFO] [1790708486.521105825] [moveit_ros.fix_start_state_collision]: Param 'chomp.max_sampling_attempts' was not set. Using default value: 100[0m
[move_group-2] [0m[INFO] [1790708486.521123438] [moveit.ros_planning.planning_pipeline]: Using planning request adapter 'Add Time Optimal Parameterization'[0m
[move_group-2] [0m[INFO] [1790708486.521131201] [moveit.ros_planning.planning_pipeline]: Using planning request adapter 'Resolve constraint frames to robot links'[0m
[move_group-2] [0m[INFO] [1790708486.521137309] [moveit.ros_planning.planning_pipeline]: Using planning request adapter 'Fix Workspace Bounds'[0m
[move_group-2] [0m[INFO] [1790708486.521143209] [moveit.ros_planning.planning_pipeline]: Using planning request adapter 'Fix Start State Bounds'[0m
[move_group-2] [0m[INFO] [1790708486.521148746] [moveit.ros_planning.planning_pipeline]: Using planning request adapter 'Fix Start State In Collision'[0m
[move_group-2] [0m[INFO] [1790708486.521190496] [moveit.ros_planning.planning_pipeline]: Using planning request adapter 'Fix Start State Path Constraints'[0m
[move_group-2] [0m[INFO] [1790708486.524903050] [moveit.ros_planning_interface.moveit_cpp]: Loading planning pipeline 'pilz_industrial_motion_planner'[0m
[move_group-2] [0m[INFO] [1790708486.531372738] [moveit.pilz_industrial_motion_planner.joint_limits_aggregator]: Reading limits from namespace robot_description_planning[0m
[move_group-2] [0m[INFO] [1790708486.536178542] [moveit.pilz_industrial_motion_planner]: Available plugins: pilz_industrial_motion_planner/PlanningContextLoaderCIRC pilz_industrial_motion_planner/PlanningContextLoaderLIN pilz_industrial_motion_planner/PlanningContextLoaderPTP [0m
[move_group-2] [0m[INFO] [1790708486.536215996] [moveit.pilz_industrial_motion_planner]: About to load: pilz_industrial_motion_planner/PlanningContextLoaderCIRC[0m
[move_group-2] [0m[INFO] [1790708486.538643928] [moveit.pilz_industrial_motion_planner]: Registered Algorithm [CIRC][0m
[move_group-2] [0m[INFO] [1790708486.538670613] [moveit.pilz_industrial_motion_planner]: About to load: pilz_industrial_motion_planner/PlanningContextLoaderLIN[0m
[move_group-2] [0m[INFO] [1790708486.540243827] [moveit.pilz_industrial_motion_planner]: Registered Algorithm [LIN][0m
[move_group-2] [0m[INFO] [1790708486.540267874] [moveit.pilz_industrial_motion_planner]: About to load: pilz_industrial_motion_planner/PlanningContextLoaderPTP[0m
[move_group-2] [0m[INFO] [1790708486.542642561] [moveit.pilz_industrial_motion_planner]: Registered Algorithm [PTP][0m
[move_group-2] [0m[INFO] [1790708486.542667068] [moveit.ros_planning.planning_pipeline]: Using planning interface 'Pilz Industrial Motion Planner'[0m
[move_group-2] [0m[INFO] [1790708486.544228002] [moveit.ros_planning_interface.moveit_cpp]: Loading planning pipeline 'ompl'[0m
[astra_camera_node-7] [0m[INFO] [1790708486.545628942] [camera.camera]: uvc config: vendor_id: 2bc5
[astra_camera_node-7] product_id: 501
[astra_camera_node-7] width: 640
[astra_camera_node-7] height: 480
[astra_camera_node-7] fps: 30
[astra_camera_node-7] serial_number: 17122220365
[astra_camera_node-7] format: mjpeg
[astra_camera_node-7] frame_id: camera_color_frame
[astra_camera_node-7] optical_frame_id : camera_color_optical_frame
[astra_camera_node-7] [0m
[astra_camera_node-7] [0m[INFO] [1790708486.555465459] [camera.camera]: open camera success[0m
[astra_camera_node-7] [31m[ERROR] [1790708486.555545856] [camera.camera]: Enabling image registration mode failed: 
[astra_camera_node-7] 	Device.setProperty(5) failed
[astra_camera_node-7] 
[astra_camera_node-7] 
[astra_camera_node-7] [0m
[astra_camera_node-7] [0m[INFO] [1790708486.555569077] [camera.camera]: Start UVC camera[0m
[rgbd_capture_node-8] [0m[INFO] [1790708486.563751724] [rgbd_capture_node]: RGB-only capture node ready[0m
[rgbd_capture_node-8] [0m[INFO] [1790708486.564174440] [rgbd_capture_node]:   RGB:        /camera/color/image_raw[0m
[rgbd_capture_node-8] [0m[INFO] [1790708486.564221586] [rgbd_capture_node]:   Depth:      /camera/depth/image_raw[0m
[rgbd_capture_node-8] [0m[INFO] [1790708486.564233287] [rgbd_capture_node]:   CameraInfo: /camera/color/camera_info[0m
[rgbd_capture_node-8] [0m[INFO] [1790708486.564250724] [rgbd_capture_node]:   Output:     /home/user/ros2_ws/src/computer_vision_model/logs/20260929_190125_000715/captures[0m
[move_group-2] [0m[INFO] [1790708486.568110662] [moveit.ros_planning.planning_pipeline]: Using planning interface 'OMPL'[0m
[move_group-2] [0m[INFO] [1790708486.572041927] [moveit_ros.add_time_optimal_parameterization]: Param 'ompl.path_tolerance' was not set. Using default value: 0.100000[0m
[move_group-2] [0m[INFO] [1790708486.572066528] [moveit_ros.add_time_optimal_parameterization]: Param 'ompl.resample_dt' was not set. Using default value: 0.100000[0m
[move_group-2] [0m[INFO] [1790708486.572074622] [moveit_ros.add_time_optimal_parameterization]: Param 'ompl.min_angle_change' was not set. Using default value: 0.001000[0m
[move_group-2] [0m[INFO] [1790708486.572108400] [moveit_ros.fix_workspace_bounds]: Param 'ompl.default_workspace_bounds' was not set. Using default value: 10.000000[0m
[move_group-2] [0m[INFO] [1790708486.572132516] [moveit_ros.fix_start_state_bounds]: Param 'ompl.start_state_max_bounds_error' was set to 0.100000[0m
[move_group-2] [0m[INFO] [1790708486.572141645] [moveit_ros.fix_start_state_bounds]: Param 'ompl.start_state_max_dt' was not set. Using default value: 0.500000[0m
[move_group-2] [0m[INFO] [1790708486.572161083] [moveit_ros.fix_start_state_collision]: Param 'ompl.start_state_max_dt' was not set. Using default value: 0.500000[0m
[move_group-2] [0m[INFO] [1790708486.572169712] [moveit_ros.fix_start_state_collision]: Param 'ompl.jiggle_fraction' was set to 0.050000[0m
[move_group-2] [0m[INFO] [1790708486.572176947] [moveit_ros.fix_start_state_collision]: Param 'ompl.max_sampling_attempts' was not set. Using default value: 100[0m
[move_group-2] [0m[INFO] [1790708486.572205396] [moveit.ros_planning.planning_pipeline]: Using planning request adapter 'Add Time Optimal Parameterization'[0m
[move_group-2] [0m[INFO] [1790708486.572214261] [moveit.ros_planning.planning_pipeline]: Using planning request adapter 'Resolve constraint frames to robot links'[0m
[move_group-2] [0m[INFO] [1790708486.572220165] [moveit.ros_planning.planning_pipeline]: Using planning request adapter 'Fix Workspace Bounds'[0m
[move_group-2] [0m[INFO] [1790708486.572226208] [moveit.ros_planning.planning_pipeline]: Using planning request adapter 'Fix Start State Bounds'[0m
[move_group-2] [0m[INFO] [1790708486.572231790] [moveit.ros_planning.planning_pipeline]: Using planning request adapter 'Fix Start State In Collision'[0m
[move_group-2] [0m[INFO] [1790708486.572237186] [moveit.ros_planning.planning_pipeline]: Using planning request adapter 'Fix Start State Path Constraints'[0m
[move_group-2] [0m[INFO] [1790708486.725934630] [moveit.plugins.moveit_simple_controller_manager]: Added FollowJointTrajectory controller for arm_controller[0m
[move_group-2] [0m[INFO] [1790708486.726144057] [moveit.plugins.moveit_simple_controller_manager]: Returned 1 controllers in list[0m
[move_group-2] [0m[INFO] [1790708486.726848844] [moveit.plugins.moveit_simple_controller_manager]: Returned 1 controllers in list[0m
[move_group-2] [0m[INFO] [1790708486.729577542] [moveit_ros.trajectory_execution_manager]: Trajectory execution is managing controllers[0m
[move_group-2] [0m[INFO] [1790708486.729757869] [move_group.move_group]: MoveGroup debug mode is ON[0m
[move_group-2] [0m[INFO] [1790708486.777972348] [move_group.move_group]: 
[move_group-2] 
[move_group-2] ********************************************************
[move_group-2] * MoveGroup using: 
[move_group-2] *     - ApplyPlanningSceneService
[move_group-2] *     - ClearOctomapService
[move_group-2] *     - CartesianPathService
[move_group-2] *     - GetPlanningSceneService
[move_group-2] *     - KinematicsService
[move_group-2] *     - MotionPlanService
[move_group-2] *     - QueryPlannersService
[move_group-2] *     - StateValidationService
[move_group-2] ********************************************************
[move_group-2] [0m
[move_group-2] [0m[INFO] [1790708486.778040083] [moveit_move_group_capabilities_base.move_group_context]: MoveGroup context using planning plugin ompl_interface/OMPLPlanner[0m
[move_group-2] [0m[INFO] [1790708486.778057263] [moveit_move_group_capabilities_base.move_group_context]: MoveGroup context initialization complete[0m
[move_group-2] [96mLoading 'move_group/ApplyPlanningSceneService'...
[move_group-2] [0m[96mLoading 'move_group/ClearOctomapService'...
[move_group-2] [0m[96mLoading 'move_group/MoveGroupCartesianPathService'...
[move_group-2] [0m[96mLoading 'move_group/MoveGroupGetPlanningSceneService'...
[move_group-2] [0m[96mLoading 'move_group/MoveGroupKinematicsService'...
[move_group-2] [0m[96mLoading 'move_group/MoveGroupPlanService'...
[move_group-2] [0m[96mLoading 'move_group/MoveGroupQueryPlannersService'...
[move_group-2] [0m[96mLoading 'move_group/MoveGroupStateValidationService'...
[move_group-2] [0m[92m
[move_group-2] You can start planning now!
[move_group-2] 
[solution_joint_state_node-3] [0m[INFO] [1790708487.040423366] [solution_joint_states]: Publishing /joint_states at the seed pose; will switch to the IK solution when one is published. Held joints: joint_1, joint_6[0m
[rviz2-4] [0m[INFO] [1790708487.056764893] [rviz2]: Stereo is NOT SUPPORTED[0m
[rviz2-4] [0m[INFO] [1790708487.056859659] [rviz2]: OpenGl version: 4.6 (GLSL 4.6)[0m
[rviz2-4] [0m[INFO] [1790708487.094179926] [rviz2]: Stereo is NOT SUPPORTED[0m
[astra_camera_node-7] [0m[INFO] [1790708487.192874428] [camera.camera]: set uvc mode 640x480@30 format UVC_FRAME_FORMAT_MJPEG[0m
[fruit_detection_node-9] [0m[INFO] [1790708487.251953695] [fruit_detection_node]: Fruit detection node ready[0m
[fruit_detection_node-9] [0m[INFO] [1790708487.252667800] [fruit_detection_node]:   Model: sliced-fruits-and-vegetables-rnw8f/1[0m
[fruit_detection_node-9] [0m[INFO] [1790708487.253313499] [fruit_detection_node]:   API: https://serverless.roboflow.com[0m
[fruit_detection_node-9] [0m[INFO] [1790708487.253889460] [fruit_detection_node]:   API key source: ROBOFLOW_API_KEY environment variable[0m
[fruit_detection_node-9] [0m[INFO] [1790708487.254579680] [fruit_detection_node]:   Detection results: /computer_vision/detections[0m
[astra_camera_node-7] [0m[INFO] [1790708487.281820886] [camera.camera]: device  started.[0m
[rviz2-4] Warning: class_loader.impl: SEVERE WARNING!!! A namespace collision has occurred with plugin factory for class rviz_default_plugins::displays::InteractiveMarkerDisplay. New factory will OVERWRITE existing one. This situation occurs when libraries containing plugins are directly linked against an executable (the one running right now generating this message). Please separate plugins out into their own library or just don't link against the library and use either class_loader::ClassLoader/MultiLibraryClassLoader to open.
[rviz2-4]          at line 253 in /opt/ros/humble/include/class_loader/class_loader/class_loader_core.hpp
[camera_to_base_node-10] [0m[INFO] [1790708487.677452890] [camera_to_base_node]: STARTUP: READY: Waiting for one capture and its detections.[0m
[rviz2-4] [31m[ERROR] [1790708490.401222083] [moveit_ros_visualization.motion_planning_frame]: Action server: /recognize_objects not available[0m
[rviz2-4] [0m[INFO] [1790708490.535171302] [moveit_ros_visualization.motion_planning_frame]: MoveGroup namespace changed: / -> . Reloading params.[0m
[rviz2-4] [0m[INFO] [1790708490.685906668] [moveit_rdf_loader.rdf_loader]: Loaded robot model in 0.0697039 seconds[0m
[rviz2-4] [0m[INFO] [1790708490.685975398] [moveit_robot_model.robot_model]: Loading robot model 'robot_arm'...[0m
[rviz2-4] [0m[INFO] [1790708490.686000423] [moveit_robot_model.robot_model]: No root/virtual joint specified in SRDF. Assuming fixed joint[0m
[rviz2-4] [33m[WARN] [1790708490.718659489] [moveit_robot_model.robot_model]: Could not identify parent group for end-effector 'fork'[0m
[rviz2-4] [0m[INFO] [1790708490.911112439] [moveit_ros.planning_scene_monitor.planning_scene_monitor]: Starting planning scene monitor[0m
[rviz2-4] [0m[INFO] [1790708490.913403661] [moveit_ros.planning_scene_monitor.planning_scene_monitor]: Listening to '/monitored_planning_scene'[0m
[rviz2-4] [0m[INFO] [1790708490.974794851] [interactive_marker_display_96973252971392]: Connected on namespace: /rviz_moveit_motion_planning_display/robot_interaction_interactive_marker_topic[0m
[rviz2-4] [0m[INFO] [1790708490.999118708] [moveit_ros_visualization.motion_planning_frame]: group arm[0m
[rviz2-4] [0m[INFO] [1790708490.999479706] [moveit_ros_visualization.motion_planning_frame]: Constructing new MoveGroup connection for group 'arm' in namespace ''[0m
[rviz2-4] [0m[INFO] [1790708491.004677686] [interactive_marker_display_96973252971392]: Sending request for interactive markers[0m
[rviz2-4] [0m[INFO] [1790708491.038961589] [interactive_marker_display_96973252971392]: Service response received for initialization[0m
[fruit_detection_node-9] [0m[INFO] [1790708497.221463706] [fruit_detection_node]: Requesting a camera snapshot...[0m
[rgbd_capture_node-8] [0m[INFO] [1790708497.245542703] [rgbd_capture_node]: Saved RGB-only capture: /home/user/ros2_ws/src/computer_vision_model/logs/20260929_190125_000715/captures/latest_rgb.jpg[0m
[fruit_detection_node-9] [0m[INFO] [1790708497.250783728] [fruit_detection_node]: Captured /home/user/ros2_ws/src/computer_vision_model/logs/20260929_190125_000715/captures/latest_rgb.jpg; starting inference...[0m
[fruit_detection_node-9] /home/user/.local/lib/python3.10/site-packages/inference_sdk/http/client.py:120: InferenceSDKGuidanceWarning: This client sends the Roboflow API key through the legacy channel (query parameter / request body). Sending it as the `Authorization: Bearer <api_key>` header is recommended and works with inference servers from release 1.5.0 onward. Opt in with InferenceConfiguration(api_key_transport='header'); use 'both' for a transition period safe with every server version. Set api_key_transport='legacy' explicitly to keep the current behaviour and silence this warning.
[fruit_detection_node-9]   warnings.warn(
[fruit_detection_node-9] [0m[INFO] [1790708499.058601726] [fruit_detection_node]: Roboflow detected 1 object(s)[0m
[fruit_detection_node-9] [0m[INFO] [1790708499.060111154] [fruit_detection_node]:   Cucumber: 1[0m
[fruit_detection_node-9] [0m[INFO] [1790708499.061581163] [fruit_detection_node]:     center=(193.5, 318.0), size=(97.0 x 82.0), confidence=0.476[0m
[fruit_detection_node-9] [0m[INFO] [1790708499.063004241] [fruit_detection_node]: Saved detections to /home/user/ros2_ws/src/computer_vision_model/logs/20260929_190125_000715/captures/latest_detections.json[0m
[fruit_detection_node-9] [0m[INFO] [1790708499.064436134] [fruit_detection_node]: Saved annotated image to /home/user/ros2_ws/src/computer_vision_model/logs/20260929_190125_000715/captures/latest_detections_annotated.jpg[0m
[fruit_detection_node-9] [0m[INFO] [1790708499.066050313] [fruit_detection_node]: Results published for downstream processing[0m
[camera_to_base_node-10] [0m[INFO] [1790708499.073262194] [camera_to_base_node]: SELECTION: SUCCESS: Highest-confidence detection; passing box centre to projection.[0m
[rviz2-4] [0m[INFO] [1790708551.072619402] [move_group_interface]: Ready to take commands for planning group arm.[0m
[rviz2-4] [0m[INFO] [1790708551.080240646] [moveit_ros_visualization.motion_planning_frame]: group arm[0m
[WARNING] [launch]: user interrupted with ctrl-c (SIGINT)
[rviz2-4] [0m[INFO] [1790708613.094470495] [rclcpp]: signal_handler(SIGINT/SIGTERM)[0m
[move_group-2] [0m[INFO] [1790708613.094437675] [rclcpp]: signal_handler(SIGINT/SIGTERM)[0m
[rgbd_capture_node-8] [0m[INFO] [1790708613.094791977] [rclcpp]: signal_handler(SIGINT/SIGTERM)[0m
[static_transform_publisher-5] [0m[INFO] [1790708613.095301637] [rclcpp]: signal_handler(SIGINT/SIGTERM)[0m
[robot_state_publisher-1] [0m[INFO] [1790708613.095509766] [rclcpp]: signal_handler(SIGINT/SIGTERM)[0m
[astra_camera_node-7] [0m[INFO] [1790708613.098158861] [rclcpp]: signal_handler(SIGINT/SIGTERM)[0m
[rviz2-4] [33m[WARN] [1790708613.104254877] [interactive_marker_display_96973252971392]: Server not available while running, resetting[0m
[static_transform_publisher-6] [0m[INFO] [1790708613.106865094] [rclcpp]: signal_handler(SIGINT/SIGTERM)[0m
[move_group-2] [0m[INFO] [1790708613.249667683] [moveit.ros_planning_interface.moveit_cpp]: Deleting MoveItCpp[0m
[move_group-2] [0m[INFO] [1790708613.263378914] [moveit_ros.planning_scene_monitor.planning_scene_monitor]: Stopped publishing maintained planning scene.[0m
[move_group-2] [0m[INFO] [1790708613.273863110] [moveit_ros.planning_scene_monitor.planning_scene_monitor]: Stopping world geometry monitor[0m
[move_group-2] [0m[INFO] [1790708613.278512532] [moveit_ros.planning_scene_monitor.planning_scene_monitor]: Stopping planning scene monitor[0m
[move_group-2] Warning: class_loader.ClassLoader: SEVERE WARNING!!! Attempting to unload library while objects created by this loader exist in the heap! You should delete your objects before attempting to unload the library or destroying the ClassLoader. The library will NOT be unloaded.
[move_group-2]          at line 127 in ./src/class_loader.cpp
[INFO] [static_transform_publisher-5]: process has finished cleanly [pid 50651]
[INFO] [static_transform_publisher-6]: process has finished cleanly [pid 50654]
[rviz2-4] 
[rviz2-4] >>> [rcutils|error_handling.c:108] rcutils_set_error_state()
[rviz2-4] This error state is being overwritten:
[rviz2-4] 
[rviz2-4]   'rcl node's context is invalid, at ./src/rcl/node.c:428'
[rviz2-4] 
[rviz2-4] with this new error message:
[rviz2-4] 
[rviz2-4]   'publisher's context is invalid, at ./src/rcl/publisher.c:389'
[rviz2-4] 
[rviz2-4] rcutils_reset_error() should be called after error handling to avoid this.
[rviz2-4] <<<
[rviz2-4] [0m[INFO] [1790708613.404621042] [moveit_ros.planning_scene_monitor.planning_scene_monitor]: Stopping planning scene monitor[0m
[move_group-2] Stack trace (most recent call last):
[INFO] [robot_state_publisher-1]: process has finished cleanly [pid 50643]
[move_group-2] #16   Object "/usr/lib/x86_64-linux-gnu/ld-linux-x86-64.so.2", at 0xffffffffffffffff, in 
[move_group-2] #15   Object "/opt/ros/humble/lib/moveit_ros_move_group/move_group", at 0x56263aed3724, in 
[move_group-2] #14   Object "/usr/lib/x86_64-linux-gnu/libc.so.6", at 0x73a9af9cde3f, in __libc_start_main
[move_group-2] #13   Object "/usr/lib/x86_64-linux-gnu/libc.so.6", at 0x73a9af9cdd8f, in 
[move_group-2] #12   Object "/opt/ros/humble/lib/moveit_ros_move_group/move_group", at 0x56263aed265b, in 
[move_group-2] #11   Object "/opt/ros/humble/lib/moveit_ros_move_group/move_group", at 0x56263aed4709, in 
[move_group-2] #10   Object "/opt/ros/humble/lib/libmoveit_cpp.so.2.5.9", at 0x73a9b0337876, in moveit_cpp::MoveItCpp::~MoveItCpp()
[move_group-2] #9    Object "/opt/ros/humble/lib/libmoveit_cpp.so.2.5.9", at 0x73a9b0335ba9, in 
[move_group-2] #8    Object "/opt/ros/humble/lib/libmoveit_trajectory_execution_manager.so.2.5.9", at 0x73a9af6c3495, in trajectory_execution_manager::TrajectoryExecutionManager::~TrajectoryExecutionManager()
[move_group-2] #7    Object "/opt/ros/humble/lib/libmoveit_trajectory_execution_manager.so.2.5.9", at 0x73a9af6d63a9, in 
[move_group-2] #6    Object "/opt/ros/humble/lib/librclcpp.so", at 0x73a9aff95ebc, in rclcpp::Node::~Node()
[INFO] [rgbd_capture_node-8]: process has finished cleanly [pid 50659]
[move_group-2] #5    Object "/opt/ros/humble/lib/librclcpp.so", at 0x73a9aff95e5e, in rclcpp::Node::~Node()
[move_group-2] #4    Object "/opt/ros/humble/lib/librclcpp.so", at 0x73a9aff70f59, in 
[move_group-2] #3    Object "/opt/ros/humble/lib/librclcpp.so", at 0x73a9aff9f509, in 
[move_group-2] #2    Object "/opt/ros/humble/lib/librclcpp.so", at 0x73a9aff9f450, in rclcpp::node_interfaces::NodeBase::~NodeBase()
[move_group-2] #1    Object "/opt/ros/humble/lib/librclcpp.so", at 0x73a9aff70f59, in 
[move_group-2] #0    Object "/opt/ros/humble/lib/librclcpp.so", at 0x73a9aff75dd1, in rclcpp::CallbackGroup::~CallbackGroup()
[move_group-2] Segmentation fault (Address not mapped to object [0x73a9a45fc798])
[astra_camera_node-7] [0m[INFO] [1790708613.569060254] [camera.camera]: stop uvc streaming[0m
[INFO] [camera_to_base_node-10]: process has finished cleanly [pid 50669]
[INFO] [solution_joint_state_node-3]: process has finished cleanly [pid 50647]
[INFO] [fruit_detection_node-9]: process has finished cleanly [pid 50666]
[ERROR] [move_group-2]: process has died [pid 50645, exit code -11, cmd '/opt/ros/humble/lib/moveit_ros_move_group/move_group --ros-args --params-file /tmp/launch_params_2d3t6_24 --params-file /tmp/launch_params_inqzekj7'].
[move_group-2] [0m
[ERROR] [rviz2-4]: process has died [pid 50649, exit code -11, cmd '/opt/ros/humble/lib/rviz2/rviz2 -d /home/user/ros2_ws/install/robot_arm_movit_config/share/robot_arm_movit_config/config/moveit.rviz --ros-args -r __node:=vision_rviz --params-file /tmp/launch_params_numsp4_u --params-file /tmp/launch_params_qr4rt4r7 --params-file /tmp/launch_params_wsk8176u --params-file /tmp/launch_params_r403ll6k'].
[astra_camera_node-7] [31m[ERROR] [1790708613.923173968] [camera.camera]: parameter 'camera_link_frame_id' has invalid type: cannot undeclare an statically typed parameter[0m
[astra_camera_node-7] [31m[ERROR] [1790708613.923229562] [camera.camera]: parameter 'camera_name' has invalid type: cannot undeclare an statically typed parameter[0m
[astra_camera_node-7] [31m[ERROR] [1790708613.923245296] [camera.camera]: parameter 'color_camera_info_qos' has invalid type: cannot undeclare an statically typed parameter[0m
[astra_camera_node-7] [31m[ERROR] [1790708613.923257234] [camera.camera]: parameter 'color_depth_synchronization' has invalid type: cannot undeclare an statically typed parameter[0m
[astra_camera_node-7] [31m[ERROR] [1790708613.923268630] [camera.camera]: parameter 'color_fps' has invalid type: cannot undeclare an statically typed parameter[0m
[astra_camera_node-7] [31m[ERROR] [1790708613.923279958] [camera.camera]: parameter 'color_frame_id' has invalid type: cannot undeclare an statically typed parameter[0m
[astra_camera_node-7] [31m[ERROR] [1790708613.923290658] [camera.camera]: parameter 'color_height' has invalid type: cannot undeclare an statically typed parameter[0m
[astra_camera_node-7] [31m[ERROR] [1790708613.923301363] [camera.camera]: parameter 'color_info_url' has invalid type: cannot undeclare an statically typed parameter[0m
[astra_camera_node-7] [31m[ERROR] [1790708613.923312014] [camera.camera]: parameter 'color_optical_frame_id' has invalid type: cannot undeclare an statically typed parameter[0m
[astra_camera_node-7] [31m[ERROR] [1790708613.923322653] [camera.camera]: parameter 'color_qos' has invalid type: cannot undeclare an statically typed parameter[0m
[astra_camera_node-7] [31m[ERROR] [1790708613.923333616] [camera.camera]: parameter 'color_roi_height' has invalid type: cannot undeclare an statically typed parameter[0m
[astra_camera_node-7] [31m[ERROR] [1790708613.923344181] [camera.camera]: parameter 'color_roi_width' has invalid type: cannot undeclare an statically typed parameter[0m
[astra_camera_node-7] [31m[ERROR] [1790708613.923354636] [camera.camera]: parameter 'color_roi_x' has invalid type: cannot undeclare an statically typed parameter[0m
[astra_camera_node-7] [31m[ERROR] [1790708613.923365143] [camera.camera]: parameter 'color_roi_y' has invalid type: cannot undeclare an statically typed parameter[0m
[astra_camera_node-7] [31m[ERROR] [1790708613.923375519] [camera.camera]: parameter 'color_width' has invalid type: cannot undeclare an statically typed parameter[0m
[astra_camera_node-7] [31m[ERROR] [1790708613.923386516] [camera.camera]: parameter 'depth_camera_info_qos' has invalid type: cannot undeclare an statically typed parameter[0m
[astra_camera_node-7] [31m[ERROR] [1790708613.923397119] [camera.camera]: parameter 'depth_fps' has invalid type: cannot undeclare an statically typed parameter[0m
[astra_camera_node-7] [31m[ERROR] [1790708613.923407543] [camera.camera]: parameter 'depth_frame_id' has invalid type: cannot undeclare an statically typed parameter[0m
[astra_camera_node-7] [31m[ERROR] [1790708613.923418196] [camera.camera]: parameter 'depth_height' has invalid type: cannot undeclare an statically typed parameter[0m
[astra_camera_node-7] [31m[ERROR] [1790708613.923428895] [camera.camera]: parameter 'depth_optical_frame_id' has invalid type: cannot undeclare an statically typed parameter[0m
[astra_camera_node-7] [31m[ERROR] [1790708613.923439880] [camera.camera]: parameter 'depth_qos' has invalid type: cannot undeclare an statically typed parameter[0m
[astra_camera_node-7] [31m[ERROR] [1790708613.923450761] [camera.camera]: parameter 'depth_registration' has invalid type: cannot undeclare an statically typed parameter[0m
[astra_camera_node-7] [31m[ERROR] [1790708613.923461518] [camera.camera]: parameter 'depth_roi_height' has invalid type: cannot undeclare an statically typed parameter[0m
[astra_camera_node-7] [31m[ERROR] [1790708613.923471939] [camera.camera]: parameter 'depth_roi_width' has invalid type: cannot undeclare an statically typed parameter[0m
[astra_camera_node-7] [31m[ERROR] [1790708613.923482648] [camera.camera]: parameter 'depth_roi_x' has invalid type: cannot undeclare an statically typed parameter[0m
[astra_camera_node-7] [31m[ERROR] [1790708613.923493269] [camera.camera]: parameter 'depth_roi_y' has invalid type: cannot undeclare an statically typed parameter[0m
[astra_camera_node-7] [31m[ERROR] [1790708613.923503691] [camera.camera]: parameter 'depth_scale' has invalid type: cannot undeclare an statically typed parameter[0m
[astra_camera_node-7] [31m[ERROR] [1790708613.923514240] [camera.camera]: parameter 'depth_width' has invalid type: cannot undeclare an statically typed parameter[0m
[astra_camera_node-7] [31m[ERROR] [1790708613.923538232] [camera.camera]: parameter 'device_num' has invalid type: cannot undeclare an statically typed parameter[0m
[astra_camera_node-7] [31m[ERROR] [1790708613.923549061] [camera.camera]: parameter 'enable_color' has invalid type: cannot undeclare an statically typed parameter[0m
[astra_camera_node-7] [31m[ERROR] [1790708613.923559975] [camera.camera]: parameter 'enable_colored_point_cloud' has invalid type: cannot undeclare an statically typed parameter[0m
[astra_camera_node-7] [31m[ERROR] [1790708613.923570869] [camera.camera]: parameter 'enable_depth' has invalid type: cannot undeclare an statically typed parameter[0m
[astra_camera_node-7] [31m[ERROR] [1790708613.923581399] [camera.camera]: parameter 'enable_ir' has invalid type: cannot undeclare an statically typed parameter[0m
[astra_camera_node-7] [31m[ERROR] [1790708613.923592072] [camera.camera]: parameter 'enable_point_cloud' has invalid type: cannot undeclare an statically typed parameter[0m
[astra_camera_node-7] [31m[ERROR] [1790708613.923602797] [camera.camera]: parameter 'enable_publish_extrinsic' has invalid type: cannot undeclare an statically typed parameter[0m
[astra_camera_node-7] [31m[ERROR] [1790708613.923613461] [camera.camera]: parameter 'ir_camera_info_qos' has invalid type: cannot undeclare an statically typed parameter[0m
[astra_camera_node-7] [31m[ERROR] [1790708613.923624035] [camera.camera]: parameter 'ir_fps' has invalid type: cannot undeclare an statically typed parameter[0m
[astra_camera_node-7] [31m[ERROR] [1790708613.923634393] [camera.camera]: parameter 'ir_frame_id' has invalid type: cannot undeclare an statically typed parameter[0m
[astra_camera_node-7] [31m[ERROR] [1790708613.923644761] [camera.camera]: parameter 'ir_height' has invalid type: cannot undeclare an statically typed parameter[0m
[astra_camera_node-7] [31m[ERROR] [1790708613.923655642] [camera.camera]: parameter 'ir_info_url' has invalid type: cannot undeclare an statically typed parameter[0m
[astra_camera_node-7] [31m[ERROR] [1790708613.923666305] [camera.camera]: parameter 'ir_optical_frame_id' has invalid type: cannot undeclare an statically typed parameter[0m
[astra_camera_node-7] [31m[ERROR] [1790708613.923676990] [camera.camera]: parameter 'ir_qos' has invalid type: cannot undeclare an statically typed parameter[0m
[astra_camera_node-7] [31m[ERROR] [1790708613.923687450] [camera.camera]: parameter 'ir_width' has invalid type: cannot undeclare an statically typed parameter[0m
[astra_camera_node-7] [31m[ERROR] [1790708613.923697907] [camera.camera]: parameter 'point_cloud_qos' has invalid type: cannot undeclare an statically typed parameter[0m
[astra_camera_node-7] [31m[ERROR] [1790708613.923708433] [camera.camera]: parameter 'publish_tf' has invalid type: cannot undeclare an statically typed parameter[0m
[astra_camera_node-7] [31m[ERROR] [1790708613.923719567] [camera.camera]: parameter 'rgb_info_qos_profile' has invalid type: cannot undeclare an statically typed parameter[0m
[astra_camera_node-7] [31m[ERROR] [1790708613.923730182] [camera.camera]: parameter 'rgb_qos_profile' has invalid type: cannot undeclare an statically typed parameter[0m
[astra_camera_node-7] [31m[ERROR] [1790708613.923804819] [camera.camera]: parameter 'tf_publish_rate' has invalid type: cannot undeclare an statically typed parameter[0m
[astra_camera_node-7] [31m[ERROR] [1790708613.923912552] [camera.camera]: parameter 'uvc_camera_format' has invalid type: cannot undeclare an statically typed parameter[0m
[astra_camera_node-7] [31m[ERROR] [1790708613.923930248] [camera.camera]: parameter 'uvc_product_id' has invalid type: cannot undeclare an statically typed parameter[0m
[astra_camera_node-7] [31m[ERROR] [1790708613.923941490] [camera.camera]: parameter 'uvc_retry_count' has invalid type: cannot undeclare an statically typed parameter[0m
[astra_camera_node-7] [31m[ERROR] [1790708613.923952020] [camera.camera]: parameter 'uvc_vendor_id' has invalid type: cannot undeclare an statically typed parameter[0m
[astra_camera_node-7] Warning: USB events thread - failed to set priority. This might cause loss of data...
[INFO] [astra_camera_node-7]: process has finished cleanly [pid 50657]
