[INFO] [1790705921.936870163] [camera_to_base_node]: STARTUP: READY: Waiting for one capture and its detections.
[INFO] [1790705932.927298046] [camera_to_base_node]: SELECTION: SUCCESS: Highest-confidence detection; passing box centre to projection.
[INFO] [1790705932.999257931] [camera_to_base_node]: TRANSFORM: SUCCESS: Camera optical point projected onto the known plane, then transformed into the arm base (metres).
[INFO] [1790705933.001063623] [camera_to_base_node]: POSE: SUCCESS: Published /computer_vision/fruit_pose; passing pose to MoveIt IK.
[INFO] [1790705933.096194417] [camera_to_base_node]: IK_REQUEST: STARTED: Requesting joint angles only; no trajectory execution.
[INFO] [1790705935.193887599] [camera_to_base_node]: IK_RESULT: RETRY: NO_IK_SOLUTION (-31) with this wrist orientation; relaxing it and retrying (2 of 40).
[INFO] [1790705935.295663514] [camera_to_base_node]: IK_REQUEST: STARTED: Requesting joint angles only; no trajectory execution.
[INFO] [1790705937.394164335] [camera_to_base_node]: IK_RESULT: RETRY: NO_IK_SOLUTION (-31) with this wrist orientation; relaxing it and retrying (3 of 40).
[INFO] [1790705937.496143138] [camera_to_base_node]: IK_REQUEST: STARTED: Requesting joint angles only; no trajectory execution.
[INFO] [1790705939.593972658] [camera_to_base_node]: IK_RESULT: RETRY: NO_IK_SOLUTION (-31) with this wrist orientation; relaxing it and retrying (4 of 40).
[INFO] [1790705939.695606930] [camera_to_base_node]: IK_REQUEST: STARTED: Requesting joint angles only; no trajectory execution.
[INFO] [1790705941.794098201] [camera_to_base_node]: IK_RESULT: RETRY: NO_IK_SOLUTION (-31) with this wrist orientation; relaxing it and retrying (5 of 40).
[INFO] [1790705941.895611349] [camera_to_base_node]: IK_REQUEST: STARTED: Requesting joint angles only; no trajectory execution.
[INFO] [1790705943.992381950] [camera_to_base_node]: IK_RESULT: RETRY: NO_IK_SOLUTION (-31) with this wrist orientation; relaxing it and retrying (6 of 40).
[INFO] [1790705944.093406191] [camera_to_base_node]: IK_REQUEST: STARTED: Requesting joint angles only; no trajectory execution.
[INFO] [1790705946.193909453] [camera_to_base_node]: IK_RESULT: RETRY: NO_IK_SOLUTION (-31) with this wrist orientation; relaxing it and retrying (7 of 40).
[INFO] [1790705946.295561352] [camera_to_base_node]: IK_REQUEST: STARTED: Requesting joint angles only; no trajectory execution.
[INFO] [1790705948.394260557] [camera_to_base_node]: IK_RESULT: RETRY: NO_IK_SOLUTION (-31) with this wrist orientation; relaxing it and retrying (8 of 40).
[INFO] [1790705948.495945701] [camera_to_base_node]: IK_REQUEST: STARTED: Requesting joint angles only; no trajectory execution.
[INFO] [1790705950.592455113] [camera_to_base_node]: IK_RESULT: RETRY: NO_IK_SOLUTION (-31) with this wrist orientation; relaxing it and retrying (9 of 40).
[INFO] [1790705950.694074967] [camera_to_base_node]: IK_REQUEST: STARTED: Requesting joint angles only; no trajectory execution.
[INFO] [1790705952.792603858] [camera_to_base_node]: IK_RESULT: RETRY: NO_IK_SOLUTION (-31) with this wrist orientation; relaxing it and retrying (10 of 40).
[INFO] [1790705952.893351507] [camera_to_base_node]: IK_REQUEST: STARTED: Requesting joint angles only; no trajectory execution.
[INFO] [1790705954.994009059] [camera_to_base_node]: IK_RESULT: RETRY: NO_IK_SOLUTION (-31) with this wrist orientation; relaxing it and retrying (11 of 40).
[INFO] [1790705955.095945856] [camera_to_base_node]: IK_REQUEST: STARTED: Requesting joint angles only; no trajectory execution.
[INFO] [1790705957.194072303] [camera_to_base_node]: IK_RESULT: RETRY: NO_IK_SOLUTION (-31) with this wrist orientation; relaxing it and retrying (12 of 40).
[INFO] [1790705957.295823267] [camera_to_base_node]: IK_REQUEST: STARTED: Requesting joint angles only; no trajectory execution.
